05-10 14:51:04.476  1505  7541 I ActivityManager: Killing 29569:com.android.chrome:sandboxed_process0:org.chromium.content.app.SandboxedProcessService0:98/u0a89i-9000 (adj 905): isolated not needed
05-10 14:51:04.484  1505  1562 I ActivityManager: Start proc 29589:com.android.chrome:sandboxed_process0:org.chromium.content.app.SandboxedProcessService0:98/u0ai1 for  {com.android.chrome/org.chromium.content.app.SandboxedProcessService0:98}
05-10 14:51:04.498  1505  2579 I ActivityTaskManager: START u0 {act=android.intent.action.MAIN cat=[android.intent.category.LAUNCHER] flg=0x10000000 cmp=com.android.chrome/org.chromium.chrome.browser.bookmarks.BookmarkAddEditFolderActivity} from uid 2000 pid 29595
05-10 14:51:04.498  1505  2579 W ActivityTaskManager: Permission Denial: starting Intent { act=android.intent.action.MAIN cat=[android.intent.category.LAUNCHER] flg=0x10000000 cmp=com.android.chrome/org.chromium.chrome.browser.bookmarks.BookmarkAddEditFolderActivity } from null (pid=29595, uid=2000) not exported from uid 10089
05-10 14:51:04.505  1505  1562 I ActivityManager: Start proc 29611:com.android.chrome:sandboxed_process0:org.chromium.content.app.SandboxedProcessService0:99/u0ai2 for  {com.android.chrome/org.chromium.content.app.SandboxedProcessService0:99}
05-10 14:51:04.526  1505  2579 I ActivityManager: Killing 29611:com.android.chrome:sandboxed_process0:org.chromium.content.app.SandboxedProcessService0:99/u0a89i-8998 (adj 905): isolated not needed
05-10 14:51:04.528  1505  1562 I ActivityManager: Start proc 29631:com.android.chrome:sandboxed_process0:org.chromium.content.app.SandboxedProcessService0:99/u0ai3 for  {com.android.chrome/org.chromium.content.app.SandboxedProcessService0:99}
05-10 14:51:04.542  1505  7541 I ActivityTaskManager: START u0 {act=android.intent.action.MAIN cat=[android.intent.category.LAUNCHER] flg=0x10000000 cmp=com.android.chrome/org.chromium.chrome.browser.bookmarks.BookmarkFolderSelectActivity} from uid 2000 pid 29638
05-10 14:51:04.542  1505  7541 W ActivityTaskManager: Permission Denial: starting Intent { act=android.intent.action.MAIN cat=[android.intent.category.LAUNCHER] flg=0x10000000 cmp=com.android.chrome/org.chromium.chrome.browser.bookmarks.BookmarkFolderSelectActivity } from null (pid=29638, uid=2000) not exported from uid 10089
05-10 14:51:04.574  1505  2579 I ActivityTaskManager: START u0 {act=android.intent.action.MAIN cat=[android.intent.category.LAUNCHER] flg=0x10000000 cmp=com.android.chrome/org.chromium.chrome.browser.download.DownloadActivity} from uid 2000 pid 29657
05-10 14:51:04.574  1505  2579 W ActivityTaskManager: Permission Denial: starting Intent { act=android.intent.action.MAIN cat=[android.intent.category.LAUNCHER] flg=0x10000000 cmp=com.android.chrome/org.chromium.chrome.browser.download.DownloadActivity } from null (pid=29657, uid=2000) not exported from uid 10089
05-10 14:51:04.613  1505  2579 I ActivityTaskManager: START u0 {act=android.intent.action.MAIN cat=[android.intent.category.LAUNCHER] flg=0x10000000 cmp=com.android.chrome/org.chromium.chrome.browser.history.HistoryActivity} from uid 2000 pid 29678
05-10 14:51:04.613  1505  2579 W ActivityTaskManager: Permission Denial: starting Intent { act=android.intent.action.MAIN cat=[android.intent.category.LAUNCHER] flg=0x10000000 cmp=com.android.chrome/org.chromium.chrome.browser.history.HistoryActivity } from null (pid=29678, uid=2000) not exported from uid 10089
05-10 14:51:04.643  1505  2579 I ActivityTaskManager: START u0 {act=android.intent.action.MAIN cat=[android.intent.category.LAUNCHER] flg=0x10000000 cmp=com.android.chrome/org.chromium.chrome.browser.webapps.WebappActivity} from uid 2000 pid 29683
05-10 14:51:04.643  1505  2579 W ActivityTaskManager: Permission Denial: starting Intent { act=android.intent.action.MAIN cat=[android.intent.category.LAUNCHER] flg=0x10000000 cmp=com.android.chrome/org.chromium.chrome.browser.webapps.WebappActivity } from null (pid=29683, uid=2000) not exported from uid 10089
05-10 14:51:04.673  1505  2579 I ActivityTaskManager: START u0 {act=android.intent.action.MAIN cat=[android.intent.category.LAUNCHER] flg=0x10000000 cmp=com.android.chrome/org.chromium.chrome.browser.webapps.WebappActivity0} from uid 2000 pid 29688
05-10 14:51:04.673  1505  2579 W ActivityTaskManager: Permission Denial: starting Intent { act=android.intent.action.MAIN cat=[android.intent.category.LAUNCHER] flg=0x10000000 cmp=com.android.chrome/org.chromium.chrome.browser.webapps.WebappActivity0 } from null (pid=29688, uid=2000) not exported from uid 10089
05-10 14:51:04.702  1505  2582 I ActivityTaskManager: START u0 {act=android.intent.action.MAIN cat=[android.intent.category.LAUNCHER] flg=0x10000000 cmp=com.android.chrome/org.chromium.chrome.browser.webapps.WebappActivity1} from uid 2000 pid 29693
05-10 14:51:04.702  1505  2582 W ActivityTaskManager: Permission Denial: starting Intent { act=android.intent.action.MAIN cat=[android.intent.category.LAUNCHER] flg=0x10000000 cmp=com.android.chrome/org.chromium.chrome.browser.webapps.WebappActivity1 } from null (pid=29693, uid=2000) not exported from uid 10089
05-10 14:51:04.730  1505  2582 I ActivityTaskManager: START u0 {act=android.intent.action.MAIN cat=[android.intent.category.LAUNCHER] flg=0x10000000 cmp=com.android.chrome/org.chromium.chrome.browser.webapps.WebappActivity2} from uid 2000 pid 29698
05-10 14:51:04.730  1505  2582 W ActivityTaskManager: Permission Denial: starting Intent { act=android.intent.action.MAIN cat=[android.intent.category.LAUNCHER] flg=0x10000000 cmp=com.android.chrome/org.chromium.chrome.browser.webapps.WebappActivity2 } from null (pid=29698, uid=2000) not exported from uid 10089
05-10 14:51:04.759  1505  2582 I ActivityTaskManager: START u0 {act=android.intent.action.MAIN cat=[android.intent.category.LAUNCHER] flg=0x10000000 cmp=com.android.chrome/org.chromium.chrome.browser.webapps.WebappActivity3} from uid 2000 pid 29703
05-10 14:51:04.759  1505  2582 W ActivityTaskManager: Permission Denial: starting Intent { act=android.intent.action.MAIN cat=[android.intent.category.LAUNCHER] flg=0x10000000 cmp=com.android.chrome/org.chromium.chrome.browser.webapps.WebappActivity3 } from null (pid=29703, uid=2000) not exported from uid 10089
05-10 14:51:04.784  1505  2582 I ActivityTaskManager: START u0 {act=android.intent.action.MAIN cat=[android.intent.category.LAUNCHER] flg=0x10000000 cmp=com.android.chrome/org.chromium.chrome.browser.webapps.WebappActivity4} from uid 2000 pid 29708
05-10 14:51:04.784  1505  2582 W ActivityTaskManager: Permission Denial: starting Intent { act=android.intent.action.MAIN cat=[android.intent.category.LAUNCHER] flg=0x10000000 cmp=com.android.chrome/org.chromium.chrome.browser.webapps.WebappActivity4 } from null (pid=29708, uid=2000) not exported from uid 10089
05-10 14:51:04.814  1505  2582 I ActivityTaskManager: START u0 {act=android.intent.action.MAIN cat=[android.intent.category.LAUNCHER] flg=0x10000000 cmp=com.android.chrome/org.chromium.chrome.browser.webapps.WebappActivity5} from uid 2000 pid 29713
05-10 14:51:04.814  1505  2582 W ActivityTaskManager: Permission Denial: starting Intent { act=android.intent.action.MAIN cat=[android.intent.category.LAUNCHER] flg=0x10000000 cmp=com.android.chrome/org.chromium.chrome.browser.webapps.WebappActivity5 } from null (pid=29713, uid=2000) not exported from uid 10089
05-10 14:51:04.841  1505  2582 I ActivityTaskManager: START u0 {act=android.intent.action.MAIN cat=[android.intent.category.LAUNCHER] flg=0x10000000 cmp=com.android.chrome/org.chromium.chrome.browser.webapps.WebappActivity6} from uid 2000 pid 29718
05-10 14:51:04.842  1505  2582 W ActivityTaskManager: Permission Denial: starting Intent { act=android.intent.action.MAIN cat=[android.intent.category.LAUNCHER] flg=0x10000000 cmp=com.android.chrome/org.chromium.chrome.browser.webapps.WebappActivity6 } from null (pid=29718, uid=2000) not exported from uid 10089
05-10 14:51:04.871  1505  2582 I ActivityTaskManager: START u0 {act=android.intent.action.MAIN cat=[android.intent.category.LAUNCHER] flg=0x10000000 cmp=com.android.chrome/org.chromium.chrome.browser.webapps.WebappActivity7} from uid 2000 pid 29723
05-10 14:51:04.871  1505  2582 W ActivityTaskManager: Permission Denial: starting Intent { act=android.intent.action.MAIN cat=[android.intent.category.LAUNCHER] flg=0x10000000 cmp=com.android.chrome/org.chromium.chrome.browser.webapps.WebappActivity7 } from null (pid=29723, uid=2000) not exported from uid 10089
05-10 14:51:04.898  1505  2582 I ActivityTaskManager: START u0 {act=android.intent.action.MAIN cat=[android.intent.category.LAUNCHER] flg=0x10000000 cmp=com.android.chrome/org.chromium.chrome.browser.webapps.WebappActivity8} from uid 2000 pid 29728
05-10 14:51:04.898  1505  2582 W ActivityTaskManager: Permission Denial: starting Intent { act=android.intent.action.MAIN cat=[android.intent.category.LAUNCHER] flg=0x10000000 cmp=com.android.chrome/org.chromium.chrome.browser.webapps.WebappActivity8 } from null (pid=29728, uid=2000) not exported from uid 10089
05-10 14:51:04.922  1505  2582 I ActivityTaskManager: START u0 {act=android.intent.action.MAIN cat=[android.intent.category.LAUNCHER] flg=0x10000000 cmp=com.android.chrome/org.chromium.chrome.browser.webapps.WebappActivity9} from uid 2000 pid 29733
05-10 14:51:04.922  1505  2582 W ActivityTaskManager: Permission Denial: starting Intent { act=android.intent.action.MAIN cat=[android.intent.category.LAUNCHER] flg=0x10000000 cmp=com.android.chrome/org.chromium.chrome.browser.webapps.WebappActivity9 } from null (pid=29733, uid=2000) not exported from uid 10089
05-10 14:51:04.949  1505  2582 I ActivityTaskManager: START u0 {act=android.intent.action.MAIN cat=[android.intent.category.LAUNCHER] flg=0x10000000 cmp=com.android.chrome/org.chromium.chrome.browser.webapps.SameTaskWebApkActivity} from uid 2000 pid 29738
05-10 14:51:04.949  1505  2582 W ActivityTaskManager: Permission Denial: starting Intent { act=android.intent.action.MAIN cat=[android.intent.category.LAUNCHER] flg=0x10000000 cmp=com.android.chrome/org.chromium.chrome.browser.webapps.SameTaskWebApkActivity } from null (pid=29738, uid=2000) not exported from uid 10089
05-10 14:51:04.979  1505  2582 I ActivityTaskManager: START u0 {act=android.intent.action.MAIN cat=[android.intent.category.LAUNCHER] flg=0x10000000 cmp=com.android.chrome/org.chromium.chrome.browser.webapps.WebApkActivity} from uid 2000 pid 29743
05-10 14:51:04.979  1505  2582 W ActivityTaskManager: Permission Denial: starting Intent { act=android.intent.action.MAIN cat=[android.intent.category.LAUNCHER] flg=0x10000000 cmp=com.android.chrome/org.chromium.chrome.browser.webapps.WebApkActivity } from null (pid=29743, uid=2000) not exported from uid 10089
05-10 14:51:05.007  1505  2582 I ActivityTaskManager: START u0 {act=android.intent.action.MAIN cat=[android.intent.category.LAUNCHER] flg=0x10000000 cmp=com.android.chrome/org.chromium.chrome.browser.webapps.WebApkActivity0} from uid 2000 pid 29748
05-10 14:51:05.007  1505  2582 W ActivityTaskManager: Permission Denial: starting Intent { act=android.intent.action.MAIN cat=[android.intent.category.LAUNCHER] flg=0x10000000 cmp=com.android.chrome/org.chromium.chrome.browser.webapps.WebApkActivity0 } from null (pid=29748, uid=2000) not exported from uid 10089
05-10 14:51:05.036  1505  2582 I ActivityTaskManager: START u0 {act=android.intent.action.MAIN cat=[android.intent.category.LAUNCHER] flg=0x10000000 cmp=com.android.chrome/org.chromium.chrome.browser.webapps.WebApkActivity1} from uid 2000 pid 29753
05-10 14:51:05.036  1505  2582 W ActivityTaskManager: Permission Denial: starting Intent { act=android.intent.action.MAIN cat=[android.intent.category.LAUNCHER] flg=0x10000000 cmp=com.android.chrome/org.chromium.chrome.browser.webapps.WebApkActivity1 } from null (pid=29753, uid=2000) not exported from uid 10089
05-10 14:51:05.063  1505  2582 I ActivityTaskManager: START u0 {act=android.intent.action.MAIN cat=[android.intent.category.LAUNCHER] flg=0x10000000 cmp=com.android.chrome/org.chromium.chrome.browser.webapps.WebApkActivity2} from uid 2000 pid 29758
05-10 14:51:05.064  1505  2582 W ActivityTaskManager: Permission Denial: starting Intent { act=android.intent.action.MAIN cat=[android.intent.category.LAUNCHER] flg=0x10000000 cmp=com.android.chrome/org.chromium.chrome.browser.webapps.WebApkActivity2 } from null (pid=29758, uid=2000) not exported from uid 10089
05-10 14:51:05.089  1505  2582 I ActivityTaskManager: START u0 {act=android.intent.action.MAIN cat=[android.intent.category.LAUNCHER] flg=0x10000000 cmp=com.android.chrome/org.chromium.chrome.browser.webapps.WebApkActivity3} from uid 2000 pid 29763
05-10 14:51:05.089  1505  2582 W ActivityTaskManager: Permission Denial: starting Intent { act=android.intent.action.MAIN cat=[android.intent.category.LAUNCHER] flg=0x10000000 cmp=com.android.chrome/org.chromium.chrome.browser.webapps.WebApkActivity3 } from null (pid=29763, uid=2000) not exported from uid 10089
05-10 14:51:05.119  1505  2582 I ActivityTaskManager: START u0 {act=android.intent.action.MAIN cat=[android.intent.category.LAUNCHER] flg=0x10000000 cmp=com.android.chrome/org.chromium.chrome.browser.webapps.WebApkActivity4} from uid 2000 pid 29768
05-10 14:51:05.119  1505  2582 W ActivityTaskManager: Permission Denial: starting Intent { act=android.intent.action.MAIN cat=[android.intent.category.LAUNCHER] flg=0x10000000 cmp=com.android.chrome/org.chromium.chrome.browser.webapps.WebApkActivity4 } from null (pid=29768, uid=2000) not exported from uid 10089
05-10 14:51:05.145  1505  2582 I ActivityTaskManager: START u0 {act=android.intent.action.MAIN cat=[android.intent.category.LAUNCHER] flg=0x10000000 cmp=com.android.chrome/org.chromium.chrome.browser.webapps.WebApkActivity5} from uid 2000 pid 29773
05-10 14:51:05.145  1505  2582 W ActivityTaskManager: Permission Denial: starting Intent { act=android.intent.action.MAIN cat=[android.intent.category.LAUNCHER] flg=0x10000000 cmp=com.android.chrome/org.chromium.chrome.browser.webapps.WebApkActivity5 } from null (pid=29773, uid=2000) not exported from uid 10089
05-10 14:51:05.171  1505  2582 I ActivityTaskManager: START u0 {act=android.intent.action.MAIN cat=[android.intent.category.LAUNCHER] flg=0x10000000 cmp=com.android.chrome/org.chromium.chrome.browser.webapps.WebApkActivity6} from uid 2000 pid 29778
05-10 14:51:05.171  1505  2582 W ActivityTaskManager: Permission Denial: starting Intent { act=android.intent.action.MAIN cat=[android.intent.category.LAUNCHER] flg=0x10000000 cmp=com.android.chrome/org.chromium.chrome.browser.webapps.WebApkActivity6 } from null (pid=29778, uid=2000) not exported from uid 10089
05-10 14:51:05.201  1505  2582 I ActivityTaskManager: START u0 {act=android.intent.action.MAIN cat=[android.intent.category.LAUNCHER] flg=0x10000000 cmp=com.android.chrome/org.chromium.chrome.browser.webapps.WebApkActivity7} from uid 2000 pid 29783
05-10 14:51:05.201  1505  2582 W ActivityTaskManager: Permission Denial: starting Intent { act=android.intent.action.MAIN cat=[android.intent.category.LAUNCHER] flg=0x10000000 cmp=com.android.chrome/org.chromium.chrome.browser.webapps.WebApkActivity7 } from null (pid=29783, uid=2000) not exported from uid 10089
05-10 14:51:05.229  1505  2582 I ActivityTaskManager: START u0 {act=android.intent.action.MAIN cat=[android.intent.category.LAUNCHER] flg=0x10000000 cmp=com.android.chrome/org.chromium.chrome.browser.webapps.WebApkActivity8} from uid 2000 pid 29788
05-10 14:51:05.229  1505  2582 W ActivityTaskManager: Permission Denial: starting Intent { act=android.intent.action.MAIN cat=[android.intent.category.LAUNCHER] flg=0x10000000 cmp=com.android.chrome/org.chromium.chrome.browser.webapps.WebApkActivity8 } from null (pid=29788, uid=2000) not exported from uid 10089
05-10 14:51:05.258  1505  2582 I ActivityTaskManager: START u0 {act=android.intent.action.MAIN cat=[android.intent.category.LAUNCHER] flg=0x10000000 cmp=com.android.chrome/org.chromium.chrome.browser.webapps.WebApkActivity9} from uid 2000 pid 29793
05-10 14:51:05.258  1505  2582 W ActivityTaskManager: Permission Denial: starting Intent { act=android.intent.action.MAIN cat=[android.intent.category.LAUNCHER] flg=0x10000000 cmp=com.android.chrome/org.chromium.chrome.browser.webapps.WebApkActivity9 } from null (pid=29793, uid=2000) not exported from uid 10089
05-10 14:51:05.284  1505  2582 I ActivityTaskManager: START u0 {act=android.intent.action.MAIN cat=[android.intent.category.LAUNCHER] flg=0x10000000 cmp=com.android.chrome/org.chromium.chrome.browser.BrowserRestartActivity} from uid 2000 pid 29798
05-10 14:51:05.284  1505  2582 W ActivityTaskManager: Permission Denial: starting Intent { act=android.intent.action.MAIN cat=[android.intent.category.LAUNCHER] flg=0x10000000 cmp=com.android.chrome/org.chromium.chrome.browser.BrowserRestartActivity } from null (pid=29798, uid=2000) not exported from uid 10089
05-10 14:51:05.315  1505  2582 I ActivityTaskManager: START u0 {act=android.intent.action.MAIN cat=[android.intent.category.LAUNCHER] flg=0x10000000 cmp=com.android.chrome/org.chromium.chrome.browser.instantapps.AuthenticatedProxyActivity} from uid 2000 pid 29803
05-10 14:51:05.315  1505  2582 W ActivityTaskManager: Permission Denial: starting Intent { act=android.intent.action.MAIN cat=[android.intent.category.LAUNCHER] flg=0x10000000 cmp=com.android.chrome/org.chromium.chrome.browser.instantapps.AuthenticatedProxyActivity } from null (pid=29803, uid=2000) not exported from uid 10089
05-10 14:51:05.344  1505  2582 I ActivityTaskManager: START u0 {act=android.intent.action.MAIN cat=[android.intent.category.LAUNCHER] flg=0x10000000 cmp=com.android.chrome/org.chromium.chrome.browser.vr.VrCancelAnimationActivity} from uid 2000 pid 29808
05-10 14:51:05.344  1505  2582 W ActivityTaskManager: Permission Denial: starting Intent { act=android.intent.action.MAIN cat=[android.intent.category.LAUNCHER] flg=0x10000000 cmp=com.android.chrome/org.chromium.chrome.browser.vr.VrCancelAnimationActivity } from null (pid=29808, uid=2000) not exported from uid 10089
05-10 14:51:05.373  1505  2582 I ActivityTaskManager: START u0 {act=android.intent.action.MAIN cat=[android.intent.category.LAUNCHER] flg=0x10000000 cmp=com.android.chrome/org.chromium.chrome.browser.browserservices.ClearDataDialogActivity} from uid 2000 pid 29813
05-10 14:51:05.373  1505  2582 W ActivityTaskManager: Permission Denial: starting Intent { act=android.intent.action.MAIN cat=[android.intent.category.LAUNCHER] flg=0x10000000 cmp=com.android.chrome/org.chromium.chrome.browser.browserservices.ClearDataDialogActivity } from null (pid=29813, uid=2000) not exported from uid 10089
05-10 14:51:05.400  1505  2582 I ActivityTaskManager: START u0 {act=android.intent.action.MAIN cat=[android.intent.category.LAUNCHER] flg=0x10000000 cmp=com.android.chrome/org.chromium.chrome.browser.searchwidget.SearchActivity} from uid 2000 pid 29818
05-10 14:51:05.400  1505  2582 W ActivityTaskManager: Permission Denial: starting Intent { act=android.intent.action.MAIN cat=[android.intent.category.LAUNCHER] flg=0x10000000 cmp=com.android.chrome/org.chromium.chrome.browser.searchwidget.SearchActivity } from null (pid=29818, uid=2000) not exported from uid 10089
05-10 14:51:05.431  1505  2582 I ActivityTaskManager: START u0 {act=android.intent.action.MAIN cat=[android.intent.category.LAUNCHER] flg=0x10000000 cmp=com.android.chrome/com.google.android.gms.common.api.GoogleApiActivity} from uid 2000 pid 29823
05-10 14:51:05.431  1505  2582 W ActivityTaskManager: Permission Denial: starting Intent { act=android.intent.action.MAIN cat=[android.intent.category.LAUNCHER] flg=0x10000000 cmp=com.android.chrome/com.google.android.gms.common.api.GoogleApiActivity } from null (pid=29823, uid=2000) not exported from uid 10089
05-10 14:51:05.460  1505  2582 I ActivityTaskManager: START u0 {act=android.intent.action.MAIN cat=[android.intent.category.LAUNCHER] flg=0x10000000 cmp=com.android.chrome/com.google.android.libraries.hats20.SurveyPromptActivity} from uid 2000 pid 29828
05-10 14:51:05.460  1505  2582 W ActivityTaskManager: Permission Denial: starting Intent { act=android.intent.action.MAIN cat=[android.intent.category.LAUNCHER] flg=0x10000000 cmp=com.android.chrome/com.google.android.libraries.hats20.SurveyPromptActivity } from null (pid=29828, uid=2000) not exported from uid 10089
05-10 14:51:05.618  1505  1561 W BroadcastQueue: Permission Denial: broadcasting Intent { flg=0x400010 cmp=com.android.chrome/com.google.android.gms.gcm.GcmReceiver } from null (pid=29838, uid=2000) requires com.google.android.c2dm.permission.SEND due to receiver com.android.chrome/com.google.android.gms.gcm.GcmReceiver
05-10 14:51:05.650  1505  1561 W BroadcastQueue: Permission Denial: broadcasting Intent { flg=0x400010 cmp=com.android.chrome/com.google.android.apps.chrome.icing.AppIndexingUpdateReceiver } from null (pid=29843, uid=2000) requires com.google.android.gms.permission.APPINDEXING due to receiver com.android.chrome/com.google.android.apps.chrome.icing.AppIndexingUpdateReceiver
05-10 14:51:05.679  1505  1561 W BroadcastQueue: Permission Denial: broadcasting Intent { flg=0x400010 cmp=com.android.chrome/com.google.android.apps.chrome.search_engines.SearchEngineChoiceNotificationReceiver } from null (pid=29848, uid=2000) requires com.android.chrome.permission.SHOW_COMPLIANCE_SCREEN due to receiver com.android.chrome/com.google.android.apps.chrome.search_engines.SearchEngineChoiceNotificationReceiver
05-10 14:51:22.043  1505  1561 W BroadcastQueue: Permission Denial: broadcasting Intent { flg=0x400010 cmp=com.android.chrome/com.google.android.apps.chrome.icing.AppIndexingUpdateReceiver } from null (pid=29869, uid=2000) requires com.google.android.gms.permission.APPINDEXING due to receiver com.android.chrome/com.google.android.apps.chrome.icing.AppIndexingUpdateReceiver
05-10 14:52:27.432  1505 30087 D KeyValueBackupTask: Starting key-value backup of com.android.chrome
05-10 14:52:27.434  1505 30087 D BackupManagerService: awaiting agent for ApplicationInfo{cb7f1b6 com.android.chrome}
05-10 14:52:27.437  1505  3730 D BackupManagerService: agentConnected pkg=com.android.chrome agent=android.os.BinderProxy@ebb8eb7
05-10 14:52:27.437  1505 30087 D KeyValueBackupTask: Invoking agent on com.android.chrome
05-10 14:55:25.086  1505  6838 D OpQuickReply: setQuickReplyResumed focusedApp AppWindowToken{1e3b193 token=Token{c89a682 ActivityRecord{a91adcd u0 com.android.chrome/org.chromium.chrome.browser.ChromeTabbedActivity t63854}}} pkgName com.android.chrome
05-10 14:55:25.115  1505  1555 D Foreground_io: TOP_APP is ProcessRecord{df4c1b0 10352:com.android.chrome/u0a89} uid is 10089
05-10 14:55:26.561  1505  1555 D OpRestartProcessManager: updateSelf :  com.android.chrome, size : 30
05-10 14:55:26.561  1505  2409 D OpQuickReply: setQuickReplyResumed focusedApp AppWindowToken{1e3b193 token=Token{c89a682 ActivityRecord{a91adcd u0 com.android.chrome/org.chromium.chrome.browser.ChromeTabbedActivity t63854}}} pkgName com.android.chrome
05-10 14:55:27.262  1505  1561 W BroadcastQueue: Background execution not allowed: receiving Intent { act=android.intent.action.USER_PRESENT flg=0x24200010 } to com.android.chrome/org.chromium.chrome.browser.sharing.click_to_call.ClickToCallMessageHandler$PhoneUnlockedReceiver
05-10 14:55:29.526  1505  2409 I ActivityManager: Killing 29589:com.android.chrome:sandboxed_process0:org.chromium.content.app.SandboxedProcessService0:98/u0a89i-8999 (adj 0): isolated not needed
05-10 14:55:29.542  1505  3724 I ActivityManager: Killing 29631:com.android.chrome:sandboxed_process0:org.chromium.content.app.SandboxedProcessService0:99/u0a89i-8997 (adj 0): isolated not needed
05-10 14:57:08.292  1505  2417 I ActivityTaskManager: START u0 {act=android.intent.action.MAIN cat=[android.intent.category.LAUNCHER] flg=0x10000000 cmp=com.android.chrome/org.chromium.chrome.browser.media.MediaLauncherActivity} from uid 2000 pid 32361
05-10 14:57:08.330  1505  2417 I ActivityTaskManager: START u0 {act=android.intent.action.MAIN cat=[android.intent.category.LAUNCHER] flg=0x10000000 cmp=com.android.chrome/org.chromium.chrome.browser.incognito.IncognitoTabLauncher} from uid 2000 pid 32366
05-10 14:57:08.340  1505  1555 D OpRestartProcessManager: updateSelf :  com.android.chrome, size : 30
05-10 14:57:08.342  1505  1968 D OpQuickReply: setQuickReplyResumed focusedApp AppWindowToken{87f6b72 token=Token{fc0b07d ActivityRecord{5d506d4 u0 com.android.chrome/org.chromium.chrome.browser.incognito.IncognitoTabLauncher t63856}}} pkgName com.android.chrome
05-10 14:57:08.344  1505  2417 D Foreground_io: TOP_APP is ProcessRecord{df4c1b0 10352:com.android.chrome/u0a89} uid is 10089
05-10 14:57:08.369  1505  2409 I ActivityTaskManager: START u0 {act=android.intent.action.VIEW dat=chrome-native://newtab/ pkg=com.android.chrome cmp=com.android.chrome/org.chromium.chrome.browser.document.ChromeLauncherActivity (has extras)} from uid 10089 pid 10352
05-10 14:57:08.371  1505  1555 D OpRestartProcessManager: Duration is too short, ignore : 31 in com.android.chrome
05-10 14:57:08.374  1505  1968 I ActivityTaskManager: START u0 {act=android.intent.action.MAIN cat=[android.intent.category.LAUNCHER] flg=0x10000000 cmp=com.android.chrome/org.chromium.chrome.browser.ChromeTabbedActivity} from uid 2000 pid 32379
05-10 14:57:08.390  1505  8134 D OpQuickReply: setQuickReplyResumed focusedApp AppWindowToken{f247f34 token=Token{a1ab046 ActivityRecord{ab8a67a u0 com.android.chrome/org.chromium.chrome.browser.ChromeTabbedActivity t63857}}} pkgName com.android.chrome
05-10 14:57:08.392  1505  1555 D OpRestartProcessManager: updateSelf :  com.android.chrome, size : 30
05-10 14:57:08.422  1505  2409 I ActivityTaskManager: START u0 {act=android.intent.action.MAIN cat=[android.intent.category.LAUNCHER] flg=0x10000000 cmp=com.android.chrome/org.chromium.chrome.browser.printing.PrintShareActivity} from uid 2000 pid 32394
05-10 14:57:08.469  1505  1968 I ActivityTaskManager: START u0 {act=android.intent.action.MAIN cat=[android.intent.category.LAUNCHER] flg=0x10000000 cmp=com.android.chrome/org.chromium.chrome.browser.send_tab_to_self.SendTabToSelfShareActivity} from uid 2000 pid 32401
05-10 14:57:08.511  1505  1968 I ActivityTaskManager: START u0 {act=android.intent.action.MAIN cat=[android.intent.category.LAUNCHER] flg=0x10000000 cmp=com.android.chrome/org.chromium.chrome.browser.browseractions.BrowserActionActivity} from uid 2000 pid 32420
05-10 14:57:08.556  1505  2409 I ActivityTaskManager: START u0 {act=android.intent.action.MAIN cat=[android.intent.category.LAUNCHER] flg=0x10000000 cmp=com.android.chrome/org.chromium.chrome.browser.browserservices.ManageTrustedWebActivityDataActivity} from uid 2000 pid 32425
05-10 14:57:08.558  1505  1555 D OpRestartProcessManager: Duration is too short, ignore : 166 in com.android.chrome
05-10 14:57:08.572  1505  1555 D OpRestartProcessManager: updateSelf :  com.android.chrome, size : 30
05-10 14:57:08.574  1505  2409 D OpQuickReply: setQuickReplyResumed focusedApp AppWindowToken{af54b42 token=Token{a05ed8d ActivityRecord{2c3ce24 u0 com.android.chrome/org.chromium.chrome.browser.browserservices.ManageTrustedWebActivityDataActivity t63857}}} pkgName com.android.chrome
05-10 14:57:08.582  1505  2409 W ActivityTaskManager: Duplicate finish request for ActivityRecord{2c3ce24 u0 com.android.chrome/org.chromium.chrome.browser.browserservices.ManageTrustedWebActivityDataActivity t63857 f}
05-10 14:57:08.583  1505  1555 D OpRestartProcessManager: Duration is too short, ignore : 8 in com.android.chrome
05-10 14:57:08.591  1505  1555 D OpRestartProcessManager: updateSelf :  com.android.chrome, size : 30
05-10 14:57:08.591  1505  2409 D OpQuickReply: setQuickReplyResumed focusedApp AppWindowToken{f247f34 token=Token{a1ab046 ActivityRecord{ab8a67a u0 com.android.chrome/org.chromium.chrome.browser.ChromeTabbedActivity t63857}}} pkgName com.android.chrome
05-10 14:57:08.605  1505  7541 I ActivityTaskManager: START u0 {act=android.intent.action.MAIN cat=[android.intent.category.LAUNCHER] flg=0x10000000 cmp=com.android.chrome/org.chromium.chrome.browser.LauncherShortcutActivity} from uid 2000 pid 32433
05-10 14:57:08.606  1505  7541 W ActivityTaskManager: Permission Denial: starting Intent { act=android.intent.action.MAIN cat=[android.intent.category.LAUNCHER] flg=0x10000000 cmp=com.android.chrome/org.chromium.chrome.browser.LauncherShortcutActivity } from null (pid=32433, uid=2000) not exported from uid 10089
05-10 14:57:08.643  1505  2409 I ActivityTaskManager: START u0 {act=android.intent.action.MAIN cat=[android.intent.category.LAUNCHER] flg=0x10000000 cmp=com.android.chrome/org.chromium.chrome.browser.document.DocumentActivity} from uid 2000 pid 32438
05-10 14:57:08.673  1505  7541 I ActivityTaskManager: START u0 {act=android.intent.action.MAIN cat=[android.intent.category.LAUNCHER] flg=0x10000000 cmp=com.android.chrome/org.chromium.chrome.browser.document.IncognitoDocumentActivity} from uid 2000 pid 32443
05-10 14:57:08.700  1505  1968 I ActivityTaskManager: START u0 {act=android.intent.action.MAIN cat=[android.intent.category.LAUNCHER] flg=0x10000000 cmp=com.android.chrome/org.chromium.chrome.browser.customtabs.CustomTabActivity} from uid 2000 pid 32448
05-10 14:57:08.701  1505  1968 W ActivityTaskManager: Permission Denial: starting Intent { act=android.intent.action.MAIN cat=[android.intent.category.LAUNCHER] flg=0x10000000 cmp=com.android.chrome/org.chromium.chrome.browser.customtabs.CustomTabActivity } from null (pid=32448, uid=2000) not exported from uid 10089
05-10 14:57:08.740  1505  2409 I ActivityTaskManager: START u0 {act=android.intent.action.MAIN cat=[android.intent.category.LAUNCHER] flg=0x10000000 cmp=com.android.chrome/org.chromium.chrome.browser.customtabs.PaymentHandlerActivity} from uid 2000 pid 32455
05-10 14:57:08.740  1505  2409 W ActivityTaskManager: Permission Denial: starting Intent { act=android.intent.action.MAIN cat=[android.intent.category.LAUNCHER] flg=0x10000000 cmp=com.android.chrome/org.chromium.chrome.browser.customtabs.PaymentHandlerActivity } from null (pid=32455, uid=2000) not exported from uid 10089
05-10 14:57:08.768  1505  7541 I ActivityTaskManager: START u0 {act=android.intent.action.MAIN cat=[android.intent.category.LAUNCHER] flg=0x10000000 cmp=com.android.chrome/org.chromium.chrome.browser.customtabs.SeparateTaskCustomTabActivity} from uid 2000 pid 32466
05-10 14:57:08.768  1505  7541 W ActivityTaskManager: Permission Denial: starting Intent { act=android.intent.action.MAIN cat=[android.intent.category.LAUNCHER] flg=0x10000000 cmp=com.android.chrome/org.chromium.chrome.browser.customtabs.SeparateTaskCustomTabActivity } from null (pid=32466, uid=2000) not exported from uid 10089
05-10 14:57:08.800  1505  7541 I ActivityTaskManager: START u0 {act=android.intent.action.MAIN cat=[android.intent.category.LAUNCHER] flg=0x10000000 cmp=com.android.chrome/org.chromium.chrome.browser.incognito.IncognitoDisclosureActivity} from uid 2000 pid 32471
05-10 14:57:08.829  1505  7541 I ActivityTaskManager: START u0 {act=android.intent.action.MAIN cat=[android.intent.category.LAUNCHER] flg=0x10000000 cmp=com.android.chrome/org.chromium.chrome.browser.ChromeTabbedActivity2} from uid 2000 pid 32476
05-10 14:57:08.829  1505  7541 W ActivityTaskManager: Permission Denial: starting Intent { act=android.intent.action.MAIN cat=[android.intent.category.LAUNCHER] flg=0x10000000 cmp=com.android.chrome/org.chromium.chrome.browser.ChromeTabbedActivity2 } from null (pid=32476, uid=2000) not exported from uid 10089
05-10 14:57:08.859  1505  7541 I ActivityTaskManager: START u0 {act=android.intent.action.MAIN cat=[android.intent.category.LAUNCHER] flg=0x10000000 cmp=com.android.chrome/org.chromium.chrome.browser.multiwindow.MultiInstanceChromeTabbedActivity} from uid 2000 pid 32481
05-10 14:57:08.859  1505  7541 W ActivityTaskManager: Permission Denial: starting Intent { act=android.intent.action.MAIN cat=[android.intent.category.LAUNCHER] flg=0x10000000 cmp=com.android.chrome/org.chromium.chrome.browser.multiwindow.MultiInstanceChromeTabbedActivity } from null (pid=32481, uid=2000) not exported from uid 10089
05-10 14:57:08.887  1505  7541 I ActivityTaskManager: START u0 {act=android.intent.action.MAIN cat=[android.intent.category.LAUNCHER] flg=0x10000000 cmp=com.android.chrome/org.chromium.chrome.browser.vr.VrFirstRunActivity} from uid 2000 pid 32486
05-10 14:57:08.887  1505  7541 W ActivityTaskManager: Permission Denial: starting Intent { act=android.intent.action.MAIN cat=[android.intent.category.LAUNCHER] flg=0x10000000 cmp=com.android.chrome/org.chromium.chrome.browser.vr.VrFirstRunActivity } from null (pid=32486, uid=2000) not exported from uid 10089
05-10 14:57:08.918  1505  7541 I ActivityTaskManager: START u0 {act=android.intent.action.MAIN cat=[android.intent.category.LAUNCHER] flg=0x10000000 cmp=com.android.chrome/org.chromium.chrome.browser.signin.SigninActivity} from uid 2000 pid 32491
05-10 14:57:08.918  1505  7541 W ActivityTaskManager: Permission Denial: starting Intent { act=android.intent.action.MAIN cat=[android.intent.category.LAUNCHER] flg=0x10000000 cmp=com.android.chrome/org.chromium.chrome.browser.signin.SigninActivity } from null (pid=32491, uid=2000) not exported from uid 10089
05-10 14:57:08.951  1505  7541 I ActivityTaskManager: START u0 {act=android.intent.action.MAIN cat=[android.intent.category.LAUNCHER] flg=0x10000000 cmp=com.android.chrome/org.chromium.chrome.browser.preferences.Preferences} from uid 2000 pid 32496
05-10 14:57:08.978  1505  7541 I ActivityTaskManager: START u0 {act=android.intent.action.MAIN cat=[android.intent.category.LAUNCHER] flg=0x10000000 cmp=com.android.chrome/org.chromium.chrome.browser.preferences.website.ManageSpaceActivity} from uid 2000 pid 32501
05-10 14:57:09.005  1505  7541 I ActivityTaskManager: START u0 {act=android.intent.action.MAIN cat=[android.intent.category.LAUNCHER] flg=0x10000000 cmp=com.android.chrome/org.chromium.chrome.browser.bookmarks.BookmarkActivity} from uid 2000 pid 32506
05-10 14:57:09.006  1505  7541 W ActivityTaskManager: Permission Denial: starting Intent { act=android.intent.action.MAIN cat=[android.intent.category.LAUNCHER] flg=0x10000000 cmp=com.android.chrome/org.chromium.chrome.browser.bookmarks.BookmarkActivity } from null (pid=32506, uid=2000) not exported from uid 10089
05-10 14:57:09.038  1505  1562 I ActivityManager: Start proc 32512:com.android.chrome:sandboxed_process0:org.chromium.content.app.SandboxedProcessService0:100/u0ai0 for  {com.android.chrome/org.chromium.content.app.SandboxedProcessService0:100}
05-10 14:57:09.043  1505  7541 I ActivityTaskManager: START u0 {act=android.intent.action.MAIN cat=[android.intent.category.LAUNCHER] flg=0x10000000 cmp=com.android.chrome/org.chromium.chrome.browser.bookmarks.BookmarkEditActivity} from uid 2000 pid 32511
05-10 14:57:09.043  1505  7541 W ActivityTaskManager: Permission Denial: starting Intent { act=android.intent.action.MAIN cat=[android.intent.category.LAUNCHER] flg=0x10000000 cmp=com.android.chrome/org.chromium.chrome.browser.bookmarks.BookmarkEditActivity } from null (pid=32511, uid=2000) not exported from uid 10089
05-10 14:57:09.052  1505  7541 I ActivityManager: Killing 32512:com.android.chrome:sandboxed_process0:org.chromium.content.app.SandboxedProcessService0:100/u0a89i-9000 (adj 905): isolated not needed
05-10 14:57:09.056  1505  1562 I ActivityManager: Start proc 32532:com.android.chrome:sandboxed_process0:org.chromium.content.app.SandboxedProcessService0:100/u0ai1 for  {com.android.chrome/org.chromium.content.app.SandboxedProcessService0:100}
05-10 14:57:09.077  1505  7541 I ActivityTaskManager: START u0 {act=android.intent.action.MAIN cat=[android.intent.category.LAUNCHER] flg=0x10000000 cmp=com.android.chrome/org.chromium.chrome.browser.bookmarks.BookmarkAddEditFolderActivity} from uid 2000 pid 32552
05-10 14:57:09.077  1505  7541 W ActivityTaskManager: Permission Denial: starting Intent { act=android.intent.action.MAIN cat=[android.intent.category.LAUNCHER] flg=0x10000000 cmp=com.android.chrome/org.chromium.chrome.browser.bookmarks.BookmarkAddEditFolderActivity } from null (pid=32552, uid=2000) not exported from uid 10089
05-10 14:57:09.108  1505  2417 I ActivityTaskManager: START u0 {act=android.intent.action.MAIN cat=[android.intent.category.LAUNCHER] flg=0x10000000 cmp=com.android.chrome/org.chromium.chrome.browser.bookmarks.BookmarkFolderSelectActivity} from uid 2000 pid 32559
05-10 14:57:09.109  1505  2417 W ActivityTaskManager: Permission Denial: starting Intent { act=android.intent.action.MAIN cat=[android.intent.category.LAUNCHER] flg=0x10000000 cmp=com.android.chrome/org.chromium.chrome.browser.bookmarks.BookmarkFolderSelectActivity } from null (pid=32559, uid=2000) not exported from uid 10089
05-10 14:57:09.144  1505  2417 I ActivityTaskManager: START u0 {act=android.intent.action.MAIN cat=[android.intent.category.LAUNCHER] flg=0x10000000 cmp=com.android.chrome/org.chromium.chrome.browser.download.DownloadActivity} from uid 2000 pid 32572
05-10 14:57:09.145  1505  2417 W ActivityTaskManager: Permission Denial: starting Intent { act=android.intent.action.MAIN cat=[android.intent.category.LAUNCHER] flg=0x10000000 cmp=com.android.chrome/org.chromium.chrome.browser.download.DownloadActivity } from null (pid=32572, uid=2000) not exported from uid 10089
05-10 14:57:09.173  1505  2417 I ActivityTaskManager: START u0 {act=android.intent.action.MAIN cat=[android.intent.category.LAUNCHER] flg=0x10000000 cmp=com.android.chrome/org.chromium.chrome.browser.history.HistoryActivity} from uid 2000 pid 32577
05-10 14:57:09.173  1505  2417 W ActivityTaskManager: Permission Denial: starting Intent { act=android.intent.action.MAIN cat=[android.intent.category.LAUNCHER] flg=0x10000000 cmp=com.android.chrome/org.chromium.chrome.browser.history.HistoryActivity } from null (pid=32577, uid=2000) not exported from uid 10089
05-10 14:57:09.203  1505  2417 I ActivityTaskManager: START u0 {act=android.intent.action.MAIN cat=[android.intent.category.LAUNCHER] flg=0x10000000 cmp=com.android.chrome/org.chromium.chrome.browser.webapps.WebappActivity} from uid 2000 pid 32582
05-10 14:57:09.203  1505  2417 W ActivityTaskManager: Permission Denial: starting Intent { act=android.intent.action.MAIN cat=[android.intent.category.LAUNCHER] flg=0x10000000 cmp=com.android.chrome/org.chromium.chrome.browser.webapps.WebappActivity } from null (pid=32582, uid=2000) not exported from uid 10089
05-10 14:57:09.240  1505  7541 I ActivityTaskManager: START u0 {act=android.intent.action.MAIN cat=[android.intent.category.LAUNCHER] flg=0x10000000 cmp=com.android.chrome/org.chromium.chrome.browser.webapps.WebappActivity0} from uid 2000 pid 32588
05-10 14:57:09.240  1505  7541 W ActivityTaskManager: Permission Denial: starting Intent { act=android.intent.action.MAIN cat=[android.intent.category.LAUNCHER] flg=0x10000000 cmp=com.android.chrome/org.chromium.chrome.browser.webapps.WebappActivity0 } from null (pid=32588, uid=2000) not exported from uid 10089
05-10 14:57:09.272  1505  1562 I ActivityManager: Start proc 32593:com.android.chrome:sandboxed_process0:org.chromium.content.app.SandboxedProcessService0:101/u0ai2 for  {com.android.chrome/org.chromium.content.app.SandboxedProcessService0:101}
05-10 14:57:09.290  1505  8134 I ActivityManager: Killing 32593:com.android.chrome:sandboxed_process0:org.chromium.content.app.SandboxedProcessService0:101/u0a89i-8998 (adj 905): isolated not needed
05-10 14:57:09.293  1505  1562 I ActivityManager: Start proc 32612:com.android.chrome:sandboxed_process0:org.chromium.content.app.SandboxedProcessService0:101/u0ai3 for  {com.android.chrome/org.chromium.content.app.SandboxedProcessService0:101}
05-10 14:57:09.296  1505  8134 I ActivityTaskManager: START u0 {act=android.intent.action.MAIN cat=[android.intent.category.LAUNCHER] flg=0x10000000 cmp=com.android.chrome/org.chromium.chrome.browser.webapps.WebappActivity1} from uid 2000 pid 32602
05-10 14:57:09.297  1505  8134 W ActivityTaskManager: Permission Denial: starting Intent { act=android.intent.action.MAIN cat=[android.intent.category.LAUNCHER] flg=0x10000000 cmp=com.android.chrome/org.chromium.chrome.browser.webapps.WebappActivity1 } from null (pid=32602, uid=2000) not exported from uid 10089
05-10 14:57:09.339  1505  7541 I ActivityTaskManager: START u0 {act=android.intent.action.MAIN cat=[android.intent.category.LAUNCHER] flg=0x10000000 cmp=com.android.chrome/org.chromium.chrome.browser.webapps.WebappActivity2} from uid 2000 pid 32635
05-10 14:57:09.340  1505  7541 W ActivityTaskManager: Permission Denial: starting Intent { act=android.intent.action.MAIN cat=[android.intent.category.LAUNCHER] flg=0x10000000 cmp=com.android.chrome/org.chromium.chrome.browser.webapps.WebappActivity2 } from null (pid=32635, uid=2000) not exported from uid 10089
05-10 14:57:09.382  1505  8134 I ActivityTaskManager: START u0 {act=android.intent.action.MAIN cat=[android.intent.category.LAUNCHER] flg=0x10000000 cmp=com.android.chrome/org.chromium.chrome.browser.webapps.WebappActivity3} from uid 2000 pid 32643
05-10 14:57:09.382  1505  8134 W ActivityTaskManager: Permission Denial: starting Intent { act=android.intent.action.MAIN cat=[android.intent.category.LAUNCHER] flg=0x10000000 cmp=com.android.chrome/org.chromium.chrome.browser.webapps.WebappActivity3 } from null (pid=32643, uid=2000) not exported from uid 10089
05-10 14:57:09.415  1505  8134 I ActivityTaskManager: START u0 {act=android.intent.action.MAIN cat=[android.intent.category.LAUNCHER] flg=0x10000000 cmp=com.android.chrome/org.chromium.chrome.browser.webapps.WebappActivity4} from uid 2000 pid 32654
05-10 14:57:09.416  1505  8134 W ActivityTaskManager: Permission Denial: starting Intent { act=android.intent.action.MAIN cat=[android.intent.category.LAUNCHER] flg=0x10000000 cmp=com.android.chrome/org.chromium.chrome.browser.webapps.WebappActivity4 } from null (pid=32654, uid=2000) not exported from uid 10089
05-10 14:57:09.454  1505  8134 I ActivityTaskManager: START u0 {act=android.intent.action.MAIN cat=[android.intent.category.LAUNCHER] flg=0x10000000 cmp=com.android.chrome/org.chromium.chrome.browser.webapps.WebappActivity5} from uid 2000 pid 32659
05-10 14:57:09.454  1505  8134 W ActivityTaskManager: Permission Denial: starting Intent { act=android.intent.action.MAIN cat=[android.intent.category.LAUNCHER] flg=0x10000000 cmp=com.android.chrome/org.chromium.chrome.browser.webapps.WebappActivity5 } from null (pid=32659, uid=2000) not exported from uid 10089
05-10 14:57:09.510  1505  8134 I ActivityTaskManager: START u0 {act=android.intent.action.MAIN cat=[android.intent.category.LAUNCHER] flg=0x10000000 cmp=com.android.chrome/org.chromium.chrome.browser.webapps.WebappActivity6} from uid 2000 pid 32664
05-10 14:57:09.510  1505  8134 W ActivityTaskManager: Permission Denial: starting Intent { act=android.intent.action.MAIN cat=[android.intent.category.LAUNCHER] flg=0x10000000 cmp=com.android.chrome/org.chromium.chrome.browser.webapps.WebappActivity6 } from null (pid=32664, uid=2000) not exported from uid 10089
05-10 14:57:09.558  1505  7541 I ActivityTaskManager: START u0 {act=android.intent.action.MAIN cat=[android.intent.category.LAUNCHER] flg=0x10000000 cmp=com.android.chrome/org.chromium.chrome.browser.webapps.WebappActivity7} from uid 2000 pid 32669
05-10 14:57:09.558  1505  7541 W ActivityTaskManager: Permission Denial: starting Intent { act=android.intent.action.MAIN cat=[android.intent.category.LAUNCHER] flg=0x10000000 cmp=com.android.chrome/org.chromium.chrome.browser.webapps.WebappActivity7 } from null (pid=32669, uid=2000) not exported from uid 10089
05-10 14:57:09.595  1505  1968 I ActivityTaskManager: START u0 {act=android.intent.action.MAIN cat=[android.intent.category.LAUNCHER] flg=0x10000000 cmp=com.android.chrome/org.chromium.chrome.browser.webapps.WebappActivity8} from uid 2000 pid 32674
05-10 14:57:09.595  1505  1968 W ActivityTaskManager: Permission Denial: starting Intent { act=android.intent.action.MAIN cat=[android.intent.category.LAUNCHER] flg=0x10000000 cmp=com.android.chrome/org.chromium.chrome.browser.webapps.WebappActivity8 } from null (pid=32674, uid=2000) not exported from uid 10089
05-10 14:57:09.630  1505  1968 I ActivityTaskManager: START u0 {act=android.intent.action.MAIN cat=[android.intent.category.LAUNCHER] flg=0x10000000 cmp=com.android.chrome/org.chromium.chrome.browser.webapps.WebappActivity9} from uid 2000 pid 32680
05-10 14:57:09.630  1505  1968 W ActivityTaskManager: Permission Denial: starting Intent { act=android.intent.action.MAIN cat=[android.intent.category.LAUNCHER] flg=0x10000000 cmp=com.android.chrome/org.chromium.chrome.browser.webapps.WebappActivity9 } from null (pid=32680, uid=2000) not exported from uid 10089
05-10 14:57:09.661  1505  2417 I ActivityTaskManager: START u0 {act=android.intent.action.MAIN cat=[android.intent.category.LAUNCHER] flg=0x10000000 cmp=com.android.chrome/org.chromium.chrome.browser.webapps.SameTaskWebApkActivity} from uid 2000 pid 32685
05-10 14:57:09.661  1505  2417 W ActivityTaskManager: Permission Denial: starting Intent { act=android.intent.action.MAIN cat=[android.intent.category.LAUNCHER] flg=0x10000000 cmp=com.android.chrome/org.chromium.chrome.browser.webapps.SameTaskWebApkActivity } from null (pid=32685, uid=2000) not exported from uid 10089
05-10 14:57:09.692  1505  1968 I ActivityTaskManager: START u0 {act=android.intent.action.MAIN cat=[android.intent.category.LAUNCHER] flg=0x10000000 cmp=com.android.chrome/org.chromium.chrome.browser.webapps.WebApkActivity} from uid 2000 pid 32690
05-10 14:57:09.692  1505  1968 W ActivityTaskManager: Permission Denial: starting Intent { act=android.intent.action.MAIN cat=[android.intent.category.LAUNCHER] flg=0x10000000 cmp=com.android.chrome/org.chromium.chrome.browser.webapps.WebApkActivity } from null (pid=32690, uid=2000) not exported from uid 10089
05-10 14:57:09.723  1505  1968 I ActivityTaskManager: START u0 {act=android.intent.action.MAIN cat=[android.intent.category.LAUNCHER] flg=0x10000000 cmp=com.android.chrome/org.chromium.chrome.browser.webapps.WebApkActivity0} from uid 2000 pid 32695
05-10 14:57:09.728  1505  1968 W ActivityTaskManager: Permission Denial: starting Intent { act=android.intent.action.MAIN cat=[android.intent.category.LAUNCHER] flg=0x10000000 cmp=com.android.chrome/org.chromium.chrome.browser.webapps.WebApkActivity0 } from null (pid=32695, uid=2000) not exported from uid 10089
05-10 14:57:09.770  1505  2417 I ActivityTaskManager: START u0 {act=android.intent.action.MAIN cat=[android.intent.category.LAUNCHER] flg=0x10000000 cmp=com.android.chrome/org.chromium.chrome.browser.webapps.WebApkActivity1} from uid 2000 pid 32700
05-10 14:57:09.770  1505  2417 W ActivityTaskManager: Permission Denial: starting Intent { act=android.intent.action.MAIN cat=[android.intent.category.LAUNCHER] flg=0x10000000 cmp=com.android.chrome/org.chromium.chrome.browser.webapps.WebApkActivity1 } from null (pid=32700, uid=2000) not exported from uid 10089
05-10 14:57:09.801  1505  2417 I ActivityTaskManager: START u0 {act=android.intent.action.MAIN cat=[android.intent.category.LAUNCHER] flg=0x10000000 cmp=com.android.chrome/org.chromium.chrome.browser.webapps.WebApkActivity2} from uid 2000 pid 32705
05-10 14:57:09.802  1505  2417 W ActivityTaskManager: Permission Denial: starting Intent { act=android.intent.action.MAIN cat=[android.intent.category.LAUNCHER] flg=0x10000000 cmp=com.android.chrome/org.chromium.chrome.browser.webapps.WebApkActivity2 } from null (pid=32705, uid=2000) not exported from uid 10089
05-10 14:57:09.838  1505  2417 I ActivityTaskManager: START u0 {act=android.intent.action.MAIN cat=[android.intent.category.LAUNCHER] flg=0x10000000 cmp=com.android.chrome/org.chromium.chrome.browser.webapps.WebApkActivity3} from uid 2000 pid 32710
05-10 14:57:09.838  1505  2417 W ActivityTaskManager: Permission Denial: starting Intent { act=android.intent.action.MAIN cat=[android.intent.category.LAUNCHER] flg=0x10000000 cmp=com.android.chrome/org.chromium.chrome.browser.webapps.WebApkActivity3 } from null (pid=32710, uid=2000) not exported from uid 10089
05-10 14:57:09.867  1505  1968 I ActivityManager: Killing 32532:com.android.chrome:sandboxed_process0:org.chromium.content.app.SandboxedProcessService0:100/u0a89i-8999 (adj 0): isolated not needed
05-10 14:57:09.892  1505  6781 I ActivityTaskManager: START u0 {act=android.intent.action.MAIN cat=[android.intent.category.LAUNCHER] flg=0x10000000 cmp=com.android.chrome/org.chromium.chrome.browser.webapps.WebApkActivity4} from uid 2000 pid 32718
05-10 14:57:09.892  1505  6781 W ActivityTaskManager: Permission Denial: starting Intent { act=android.intent.action.MAIN cat=[android.intent.category.LAUNCHER] flg=0x10000000 cmp=com.android.chrome/org.chromium.chrome.browser.webapps.WebApkActivity4 } from null (pid=32718, uid=2000) not exported from uid 10089
05-10 14:57:09.924  1505  1968 I ActivityTaskManager: START u0 {act=android.intent.action.MAIN cat=[android.intent.category.LAUNCHER] flg=0x10000000 cmp=com.android.chrome/org.chromium.chrome.browser.webapps.WebApkActivity5} from uid 2000 pid 32723
05-10 14:57:09.924  1505  1968 W ActivityTaskManager: Permission Denial: starting Intent { act=android.intent.action.MAIN cat=[android.intent.category.LAUNCHER] flg=0x10000000 cmp=com.android.chrome/org.chromium.chrome.browser.webapps.WebApkActivity5 } from null (pid=32723, uid=2000) not exported from uid 10089
05-10 14:57:09.963  1505  1968 I ActivityTaskManager: START u0 {act=android.intent.action.MAIN cat=[android.intent.category.LAUNCHER] flg=0x10000000 cmp=com.android.chrome/org.chromium.chrome.browser.webapps.WebApkActivity6} from uid 2000 pid 32728
