05-10 15:31:49.647  1505  1562 I ActivityManager: Start proc 14209:com.android.chrome:sandboxed_process0:org.chromium.content.app.SandboxedProcessService0:111/u0ai3 for  {com.android.chrome/org.chromium.content.app.SandboxedProcessService0:111}
05-10 15:31:49.660  1505  6838 I ActivityManager: Killing 14197:com.android.chrome:sandboxed_process0:org.chromium.content.app.SandboxedProcessService0:111/u0a89i-8998 (adj 905): isolated not needed
05-10 15:31:50.012  1505  2579 I ActivityTaskManager: START u0 {act=android.intent.action.MAIN cat=[android.intent.category.LAUNCHER] flg=0x10000000 cmp=com.android.chrome/org.chromium.chrome.browser.ChromeTabbedActivity} from uid 2000 pid 14244
05-10 15:31:50.014  1505  2579 D OpQuickReply: setQuickReplyResumed focusedApp AppWindowToken{5899fc5 token=Token{cca863c ActivityRecord{af3b02f u0 com.android.chrome/org.chromium.chrome.browser.ChromeTabbedActivity t63865}}} pkgName com.android.chrome
05-10 15:31:50.628  1505  2417 I ActivityTaskManager: START u0 {act=android.intent.action.MAIN cat=[android.intent.category.LAUNCHER] flg=0x10000000 cmp=com.android.chrome/org.chromium.chrome.browser.printing.PrintShareActivity} from uid 2000 pid 14249
05-10 15:31:51.215  1505  2417 I ActivityTaskManager: START u0 {act=android.intent.action.MAIN cat=[android.intent.category.LAUNCHER] flg=0x10000000 cmp=com.android.chrome/org.chromium.chrome.browser.send_tab_to_self.SendTabToSelfShareActivity} from uid 2000 pid 14254
05-10 15:31:51.655  1505  1555 W WindowManager: Force clearing orientation change: Window{5fda621 u0 com.android.chrome/org.chromium.chrome.browser.ChromeTabbedActivity}
05-10 15:31:51.829  1505  2417 I ActivityTaskManager: START u0 {act=android.intent.action.MAIN cat=[android.intent.category.LAUNCHER] flg=0x10000000 cmp=com.android.chrome/org.chromium.chrome.browser.browseractions.BrowserActionActivity} from uid 2000 pid 14259
05-10 15:31:52.419  1505  2417 I ActivityTaskManager: START u0 {act=android.intent.action.MAIN cat=[android.intent.category.LAUNCHER] flg=0x10000000 cmp=com.android.chrome/org.chromium.chrome.browser.browserservices.ManageTrustedWebActivityDataActivity} from uid 2000 pid 14264
05-10 15:31:52.428  1505  2417 D OpQuickReply: setQuickReplyResumed focusedApp AppWindowToken{38ec3cc token=Token{7f329ff ActivityRecord{23b4d1e u0 com.android.chrome/org.chromium.chrome.browser.browserservices.ManageTrustedWebActivityDataActivity t63865}}} pkgName com.android.chrome
05-10 15:31:52.451  1505  6838 W ActivityTaskManager: Duplicate finish request for ActivityRecord{23b4d1e u0 com.android.chrome/org.chromium.chrome.browser.browserservices.ManageTrustedWebActivityDataActivity t63865 f}
05-10 15:31:52.463  1505  6838 D OpQuickReply: setQuickReplyResumed focusedApp AppWindowToken{5899fc5 token=Token{cca863c ActivityRecord{af3b02f u0 com.android.chrome/org.chromium.chrome.browser.ChromeTabbedActivity t63865}}} pkgName com.android.chrome
05-10 15:31:53.039  1505  2579 I ActivityTaskManager: START u0 {act=android.intent.action.MAIN cat=[android.intent.category.LAUNCHER] flg=0x10000000 cmp=com.android.chrome/org.chromium.chrome.browser.LauncherShortcutActivity} from uid 2000 pid 14272
05-10 15:31:53.039  1505  2579 W ActivityTaskManager: Permission Denial: starting Intent { act=android.intent.action.MAIN cat=[android.intent.category.LAUNCHER] flg=0x10000000 cmp=com.android.chrome/org.chromium.chrome.browser.LauncherShortcutActivity } from null (pid=14272, uid=2000) not exported from uid 10089
05-10 15:31:53.633  1505  2579 I ActivityTaskManager: START u0 {act=android.intent.action.MAIN cat=[android.intent.category.LAUNCHER] flg=0x10000000 cmp=com.android.chrome/org.chromium.chrome.browser.document.DocumentActivity} from uid 2000 pid 14277
05-10 15:31:54.248  1505  2579 I ActivityTaskManager: START u0 {act=android.intent.action.MAIN cat=[android.intent.category.LAUNCHER] flg=0x10000000 cmp=com.android.chrome/org.chromium.chrome.browser.document.IncognitoDocumentActivity} from uid 2000 pid 14282
05-10 15:31:54.840  1505  2579 I ActivityTaskManager: START u0 {act=android.intent.action.MAIN cat=[android.intent.category.LAUNCHER] flg=0x10000000 cmp=com.android.chrome/org.chromium.chrome.browser.customtabs.CustomTabActivity} from uid 2000 pid 14287
05-10 15:31:54.840  1505  2579 W ActivityTaskManager: Permission Denial: starting Intent { act=android.intent.action.MAIN cat=[android.intent.category.LAUNCHER] flg=0x10000000 cmp=com.android.chrome/org.chromium.chrome.browser.customtabs.CustomTabActivity } from null (pid=14287, uid=2000) not exported from uid 10089
05-10 15:31:55.433  1505  2579 I ActivityTaskManager: START u0 {act=android.intent.action.MAIN cat=[android.intent.category.LAUNCHER] flg=0x10000000 cmp=com.android.chrome/org.chromium.chrome.browser.customtabs.PaymentHandlerActivity} from uid 2000 pid 14292
05-10 15:31:55.434  1505  2579 W ActivityTaskManager: Permission Denial: starting Intent { act=android.intent.action.MAIN cat=[android.intent.category.LAUNCHER] flg=0x10000000 cmp=com.android.chrome/org.chromium.chrome.browser.customtabs.PaymentHandlerActivity } from null (pid=14292, uid=2000) not exported from uid 10089
05-10 15:31:56.027  1505  2579 I ActivityTaskManager: START u0 {act=android.intent.action.MAIN cat=[android.intent.category.LAUNCHER] flg=0x10000000 cmp=com.android.chrome/org.chromium.chrome.browser.customtabs.SeparateTaskCustomTabActivity} from uid 2000 pid 14297
05-10 15:31:56.027  1505  2579 W ActivityTaskManager: Permission Denial: starting Intent { act=android.intent.action.MAIN cat=[android.intent.category.LAUNCHER] flg=0x10000000 cmp=com.android.chrome/org.chromium.chrome.browser.customtabs.SeparateTaskCustomTabActivity } from null (pid=14297, uid=2000) not exported from uid 10089
05-10 15:31:56.613  1505  2579 I ActivityTaskManager: START u0 {act=android.intent.action.MAIN cat=[android.intent.category.LAUNCHER] flg=0x10000000 cmp=com.android.chrome/org.chromium.chrome.browser.incognito.IncognitoDisclosureActivity} from uid 2000 pid 14302
05-10 15:31:57.198  1505  2579 I ActivityTaskManager: START u0 {act=android.intent.action.MAIN cat=[android.intent.category.LAUNCHER] flg=0x10000000 cmp=com.android.chrome/org.chromium.chrome.browser.ChromeTabbedActivity2} from uid 2000 pid 14307
05-10 15:31:57.198  1505  2579 W ActivityTaskManager: Permission Denial: starting Intent { act=android.intent.action.MAIN cat=[android.intent.category.LAUNCHER] flg=0x10000000 cmp=com.android.chrome/org.chromium.chrome.browser.ChromeTabbedActivity2 } from null (pid=14307, uid=2000) not exported from uid 10089
05-10 15:31:57.800  1505  2579 I ActivityTaskManager: START u0 {act=android.intent.action.MAIN cat=[android.intent.category.LAUNCHER] flg=0x10000000 cmp=com.android.chrome/org.chromium.chrome.browser.multiwindow.MultiInstanceChromeTabbedActivity} from uid 2000 pid 14313
05-10 15:31:57.801  1505  2579 W ActivityTaskManager: Permission Denial: starting Intent { act=android.intent.action.MAIN cat=[android.intent.category.LAUNCHER] flg=0x10000000 cmp=com.android.chrome/org.chromium.chrome.browser.multiwindow.MultiInstanceChromeTabbedActivity } from null (pid=14313, uid=2000) not exported from uid 10089
05-10 15:31:58.373  1505  2579 I ActivityTaskManager: START u0 {act=android.intent.action.MAIN cat=[android.intent.category.LAUNCHER] flg=0x10000000 cmp=com.android.chrome/org.chromium.chrome.browser.vr.VrFirstRunActivity} from uid 2000 pid 14327
05-10 15:31:58.374  1505  2579 W ActivityTaskManager: Permission Denial: starting Intent { act=android.intent.action.MAIN cat=[android.intent.category.LAUNCHER] flg=0x10000000 cmp=com.android.chrome/org.chromium.chrome.browser.vr.VrFirstRunActivity } from null (pid=14327, uid=2000) not exported from uid 10089
05-10 15:31:58.968  1505  2417 I ActivityTaskManager: START u0 {act=android.intent.action.MAIN cat=[android.intent.category.LAUNCHER] flg=0x10000000 cmp=com.android.chrome/org.chromium.chrome.browser.signin.SigninActivity} from uid 2000 pid 14332
05-10 15:31:58.969  1505  2417 W ActivityTaskManager: Permission Denial: starting Intent { act=android.intent.action.MAIN cat=[android.intent.category.LAUNCHER] flg=0x10000000 cmp=com.android.chrome/org.chromium.chrome.browser.signin.SigninActivity } from null (pid=14332, uid=2000) not exported from uid 10089
05-10 15:31:59.559  1505  2417 I ActivityTaskManager: START u0 {act=android.intent.action.MAIN cat=[android.intent.category.LAUNCHER] flg=0x10000000 cmp=com.android.chrome/org.chromium.chrome.browser.preferences.Preferences} from uid 2000 pid 14337
05-10 15:32:00.154  1505  2417 I ActivityTaskManager: START u0 {act=android.intent.action.MAIN cat=[android.intent.category.LAUNCHER] flg=0x10000000 cmp=com.android.chrome/org.chromium.chrome.browser.preferences.website.ManageSpaceActivity} from uid 2000 pid 14342
05-10 15:32:00.755  1505  2417 I ActivityTaskManager: START u0 {act=android.intent.action.MAIN cat=[android.intent.category.LAUNCHER] flg=0x10000000 cmp=com.android.chrome/org.chromium.chrome.browser.bookmarks.BookmarkActivity} from uid 2000 pid 14347
05-10 15:32:00.755  1505  2417 W ActivityTaskManager: Permission Denial: starting Intent { act=android.intent.action.MAIN cat=[android.intent.category.LAUNCHER] flg=0x10000000 cmp=com.android.chrome/org.chromium.chrome.browser.bookmarks.BookmarkActivity } from null (pid=14347, uid=2000) not exported from uid 10089
05-10 15:32:01.357  1505  2417 I ActivityTaskManager: START u0 {act=android.intent.action.MAIN cat=[android.intent.category.LAUNCHER] flg=0x10000000 cmp=com.android.chrome/org.chromium.chrome.browser.bookmarks.BookmarkEditActivity} from uid 2000 pid 14352
05-10 15:32:01.357  1505  2417 W ActivityTaskManager: Permission Denial: starting Intent { act=android.intent.action.MAIN cat=[android.intent.category.LAUNCHER] flg=0x10000000 cmp=com.android.chrome/org.chromium.chrome.browser.bookmarks.BookmarkEditActivity } from null (pid=14352, uid=2000) not exported from uid 10089
05-10 15:32:01.947  1505  2417 I ActivityTaskManager: START u0 {act=android.intent.action.MAIN cat=[android.intent.category.LAUNCHER] flg=0x10000000 cmp=com.android.chrome/org.chromium.chrome.browser.bookmarks.BookmarkAddEditFolderActivity} from uid 2000 pid 14357
05-10 15:32:01.947  1505  2417 W ActivityTaskManager: Permission Denial: starting Intent { act=android.intent.action.MAIN cat=[android.intent.category.LAUNCHER] flg=0x10000000 cmp=com.android.chrome/org.chromium.chrome.browser.bookmarks.BookmarkAddEditFolderActivity } from null (pid=14357, uid=2000) not exported from uid 10089
05-10 15:32:02.538  1505  2417 I ActivityTaskManager: START u0 {act=android.intent.action.MAIN cat=[android.intent.category.LAUNCHER] flg=0x10000000 cmp=com.android.chrome/org.chromium.chrome.browser.bookmarks.BookmarkFolderSelectActivity} from uid 2000 pid 14362
05-10 15:32:02.539  1505  2417 W ActivityTaskManager: Permission Denial: starting Intent { act=android.intent.action.MAIN cat=[android.intent.category.LAUNCHER] flg=0x10000000 cmp=com.android.chrome/org.chromium.chrome.browser.bookmarks.BookmarkFolderSelectActivity } from null (pid=14362, uid=2000) not exported from uid 10089
05-10 15:32:03.150  1505  2417 I ActivityTaskManager: START u0 {act=android.intent.action.MAIN cat=[android.intent.category.LAUNCHER] flg=0x10000000 cmp=com.android.chrome/org.chromium.chrome.browser.download.DownloadActivity} from uid 2000 pid 14367
05-10 15:32:03.150  1505  2417 W ActivityTaskManager: Permission Denial: starting Intent { act=android.intent.action.MAIN cat=[android.intent.category.LAUNCHER] flg=0x10000000 cmp=com.android.chrome/org.chromium.chrome.browser.download.DownloadActivity } from null (pid=14367, uid=2000) not exported from uid 10089
05-10 15:32:03.754  1505  2417 I ActivityTaskManager: START u0 {act=android.intent.action.MAIN cat=[android.intent.category.LAUNCHER] flg=0x10000000 cmp=com.android.chrome/org.chromium.chrome.browser.history.HistoryActivity} from uid 2000 pid 14372
05-10 15:32:03.754  1505  2417 W ActivityTaskManager: Permission Denial: starting Intent { act=android.intent.action.MAIN cat=[android.intent.category.LAUNCHER] flg=0x10000000 cmp=com.android.chrome/org.chromium.chrome.browser.history.HistoryActivity } from null (pid=14372, uid=2000) not exported from uid 10089
05-10 15:32:04.368  1505  2417 I ActivityTaskManager: START u0 {act=android.intent.action.MAIN cat=[android.intent.category.LAUNCHER] flg=0x10000000 cmp=com.android.chrome/org.chromium.chrome.browser.webapps.WebappActivity} from uid 2000 pid 14377
05-10 15:32:04.368  1505  2417 W ActivityTaskManager: Permission Denial: starting Intent { act=android.intent.action.MAIN cat=[android.intent.category.LAUNCHER] flg=0x10000000 cmp=com.android.chrome/org.chromium.chrome.browser.webapps.WebappActivity } from null (pid=14377, uid=2000) not exported from uid 10089
05-10 15:32:04.959  1505  2579 I ActivityTaskManager: START u0 {act=android.intent.action.MAIN cat=[android.intent.category.LAUNCHER] flg=0x10000000 cmp=com.android.chrome/org.chromium.chrome.browser.webapps.WebappActivity0} from uid 2000 pid 14382
05-10 15:32:04.959  1505  2579 W ActivityTaskManager: Permission Denial: starting Intent { act=android.intent.action.MAIN cat=[android.intent.category.LAUNCHER] flg=0x10000000 cmp=com.android.chrome/org.chromium.chrome.browser.webapps.WebappActivity0 } from null (pid=14382, uid=2000) not exported from uid 10089
05-10 15:32:05.557  1505  2579 I ActivityTaskManager: START u0 {act=android.intent.action.MAIN cat=[android.intent.category.LAUNCHER] flg=0x10000000 cmp=com.android.chrome/org.chromium.chrome.browser.webapps.WebappActivity1} from uid 2000 pid 14387
05-10 15:32:05.557  1505  2579 W ActivityTaskManager: Permission Denial: starting Intent { act=android.intent.action.MAIN cat=[android.intent.category.LAUNCHER] flg=0x10000000 cmp=com.android.chrome/org.chromium.chrome.browser.webapps.WebappActivity1 } from null (pid=14387, uid=2000) not exported from uid 10089
05-10 15:32:06.169  1505  2579 I ActivityTaskManager: START u0 {act=android.intent.action.MAIN cat=[android.intent.category.LAUNCHER] flg=0x10000000 cmp=com.android.chrome/org.chromium.chrome.browser.webapps.WebappActivity2} from uid 2000 pid 14392
05-10 15:32:06.169  1505  2579 W ActivityTaskManager: Permission Denial: starting Intent { act=android.intent.action.MAIN cat=[android.intent.category.LAUNCHER] flg=0x10000000 cmp=com.android.chrome/org.chromium.chrome.browser.webapps.WebappActivity2 } from null (pid=14392, uid=2000) not exported from uid 10089
05-10 15:32:06.758  1505  2579 I ActivityTaskManager: START u0 {act=android.intent.action.MAIN cat=[android.intent.category.LAUNCHER] flg=0x10000000 cmp=com.android.chrome/org.chromium.chrome.browser.webapps.WebappActivity3} from uid 2000 pid 14397
05-10 15:32:06.759  1505  2579 W ActivityTaskManager: Permission Denial: starting Intent { act=android.intent.action.MAIN cat=[android.intent.category.LAUNCHER] flg=0x10000000 cmp=com.android.chrome/org.chromium.chrome.browser.webapps.WebappActivity3 } from null (pid=14397, uid=2000) not exported from uid 10089
05-10 15:32:07.369  1505  2579 I ActivityTaskManager: START u0 {act=android.intent.action.MAIN cat=[android.intent.category.LAUNCHER] flg=0x10000000 cmp=com.android.chrome/org.chromium.chrome.browser.webapps.WebappActivity4} from uid 2000 pid 14402
05-10 15:32:07.370  1505  2579 W ActivityTaskManager: Permission Denial: starting Intent { act=android.intent.action.MAIN cat=[android.intent.category.LAUNCHER] flg=0x10000000 cmp=com.android.chrome/org.chromium.chrome.browser.webapps.WebappActivity4 } from null (pid=14402, uid=2000) not exported from uid 10089
05-10 15:32:07.968  1505  2579 I ActivityTaskManager: START u0 {act=android.intent.action.MAIN cat=[android.intent.category.LAUNCHER] flg=0x10000000 cmp=com.android.chrome/org.chromium.chrome.browser.webapps.WebappActivity5} from uid 2000 pid 14407
05-10 15:32:07.969  1505  2579 W ActivityTaskManager: Permission Denial: starting Intent { act=android.intent.action.MAIN cat=[android.intent.category.LAUNCHER] flg=0x10000000 cmp=com.android.chrome/org.chromium.chrome.browser.webapps.WebappActivity5 } from null (pid=14407, uid=2000) not exported from uid 10089
05-10 15:32:08.543  1505  2579 I ActivityTaskManager: START u0 {act=android.intent.action.MAIN cat=[android.intent.category.LAUNCHER] flg=0x10000000 cmp=com.android.chrome/org.chromium.chrome.browser.webapps.WebappActivity6} from uid 2000 pid 14413
05-10 15:32:08.544  1505  2579 W ActivityTaskManager: Permission Denial: starting Intent { act=android.intent.action.MAIN cat=[android.intent.category.LAUNCHER] flg=0x10000000 cmp=com.android.chrome/org.chromium.chrome.browser.webapps.WebappActivity6 } from null (pid=14413, uid=2000) not exported from uid 10089
05-10 15:32:09.129  1505  2579 I ActivityTaskManager: START u0 {act=android.intent.action.MAIN cat=[android.intent.category.LAUNCHER] flg=0x10000000 cmp=com.android.chrome/org.chromium.chrome.browser.webapps.WebappActivity7} from uid 2000 pid 14418
05-10 15:32:09.129  1505  2579 W ActivityTaskManager: Permission Denial: starting Intent { act=android.intent.action.MAIN cat=[android.intent.category.LAUNCHER] flg=0x10000000 cmp=com.android.chrome/org.chromium.chrome.browser.webapps.WebappActivity7 } from null (pid=14418, uid=2000) not exported from uid 10089
05-10 15:32:09.705  1505  2579 I ActivityTaskManager: START u0 {act=android.intent.action.MAIN cat=[android.intent.category.LAUNCHER] flg=0x10000000 cmp=com.android.chrome/org.chromium.chrome.browser.webapps.WebappActivity8} from uid 2000 pid 14423
05-10 15:32:09.705  1505  2579 W ActivityTaskManager: Permission Denial: starting Intent { act=android.intent.action.MAIN cat=[android.intent.category.LAUNCHER] flg=0x10000000 cmp=com.android.chrome/org.chromium.chrome.browser.webapps.WebappActivity8 } from null (pid=14423, uid=2000) not exported from uid 10089
05-10 15:32:10.290  1505  2579 I ActivityTaskManager: START u0 {act=android.intent.action.MAIN cat=[android.intent.category.LAUNCHER] flg=0x10000000 cmp=com.android.chrome/org.chromium.chrome.browser.webapps.WebappActivity9} from uid 2000 pid 14428
05-10 15:32:10.290  1505  2579 W ActivityTaskManager: Permission Denial: starting Intent { act=android.intent.action.MAIN cat=[android.intent.category.LAUNCHER] flg=0x10000000 cmp=com.android.chrome/org.chromium.chrome.browser.webapps.WebappActivity9 } from null (pid=14428, uid=2000) not exported from uid 10089
05-10 15:32:10.878  1505  2579 I ActivityTaskManager: START u0 {act=android.intent.action.MAIN cat=[android.intent.category.LAUNCHER] flg=0x10000000 cmp=com.android.chrome/org.chromium.chrome.browser.webapps.SameTaskWebApkActivity} from uid 2000 pid 14433
05-10 15:32:10.878  1505  2579 W ActivityTaskManager: Permission Denial: starting Intent { act=android.intent.action.MAIN cat=[android.intent.category.LAUNCHER] flg=0x10000000 cmp=com.android.chrome/org.chromium.chrome.browser.webapps.SameTaskWebApkActivity } from null (pid=14433, uid=2000) not exported from uid 10089
05-10 15:32:11.491  1505  2579 I ActivityTaskManager: START u0 {act=android.intent.action.MAIN cat=[android.intent.category.LAUNCHER] flg=0x10000000 cmp=com.android.chrome/org.chromium.chrome.browser.webapps.WebApkActivity} from uid 2000 pid 14438
05-10 15:32:11.491  1505  2579 W ActivityTaskManager: Permission Denial: starting Intent { act=android.intent.action.MAIN cat=[android.intent.category.LAUNCHER] flg=0x10000000 cmp=com.android.chrome/org.chromium.chrome.browser.webapps.WebApkActivity } from null (pid=14438, uid=2000) not exported from uid 10089
05-10 15:32:12.079  1505  2417 I ActivityTaskManager: START u0 {act=android.intent.action.MAIN cat=[android.intent.category.LAUNCHER] flg=0x10000000 cmp=com.android.chrome/org.chromium.chrome.browser.webapps.WebApkActivity0} from uid 2000 pid 14443
05-10 15:32:12.079  1505  2417 W ActivityTaskManager: Permission Denial: starting Intent { act=android.intent.action.MAIN cat=[android.intent.category.LAUNCHER] flg=0x10000000 cmp=com.android.chrome/org.chromium.chrome.browser.webapps.WebApkActivity0 } from null (pid=14443, uid=2000) not exported from uid 10089
05-10 15:32:12.674  1505  2417 I ActivityTaskManager: START u0 {act=android.intent.action.MAIN cat=[android.intent.category.LAUNCHER] flg=0x10000000 cmp=com.android.chrome/org.chromium.chrome.browser.webapps.WebApkActivity1} from uid 2000 pid 14448
05-10 15:32:12.675  1505  2417 W ActivityTaskManager: Permission Denial: starting Intent { act=android.intent.action.MAIN cat=[android.intent.category.LAUNCHER] flg=0x10000000 cmp=com.android.chrome/org.chromium.chrome.browser.webapps.WebApkActivity1 } from null (pid=14448, uid=2000) not exported from uid 10089
05-10 15:32:13.289  1505  2417 I ActivityTaskManager: START u0 {act=android.intent.action.MAIN cat=[android.intent.category.LAUNCHER] flg=0x10000000 cmp=com.android.chrome/org.chromium.chrome.browser.webapps.WebApkActivity2} from uid 2000 pid 14454
05-10 15:32:13.289  1505  2417 W ActivityTaskManager: Permission Denial: starting Intent { act=android.intent.action.MAIN cat=[android.intent.category.LAUNCHER] flg=0x10000000 cmp=com.android.chrome/org.chromium.chrome.browser.webapps.WebApkActivity2 } from null (pid=14454, uid=2000) not exported from uid 10089
05-10 15:32:13.879  1505  2417 I ActivityTaskManager: START u0 {act=android.intent.action.MAIN cat=[android.intent.category.LAUNCHER] flg=0x10000000 cmp=com.android.chrome/org.chromium.chrome.browser.webapps.WebApkActivity3} from uid 2000 pid 14459
05-10 15:32:13.879  1505  2417 W ActivityTaskManager: Permission Denial: starting Intent { act=android.intent.action.MAIN cat=[android.intent.category.LAUNCHER] flg=0x10000000 cmp=com.android.chrome/org.chromium.chrome.browser.webapps.WebApkActivity3 } from null (pid=14459, uid=2000) not exported from uid 10089
05-10 15:32:14.490  1505  2417 I ActivityTaskManager: START u0 {act=android.intent.action.MAIN cat=[android.intent.category.LAUNCHER] flg=0x10000000 cmp=com.android.chrome/org.chromium.chrome.browser.webapps.WebApkActivity4} from uid 2000 pid 14464
05-10 15:32:14.491  1505  2417 W ActivityTaskManager: Permission Denial: starting Intent { act=android.intent.action.MAIN cat=[android.intent.category.LAUNCHER] flg=0x10000000 cmp=com.android.chrome/org.chromium.chrome.browser.webapps.WebApkActivity4 } from null (pid=14464, uid=2000) not exported from uid 10089
05-10 15:32:15.082  1505  2417 I ActivityTaskManager: START u0 {act=android.intent.action.MAIN cat=[android.intent.category.LAUNCHER] flg=0x10000000 cmp=com.android.chrome/org.chromium.chrome.browser.webapps.WebApkActivity5} from uid 2000 pid 14469
05-10 15:32:15.082  1505  2417 W ActivityTaskManager: Permission Denial: starting Intent { act=android.intent.action.MAIN cat=[android.intent.category.LAUNCHER] flg=0x10000000 cmp=com.android.chrome/org.chromium.chrome.browser.webapps.WebApkActivity5 } from null (pid=14469, uid=2000) not exported from uid 10089
05-10 15:32:15.677  1505  2417 I ActivityTaskManager: START u0 {act=android.intent.action.MAIN cat=[android.intent.category.LAUNCHER] flg=0x10000000 cmp=com.android.chrome/org.chromium.chrome.browser.webapps.WebApkActivity6} from uid 2000 pid 14474
05-10 15:32:15.677  1505  2417 W ActivityTaskManager: Permission Denial: starting Intent { act=android.intent.action.MAIN cat=[android.intent.category.LAUNCHER] flg=0x10000000 cmp=com.android.chrome/org.chromium.chrome.browser.webapps.WebApkActivity6 } from null (pid=14474, uid=2000) not exported from uid 10089
05-10 15:32:16.262  1505  2417 I ActivityTaskManager: START u0 {act=android.intent.action.MAIN cat=[android.intent.category.LAUNCHER] flg=0x10000000 cmp=com.android.chrome/org.chromium.chrome.browser.webapps.WebApkActivity7} from uid 2000 pid 14479
05-10 15:32:16.262  1505  2417 W ActivityTaskManager: Permission Denial: starting Intent { act=android.intent.action.MAIN cat=[android.intent.category.LAUNCHER] flg=0x10000000 cmp=com.android.chrome/org.chromium.chrome.browser.webapps.WebApkActivity7 } from null (pid=14479, uid=2000) not exported from uid 10089
05-10 15:32:16.871  1505  2417 I ActivityTaskManager: START u0 {act=android.intent.action.MAIN cat=[android.intent.category.LAUNCHER] flg=0x10000000 cmp=com.android.chrome/org.chromium.chrome.browser.webapps.WebApkActivity8} from uid 2000 pid 14484
05-10 15:32:16.872  1505  2417 W ActivityTaskManager: Permission Denial: starting Intent { act=android.intent.action.MAIN cat=[android.intent.category.LAUNCHER] flg=0x10000000 cmp=com.android.chrome/org.chromium.chrome.browser.webapps.WebApkActivity8 } from null (pid=14484, uid=2000) not exported from uid 10089
05-10 15:32:17.456  1505  2417 I ActivityTaskManager: START u0 {act=android.intent.action.MAIN cat=[android.intent.category.LAUNCHER] flg=0x10000000 cmp=com.android.chrome/org.chromium.chrome.browser.webapps.WebApkActivity9} from uid 2000 pid 14489
05-10 15:32:17.456  1505  2417 W ActivityTaskManager: Permission Denial: starting Intent { act=android.intent.action.MAIN cat=[android.intent.category.LAUNCHER] flg=0x10000000 cmp=com.android.chrome/org.chromium.chrome.browser.webapps.WebApkActivity9 } from null (pid=14489, uid=2000) not exported from uid 10089
05-10 15:32:18.014  1505  4835 I ActivityTaskManager: START u0 {act=android.intent.action.MAIN cat=[android.intent.category.LAUNCHER] flg=0x10000000 cmp=com.android.chrome/org.chromium.chrome.browser.BrowserRestartActivity} from uid 2000 pid 14511
05-10 15:32:18.014  1505  4835 W ActivityTaskManager: Permission Denial: starting Intent { act=android.intent.action.MAIN cat=[android.intent.category.LAUNCHER] flg=0x10000000 cmp=com.android.chrome/org.chromium.chrome.browser.BrowserRestartActivity } from null (pid=14511, uid=2000) not exported from uid 10089
05-10 15:32:18.556  1505  4835 I ActivityTaskManager: START u0 {act=android.intent.action.MAIN cat=[android.intent.category.LAUNCHER] flg=0x10000000 cmp=com.android.chrome/org.chromium.chrome.browser.instantapps.AuthenticatedProxyActivity} from uid 2000 pid 14520
05-10 15:32:18.557  1505  4835 W ActivityTaskManager: Permission Denial: starting Intent { act=android.intent.action.MAIN cat=[android.intent.category.LAUNCHER] flg=0x10000000 cmp=com.android.chrome/org.chromium.chrome.browser.instantapps.AuthenticatedProxyActivity } from null (pid=14520, uid=2000) not exported from uid 10089
05-10 15:32:19.097  1505  6838 I ActivityTaskManager: START u0 {act=android.intent.action.MAIN cat=[android.intent.category.LAUNCHER] flg=0x10000000 cmp=com.android.chrome/org.chromium.chrome.browser.vr.VrCancelAnimationActivity} from uid 2000 pid 14528
05-10 15:32:19.097  1505  6838 W ActivityTaskManager: Permission Denial: starting Intent { act=android.intent.action.MAIN cat=[android.intent.category.LAUNCHER] flg=0x10000000 cmp=com.android.chrome/org.chromium.chrome.browser.vr.VrCancelAnimationActivity } from null (pid=14528, uid=2000) not exported from uid 10089
05-10 15:32:19.216  1505  1555 D OpRestartProcessManager: updateSelf :  com.android.chrome, size : 30
05-10 15:32:19.221  1505  3724 D OpQuickReply: setQuickReplyResumed focusedApp AppWindowToken{5899fc5 token=Token{cca863c ActivityRecord{af3b02f u0 com.android.chrome/org.chromium.chrome.browser.ChromeTabbedActivity t63865}}} pkgName com.android.chrome
05-10 15:32:19.328  1505  1561 W BroadcastQueue: Background execution not allowed: receiving Intent { act=android.intent.action.USER_PRESENT flg=0x24200010 } to com.android.chrome/org.chromium.chrome.browser.sharing.click_to_call.ClickToCallMessageHandler$PhoneUnlockedReceiver
05-10 15:32:19.646  1505  3730 I ActivityTaskManager: START u0 {act=android.intent.action.MAIN cat=[android.intent.category.LAUNCHER] flg=0x10000000 cmp=com.android.chrome/org.chromium.chrome.browser.browserservices.ClearDataDialogActivity} from uid 2000 pid 14561
05-10 15:32:19.646  1505  3730 W ActivityTaskManager: Permission Denial: starting Intent { act=android.intent.action.MAIN cat=[android.intent.category.LAUNCHER] flg=0x10000000 cmp=com.android.chrome/org.chromium.chrome.browser.browserservices.ClearDataDialogActivity } from null (pid=14561, uid=2000) not exported from uid 10089
05-10 15:32:20.189  1505  3025 I ActivityTaskManager: START u0 {act=android.intent.action.MAIN cat=[android.intent.category.LAUNCHER] flg=0x10000000 cmp=com.android.chrome/org.chromium.chrome.browser.searchwidget.SearchActivity} from uid 2000 pid 14566
05-10 15:32:20.190  1505  3025 W ActivityTaskManager: Permission Denial: starting Intent { act=android.intent.action.MAIN cat=[android.intent.category.LAUNCHER] flg=0x10000000 cmp=com.android.chrome/org.chromium.chrome.browser.searchwidget.SearchActivity } from null (pid=14566, uid=2000) not exported from uid 10089
05-10 15:32:20.740  1505  3025 I ActivityTaskManager: START u0 {act=android.intent.action.MAIN cat=[android.intent.category.LAUNCHER] flg=0x10000000 cmp=com.android.chrome/com.google.android.gms.common.api.GoogleApiActivity} from uid 2000 pid 14571
05-10 15:32:20.740  1505  3025 W ActivityTaskManager: Permission Denial: starting Intent { act=android.intent.action.MAIN cat=[android.intent.category.LAUNCHER] flg=0x10000000 cmp=com.android.chrome/com.google.android.gms.common.api.GoogleApiActivity } from null (pid=14571, uid=2000) not exported from uid 10089
05-10 15:32:21.284  1505  3724 I ActivityTaskManager: START u0 {act=android.intent.action.MAIN cat=[android.intent.category.LAUNCHER] flg=0x10000000 cmp=com.android.chrome/com.google.android.libraries.hats20.SurveyPromptActivity} from uid 2000 pid 14587
05-10 15:32:21.285  1505  3724 W ActivityTaskManager: Permission Denial: starting Intent { act=android.intent.action.MAIN cat=[android.intent.category.LAUNCHER] flg=0x10000000 cmp=com.android.chrome/com.google.android.libraries.hats20.SurveyPromptActivity } from null (pid=14587, uid=2000) not exported from uid 10089
05-10 15:32:22.179  1505  1523 I ActivityManager: Killing 13874:com.android.chrome:sandboxed_process0:org.chromium.content.app.SandboxedProcessService0:110/u0a89i-8999 (adj 0): isolated not needed
05-10 15:32:22.194  1505  2016 I ActivityManager: Killing 14209:com.android.chrome:sandboxed_process0:org.chromium.content.app.SandboxedProcessService0:111/u0a89i-8997 (adj 0): isolated not needed
05-10 15:35:27.157  1505  2579 I ActivityTaskManager: START u0 {act=android.intent.action.MAIN cat=[android.intent.category.LAUNCHER] flg=0x10000000 cmp=com.android.chrome/org.chromium.chrome.browser.media.MediaLauncherActivity} from uid 2000 pid 14760
05-10 15:35:27.239  1505  2579 I ActivityTaskManager: START u0 {act=android.intent.action.MAIN cat=[android.intent.category.LAUNCHER] flg=0x10000000 cmp=com.android.chrome/org.chromium.chrome.browser.incognito.IncognitoTabLauncher} from uid 2000 pid 14765
05-10 15:35:27.256  1505  2579 D OpQuickReply: setQuickReplyResumed focusedApp AppWindowToken{a1ea0fc token=Token{6707def ActivityRecord{e2abace u0 com.android.chrome/org.chromium.chrome.browser.incognito.IncognitoTabLauncher t63867}}} pkgName com.android.chrome
05-10 15:35:27.264  1505  1555 D Foreground_io: TOP_APP is ProcessRecord{df4c1b0 10352:com.android.chrome/u0a89} uid is 10089
05-10 15:35:27.303  1505  2579 I ActivityTaskManager: START u0 {act=android.intent.action.VIEW dat=chrome-native://newtab/ pkg=com.android.chrome cmp=com.android.chrome/org.chromium.chrome.browser.document.ChromeLauncherActivity (has extras)} from uid 10089 pid 10352
05-10 15:35:27.320  1505  6838 D OpQuickReply: setQuickReplyResumed focusedApp AppWindowToken{9eb2632 token=Token{86f9e3d ActivityRecord{6d81394 u0 com.android.chrome/org.chromium.chrome.browser.document.ChromeLauncherActivity t63867}}} pkgName com.android.chrome
05-10 15:35:27.331  1505  3728 I ActivityTaskManager: START u0 {act=android.intent.action.VIEW dat=chrome-native://newtab/ flg=0x14002000 pkg=com.android.chrome cmp=com.android.chrome/org.chromium.chrome.browser.ChromeTabbedActivity (has extras)} from uid 10089 pid 10352
05-10 15:35:27.340  1505  8640 I ActivityTaskManager: START u0 {act=android.intent.action.MAIN cat=[android.intent.category.LAUNCHER] flg=0x10000000 cmp=com.android.chrome/org.chromium.chrome.browser.ChromeTabbedActivity} from uid 2000 pid 14779
05-10 15:35:27.356  1505  8861 D OpQuickReply: setQuickReplyResumed focusedApp AppWindowToken{2dc7e71 token=Token{3304418 ActivityRecord{25c8bfb u0 com.android.chrome/org.chromium.chrome.browser.ChromeTabbedActivity t63868}}} pkgName com.android.chrome
05-10 15:35:27.423  1505  6838 I ActivityTaskManager: START u0 {act=android.intent.action.MAIN cat=[android.intent.category.LAUNCHER] flg=0x10000000 cmp=com.android.chrome/org.chromium.chrome.browser.printing.PrintShareActivity} from uid 2000 pid 14804
05-10 15:35:27.519  1505  8861 I ActivityTaskManager: START u0 {act=android.intent.action.MAIN cat=[android.intent.category.LAUNCHER] flg=0x10000000 cmp=com.android.chrome/org.chromium.chrome.browser.send_tab_to_self.SendTabToSelfShareActivity} from uid 2000 pid 14820
05-10 15:35:27.587  1505  8861 I ActivityTaskManager: START u0 {act=android.intent.action.MAIN cat=[android.intent.category.LAUNCHER] flg=0x10000000 cmp=com.android.chrome/org.chromium.chrome.browser.browseractions.BrowserActionActivity} from uid 2000 pid 14825
05-10 15:35:27.658  1505  8861 I ActivityTaskManager: START u0 {act=android.intent.action.MAIN cat=[android.intent.category.LAUNCHER] flg=0x10000000 cmp=com.android.chrome/org.chromium.chrome.browser.browserservices.ManageTrustedWebActivityDataActivity} from uid 2000 pid 14831
05-10 15:35:27.664  1505  8861 D OpQuickReply: setQuickReplyResumed focusedApp AppWindowToken{db5ce3e token=Token{852eef9 ActivityRecord{67f81c0 u0 com.android.chrome/org.chromium.chrome.browser.browserservices.ManageTrustedWebActivityDataActivity t63868}}} pkgName com.android.chrome
05-10 15:35:27.691  1505  8861 W ActivityTaskManager: Duplicate finish request for ActivityRecord{67f81c0 u0 com.android.chrome/org.chromium.chrome.browser.browserservices.ManageTrustedWebActivityDataActivity t63868 f}
05-10 15:35:27.698  1505  8861 D OpQuickReply: setQuickReplyResumed focusedApp AppWindowToken{2dc7e71 token=Token{3304418 ActivityRecord{25c8bfb u0 com.android.chrome/org.chromium.chrome.browser.ChromeTabbedActivity t63868}}} pkgName com.android.chrome
05-10 15:35:27.730  1505  2579 I ActivityTaskManager: START u0 {act=android.intent.action.MAIN cat=[android.intent.category.LAUNCHER] flg=0x10000000 cmp=com.android.chrome/org.chromium.chrome.browser.LauncherShortcutActivity} from uid 2000 pid 14839
05-10 15:35:27.730  1505  2579 W ActivityTaskManager: Permission Denial: starting Intent { act=android.intent.action.MAIN cat=[android.intent.category.LAUNCHER] flg=0x10000000 cmp=com.android.chrome/org.chromium.chrome.browser.LauncherShortcutActivity } from null (pid=14839, uid=2000) not exported from uid 10089
05-10 15:35:27.804  1505  8640 I ActivityTaskManager: START u0 {act=android.intent.action.MAIN cat=[android.intent.category.LAUNCHER] flg=0x10000000 cmp=com.android.chrome/org.chromium.chrome.browser.document.DocumentActivity} from uid 2000 pid 14844
05-10 15:35:27.875  1505  8640 I ActivityTaskManager: START u0 {act=android.intent.action.MAIN cat=[android.intent.category.LAUNCHER] flg=0x10000000 cmp=com.android.chrome/org.chromium.chrome.browser.document.IncognitoDocumentActivity} from uid 2000 pid 14849
05-10 15:35:27.952  1505  8640 I ActivityTaskManager: START u0 {act=android.intent.action.MAIN cat=[android.intent.category.LAUNCHER] flg=0x10000000 cmp=com.android.chrome/org.chromium.chrome.browser.customtabs.CustomTabActivity} from uid 2000 pid 14854
05-10 15:35:27.952  1505  8640 W ActivityTaskManager: Permission Denial: starting Intent { act=android.intent.action.MAIN cat=[android.intent.category.LAUNCHER] flg=0x10000000 cmp=com.android.chrome/org.chromium.chrome.browser.customtabs.CustomTabActivity } from null (pid=14854, uid=2000) not exported from uid 10089
05-10 15:35:28.031  1505  8640 I ActivityTaskManager: START u0 {act=android.intent.action.MAIN cat=[android.intent.category.LAUNCHER] flg=0x10000000 cmp=com.android.chrome/org.chromium.chrome.browser.customtabs.PaymentHandlerActivity} from uid 2000 pid 14859
05-10 15:35:28.031  1505  8640 W ActivityTaskManager: Permission Denial: starting Intent { act=android.intent.action.MAIN cat=[android.intent.category.LAUNCHER] flg=0x10000000 cmp=com.android.chrome/org.chromium.chrome.browser.customtabs.PaymentHandlerActivity } from null (pid=14859, uid=2000) not exported from uid 10089
05-10 15:35:28.098  1505  1562 I ActivityManager: Start proc 14864:com.android.chrome:sandboxed_process0:org.chromium.content.app.SandboxedProcessService0:112/u0ai0 for  {com.android.chrome/org.chromium.content.app.SandboxedProcessService0:112}
05-10 15:35:28.127  1505  8640 I ActivityManager: Killing 14864:com.android.chrome:sandboxed_process0:org.chromium.content.app.SandboxedProcessService0:112/u0a89i-9000 (adj 905): isolated not needed
05-10 15:35:28.131  1505  2579 I ActivityTaskManager: START u0 {act=android.intent.action.MAIN cat=[android.intent.category.LAUNCHER] flg=0x10000000 cmp=com.android.chrome/org.chromium.chrome.browser.customtabs.SeparateTaskCustomTabActivity} from uid 2000 pid 14870
05-10 15:35:28.131  1505  2579 W ActivityTaskManager: Permission Denial: starting Intent { act=android.intent.action.MAIN cat=[android.intent.category.LAUNCHER] flg=0x10000000 cmp=com.android.chrome/org.chromium.chrome.browser.customtabs.SeparateTaskCustomTabActivity } from null (pid=14870, uid=2000) not exported from uid 10089
05-10 15:35:28.146  1505  1562 I ActivityManager: Start proc 14885:com.android.chrome:sandboxed_process0:org.chromium.content.app.SandboxedProcessService0:112/u0ai1 for  {com.android.chrome/org.chromium.content.app.SandboxedProcessService0:112}
05-10 15:35:28.203  1505  8640 I ActivityTaskManager: START u0 {act=android.intent.action.MAIN cat=[android.intent.category.LAUNCHER] flg=0x10000000 cmp=com.android.chrome/org.chromium.chrome.browser.incognito.IncognitoDisclosureActivity} from uid 2000 pid 14905
05-10 15:35:28.287  1505  2579 I ActivityTaskManager: START u0 {act=android.intent.action.MAIN cat=[android.intent.category.LAUNCHER] flg=0x10000000 cmp=com.android.chrome/org.chromium.chrome.browser.ChromeTabbedActivity2} from uid 2000 pid 14912
05-10 15:35:28.287  1505  2579 W ActivityTaskManager: Permission Denial: starting Intent { act=android.intent.action.MAIN cat=[android.intent.category.LAUNCHER] flg=0x10000000 cmp=com.android.chrome/org.chromium.chrome.browser.ChromeTabbedActivity2 } from null (pid=14912, uid=2000) not exported from uid 10089
05-10 15:35:28.354  1505  8640 I ActivityTaskManager: START u0 {act=android.intent.action.MAIN cat=[android.intent.category.LAUNCHER] flg=0x10000000 cmp=com.android.chrome/org.chromium.chrome.browser.multiwindow.MultiInstanceChromeTabbedActivity} from uid 2000 pid 14926
05-10 15:35:28.355  1505  8640 W ActivityTaskManager: Permission Denial: starting Intent { act=android.intent.action.MAIN cat=[android.intent.category.LAUNCHER] flg=0x10000000 cmp=com.android.chrome/org.chromium.chrome.browser.multiwindow.MultiInstanceChromeTabbedActivity } from null (pid=14926, uid=2000) not exported from uid 10089
05-10 15:35:28.429  1505  2579 I ActivityTaskManager: START u0 {act=android.intent.action.MAIN cat=[android.intent.category.LAUNCHER] flg=0x10000000 cmp=com.android.chrome/org.chromium.chrome.browser.vr.VrFirstRunActivity} from uid 2000 pid 14931
05-10 15:35:28.430  1505  2579 W ActivityTaskManager: Permission Denial: starting Intent { act=android.intent.action.MAIN cat=[android.intent.category.LAUNCHER] flg=0x10000000 cmp=com.android.chrome/org.chromium.chrome.browser.vr.VrFirstRunActivity } from null (pid=14931, uid=2000) not exported from uid 10089
05-10 15:35:28.498  1505  2016 I ActivityTaskManager: START u0 {act=android.intent.action.MAIN cat=[android.intent.category.LAUNCHER] flg=0x10000000 cmp=com.android.chrome/org.chromium.chrome.browser.signin.SigninActivity} from uid 2000 pid 14936
05-10 15:35:28.498  1505  2016 W ActivityTaskManager: Permission Denial: starting Intent { act=android.intent.action.MAIN cat=[android.intent.category.LAUNCHER] flg=0x10000000 cmp=com.android.chrome/org.chromium.chrome.browser.signin.SigninActivity } from null (pid=14936, uid=2000) not exported from uid 10089
05-10 15:35:28.573  1505  2579 I ActivityTaskManager: START u0 {act=android.intent.action.MAIN cat=[android.intent.category.LAUNCHER] flg=0x10000000 cmp=com.android.chrome/org.chromium.chrome.browser.preferences.Preferences} from uid 2000 pid 14941
05-10 15:35:28.652  1505  2579 I ActivityTaskManager: START u0 {act=android.intent.action.MAIN cat=[android.intent.category.LAUNCHER] flg=0x10000000 cmp=com.android.chrome/org.chromium.chrome.browser.preferences.website.ManageSpaceActivity} from uid 2000 pid 14946
05-10 15:35:28.749  1505  8861 I ActivityTaskManager: START u0 {act=android.intent.action.MAIN cat=[android.intent.category.LAUNCHER] flg=0x10000000 cmp=com.android.chrome/org.chromium.chrome.browser.bookmarks.BookmarkActivity} from uid 2000 pid 14951
05-10 15:35:28.749  1505  8861 W ActivityTaskManager: Permission Denial: starting Intent { act=android.intent.action.MAIN cat=[android.intent.category.LAUNCHER] flg=0x10000000 cmp=com.android.chrome/org.chromium.chrome.browser.bookmarks.BookmarkActivity } from null (pid=14951, uid=2000) not exported from uid 10089
05-10 15:35:28.835  1505  8861 I ActivityTaskManager: START u0 {act=android.intent.action.MAIN cat=[android.intent.category.LAUNCHER] flg=0x10000000 cmp=com.android.chrome/org.chromium.chrome.browser.bookmarks.BookmarkEditActivity} from uid 2000 pid 14956
05-10 15:35:28.836  1505  8861 W ActivityTaskManager: Permission Denial: starting Intent { act=android.intent.action.MAIN cat=[android.intent.category.LAUNCHER] flg=0x10000000 cmp=com.android.chrome/org.chromium.chrome.browser.bookmarks.BookmarkEditActivity } from null (pid=14956, uid=2000) not exported from uid 10089
05-10 15:35:28.924  1505  8861 I ActivityTaskManager: START u0 {act=android.intent.action.MAIN cat=[android.intent.category.LAUNCHER] flg=0x10000000 cmp=com.android.chrome/org.chromium.chrome.browser.bookmarks.BookmarkAddEditFolderActivity} from uid 2000 pid 14961
05-10 15:35:28.924  1505  8861 W ActivityTaskManager: Permission Denial: starting Intent { act=android.intent.action.MAIN cat=[android.intent.category.LAUNCHER] flg=0x10000000 cmp=com.android.chrome/org.chromium.chrome.browser.bookmarks.BookmarkAddEditFolderActivity } from null (pid=14961, uid=2000) not exported from uid 10089
05-10 15:35:29.029  1505  8861 I ActivityTaskManager: START u0 {act=android.intent.action.MAIN cat=[android.intent.category.LAUNCHER] flg=0x10000000 cmp=com.android.chrome/org.chromium.chrome.browser.bookmarks.BookmarkFolderSelectActivity} from uid 2000 pid 14966
05-10 15:35:29.029  1505  8861 W ActivityTaskManager: Permission Denial: starting Intent { act=android.intent.action.MAIN cat=[android.intent.category.LAUNCHER] flg=0x10000000 cmp=com.android.chrome/org.chromium.chrome.browser.bookmarks.BookmarkFolderSelectActivity } from null (pid=14966, uid=2000) not exported from uid 10089
05-10 15:35:29.113  1505  8861 I ActivityTaskManager: START u0 {act=android.intent.action.MAIN cat=[android.intent.category.LAUNCHER] flg=0x10000000 cmp=com.android.chrome/org.chromium.chrome.browser.download.DownloadActivity} from uid 2000 pid 14971
05-10 15:35:29.113  1505  8861 W ActivityTaskManager: Permission Denial: starting Intent { act=android.intent.action.MAIN cat=[android.intent.category.LAUNCHER] flg=0x10000000 cmp=com.android.chrome/org.chromium.chrome.browser.download.DownloadActivity } from null (pid=14971, uid=2000) not exported from uid 10089
05-10 15:35:29.193  1505  8861 I ActivityTaskManager: START u0 {act=android.intent.action.MAIN cat=[android.intent.category.LAUNCHER] flg=0x10000000 cmp=com.android.chrome/org.chromium.chrome.browser.history.HistoryActivity} from uid 2000 pid 14976
05-10 15:35:29.193  1505  8861 W ActivityTaskManager: Permission Denial: starting Intent { act=android.intent.action.MAIN cat=[android.intent.category.LAUNCHER] flg=0x10000000 cmp=com.android.chrome/org.chromium.chrome.browser.history.HistoryActivity } from null (pid=14976, uid=2000) not exported from uid 10089
05-10 15:35:29.278  1505  8861 I ActivityTaskManager: START u0 {act=android.intent.action.MAIN cat=[android.intent.category.LAUNCHER] flg=0x10000000 cmp=com.android.chrome/org.chromium.chrome.browser.webapps.WebappActivity} from uid 2000 pid 14981
05-10 15:35:29.278  1505  8861 W ActivityTaskManager: Permission Denial: starting Intent { act=android.intent.action.MAIN cat=[android.intent.category.LAUNCHER] flg=0x10000000 cmp=com.android.chrome/org.chromium.chrome.browser.webapps.WebappActivity } from null (pid=14981, uid=2000) not exported from uid 10089
05-10 15:35:29.376  1505  8861 I ActivityTaskManager: START u0 {act=android.intent.action.MAIN cat=[android.intent.category.LAUNCHER] flg=0x10000000 cmp=com.android.chrome/org.chromium.chrome.browser.webapps.WebappActivity0} from uid 2000 pid 14986
05-10 15:35:29.376  1505  8861 W ActivityTaskManager: Permission Denial: starting Intent { act=android.intent.action.MAIN cat=[android.intent.category.LAUNCHER] flg=0x10000000 cmp=com.android.chrome/org.chromium.chrome.browser.webapps.WebappActivity0 } from null (pid=14986, uid=2000) not exported from uid 10089
05-10 15:35:29.473  1505  8861 I ActivityTaskManager: START u0 {act=android.intent.action.MAIN cat=[android.intent.category.LAUNCHER] flg=0x10000000 cmp=com.android.chrome/org.chromium.chrome.browser.webapps.WebappActivity1} from uid 2000 pid 14991
05-10 15:35:29.473  1505  8861 W ActivityTaskManager: Permission Denial: starting Intent { act=android.intent.action.MAIN cat=[android.intent.category.LAUNCHER] flg=0x10000000 cmp=com.android.chrome/org.chromium.chrome.browser.webapps.WebappActivity1 } from null (pid=14991, uid=2000) not exported from uid 10089
05-10 15:35:29.553  1505  8861 I ActivityTaskManager: START u0 {act=android.intent.action.MAIN cat=[android.intent.category.LAUNCHER] flg=0x10000000 cmp=com.android.chrome/org.chromium.chrome.browser.webapps.WebappActivity2} from uid 2000 pid 14996
05-10 15:35:29.553  1505  8861 W ActivityTaskManager: Permission Denial: starting Intent { act=android.intent.action.MAIN cat=[android.intent.category.LAUNCHER] flg=0x10000000 cmp=com.android.chrome/org.chromium.chrome.browser.webapps.WebappActivity2 } from null (pid=14996, uid=2000) not exported from uid 10089
05-10 15:35:29.638  1505  8861 I ActivityTaskManager: START u0 {act=android.intent.action.MAIN cat=[android.intent.category.LAUNCHER] flg=0x10000000 cmp=com.android.chrome/org.chromium.chrome.browser.webapps.WebappActivity3} from uid 2000 pid 15001
05-10 15:35:29.639  1505  8861 W ActivityTaskManager: Permission Denial: starting Intent { act=android.intent.action.MAIN cat=[android.intent.category.LAUNCHER] flg=0x10000000 cmp=com.android.chrome/org.chromium.chrome.browser.webapps.WebappActivity3 } from null (pid=15001, uid=2000) not exported from uid 10089
05-10 15:35:29.738  1505  8861 I ActivityTaskManager: START u0 {act=android.intent.action.MAIN cat=[android.intent.category.LAUNCHER] flg=0x10000000 cmp=com.android.chrome/org.chromium.chrome.browser.webapps.WebappActivity4} from uid 2000 pid 15007
05-10 15:35:29.738  1505  8861 W ActivityTaskManager: Permission Denial: starting Intent { act=android.intent.action.MAIN cat=[android.intent.category.LAUNCHER] flg=0x10000000 cmp=com.android.chrome/org.chromium.chrome.browser.webapps.WebappActivity4 } from null (pid=15007, uid=2000) not exported from uid 10089
05-10 15:35:29.827  1505  8861 I ActivityTaskManager: START u0 {act=android.intent.action.MAIN cat=[android.intent.category.LAUNCHER] flg=0x10000000 cmp=com.android.chrome/org.chromium.chrome.browser.webapps.WebappActivity5} from uid 2000 pid 15015
05-10 15:35:29.827  1505  8861 W ActivityTaskManager: Permission Denial: starting Intent { act=android.intent.action.MAIN cat=[android.intent.category.LAUNCHER] flg=0x10000000 cmp=com.android.chrome/org.chromium.chrome.browser.webapps.WebappActivity5 } from null (pid=15015, uid=2000) not exported from uid 10089
05-10 15:35:29.922  1505  8861 I ActivityTaskManager: START u0 {act=android.intent.action.MAIN cat=[android.intent.category.LAUNCHER] flg=0x10000000 cmp=com.android.chrome/org.chromium.chrome.browser.webapps.WebappActivity6} from uid 2000 pid 15020
05-10 15:35:29.922  1505  8861 W ActivityTaskManager: Permission Denial: starting Intent { act=android.intent.action.MAIN cat=[android.intent.category.LAUNCHER] flg=0x10000000 cmp=com.android.chrome/org.chromium.chrome.browser.webapps.WebappActivity6 } from null (pid=15020, uid=2000) not exported from uid 10089
05-10 15:35:30.028  1505  8861 I ActivityTaskManager: START u0 {act=android.intent.action.MAIN cat=[android.intent.category.LAUNCHER] flg=0x10000000 cmp=com.android.chrome/org.chromium.chrome.browser.webapps.WebappActivity7} from uid 2000 pid 15025
05-10 15:35:30.029  1505  8861 W ActivityTaskManager: Permission Denial: starting Intent { act=android.intent.action.MAIN cat=[android.intent.category.LAUNCHER] flg=0x10000000 cmp=com.android.chrome/org.chromium.chrome.browser.webapps.WebappActivity7 } from null (pid=15025, uid=2000) not exported from uid 10089
05-10 15:35:30.130  1505  8861 I ActivityTaskManager: START u0 {act=android.intent.action.MAIN cat=[android.intent.category.LAUNCHER] flg=0x10000000 cmp=com.android.chrome/org.chromium.chrome.browser.webapps.WebappActivity8} from uid 2000 pid 15030
05-10 15:35:30.131  1505  8861 W ActivityTaskManager: Permission Denial: starting Intent { act=android.intent.action.MAIN cat=[android.intent.category.LAUNCHER] flg=0x10000000 cmp=com.android.chrome/org.chromium.chrome.browser.webapps.WebappActivity8 } from null (pid=15030, uid=2000) not exported from uid 10089
