05-10 15:38:23.787  1505  2016 W ActivityTaskManager: Permission Denial: starting Intent { act=android.intent.action.MAIN cat=[android.intent.category.LAUNCHER] flg=0x10000000 cmp=com.android.chrome/org.chromium.chrome.browser.bookmarks.BookmarkAddEditFolderActivity } from null (pid=16236, uid=2000) not exported from uid 10089
05-10 15:38:23.810   890   920 I /vendor/bin/hw/vendor.qti.hardware.servicetracker@1.0-service: bindService is called for service : com.android.chrome/org.chromium.content.app.SandboxedProcessService0:114 and for client com.android.chrome
05-10 15:38:23.810   890   920 I /vendor/bin/hw/vendor.qti.hardware.servicetracker@1.0-service: total connections for service : com.android.chrome/org.chromium.content.app.SandboxedProcessService0:114are :1
05-10 15:38:23.810   890   920 I /vendor/bin/hw/vendor.qti.hardware.servicetracker@1.0-service: total connections for client : com.android.chromeare :7
05-10 15:38:23.818  1505  2016 D OemSceneCallBlock: isCallBlockedWithUidIntent { act=android.intent.action.MAIN cat=[android.intent.category.LAUNCHER] flg=0x10000000 cmp=com.android.chrome/org.chromium.chrome.browser.bookmarks.BookmarkFolderSelectActivity }, ResolveInfo{7b10ade com.android.chrome/org.chromium.chrome.browser.bookmarks.BookmarkFolderSelectActivity m=0x0}
05-10 15:38:23.819  1505  2016 I ActivityTaskManager: START u0 {act=android.intent.action.MAIN cat=[android.intent.category.LAUNCHER] flg=0x10000000 cmp=com.android.chrome/org.chromium.chrome.browser.bookmarks.BookmarkFolderSelectActivity} from uid 2000 pid 16247
05-10 15:38:23.819  1505  2016 W ActivityTaskManager: Permission Denial: starting Intent { act=android.intent.action.MAIN cat=[android.intent.category.LAUNCHER] flg=0x10000000 cmp=com.android.chrome/org.chromium.chrome.browser.bookmarks.BookmarkFolderSelectActivity } from null (pid=16247, uid=2000) not exported from uid 10089
05-10 15:38:23.852  1505  2016 D OemSceneCallBlock: isCallBlockedWithUidIntent { act=android.intent.action.MAIN cat=[android.intent.category.LAUNCHER] flg=0x10000000 cmp=com.android.chrome/org.chromium.chrome.browser.download.DownloadActivity }, ResolveInfo{8cc2078 com.android.chrome/org.chromium.chrome.browser.download.DownloadActivity m=0x0}
05-10 15:38:23.853  1505  2016 I ActivityTaskManager: START u0 {act=android.intent.action.MAIN cat=[android.intent.category.LAUNCHER] flg=0x10000000 cmp=com.android.chrome/org.chromium.chrome.browser.download.DownloadActivity} from uid 2000 pid 16264
05-10 15:38:23.853  1505  2016 W ActivityTaskManager: Permission Denial: starting Intent { act=android.intent.action.MAIN cat=[android.intent.category.LAUNCHER] flg=0x10000000 cmp=com.android.chrome/org.chromium.chrome.browser.download.DownloadActivity } from null (pid=16264, uid=2000) not exported from uid 10089
05-10 15:38:23.885  1505  1968 D OemSceneCallBlock: isCallBlockedWithUidIntent { act=android.intent.action.MAIN cat=[android.intent.category.LAUNCHER] flg=0x10000000 cmp=com.android.chrome/org.chromium.chrome.browser.history.HistoryActivity }, ResolveInfo{ed37942 com.android.chrome/org.chromium.chrome.browser.history.HistoryActivity m=0x0}
05-10 15:38:23.885  1505  1968 I ActivityTaskManager: START u0 {act=android.intent.action.MAIN cat=[android.intent.category.LAUNCHER] flg=0x10000000 cmp=com.android.chrome/org.chromium.chrome.browser.history.HistoryActivity} from uid 2000 pid 16269
05-10 15:38:23.885  1505  1968 W ActivityTaskManager: Permission Denial: starting Intent { act=android.intent.action.MAIN cat=[android.intent.category.LAUNCHER] flg=0x10000000 cmp=com.android.chrome/org.chromium.chrome.browser.history.HistoryActivity } from null (pid=16269, uid=2000) not exported from uid 10089
05-10 15:38:23.913  1505  1968 D OemSceneCallBlock: isCallBlockedWithUidIntent { act=android.intent.action.MAIN cat=[android.intent.category.LAUNCHER] flg=0x10000000 cmp=com.android.chrome/org.chromium.chrome.browser.webapps.WebappActivity }, ResolveInfo{6bd7bbc com.android.chrome/org.chromium.chrome.browser.webapps.WebappActivity m=0x0}
05-10 15:38:23.913  1505  1968 I ActivityTaskManager: START u0 {act=android.intent.action.MAIN cat=[android.intent.category.LAUNCHER] flg=0x10000000 cmp=com.android.chrome/org.chromium.chrome.browser.webapps.WebappActivity} from uid 2000 pid 16274
05-10 15:38:23.913  1505  1968 W ActivityTaskManager: Permission Denial: starting Intent { act=android.intent.action.MAIN cat=[android.intent.category.LAUNCHER] flg=0x10000000 cmp=com.android.chrome/org.chromium.chrome.browser.webapps.WebappActivity } from null (pid=16274, uid=2000) not exported from uid 10089
05-10 15:38:23.943  1505  2016 D OemSceneCallBlock: isCallBlockedWithUidIntent { act=android.intent.action.MAIN cat=[android.intent.category.LAUNCHER] flg=0x10000000 cmp=com.android.chrome/org.chromium.chrome.browser.webapps.WebappActivity0 }, ResolveInfo{f095a66 com.android.chrome/org.chromium.chrome.browser.webapps.WebappActivity0 m=0x0}
05-10 15:38:23.943  1505  2016 I ActivityTaskManager: START u0 {act=android.intent.action.MAIN cat=[android.intent.category.LAUNCHER] flg=0x10000000 cmp=com.android.chrome/org.chromium.chrome.browser.webapps.WebappActivity0} from uid 2000 pid 16279
05-10 15:38:23.943  1505  2016 W ActivityTaskManager: Permission Denial: starting Intent { act=android.intent.action.MAIN cat=[android.intent.category.LAUNCHER] flg=0x10000000 cmp=com.android.chrome/org.chromium.chrome.browser.webapps.WebappActivity0 } from null (pid=16279, uid=2000) not exported from uid 10089
05-10 15:38:23.973  1505  2016 D OemSceneCallBlock: isCallBlockedWithUidIntent { act=android.intent.action.MAIN cat=[android.intent.category.LAUNCHER] flg=0x10000000 cmp=com.android.chrome/org.chromium.chrome.browser.webapps.WebappActivity1 }, ResolveInfo{198b3c0 com.android.chrome/org.chromium.chrome.browser.webapps.WebappActivity1 m=0x0}
05-10 15:38:23.973  1505  2016 I ActivityTaskManager: START u0 {act=android.intent.action.MAIN cat=[android.intent.category.LAUNCHER] flg=0x10000000 cmp=com.android.chrome/org.chromium.chrome.browser.webapps.WebappActivity1} from uid 2000 pid 16284
05-10 15:38:23.974  1505  2016 W ActivityTaskManager: Permission Denial: starting Intent { act=android.intent.action.MAIN cat=[android.intent.category.LAUNCHER] flg=0x10000000 cmp=com.android.chrome/org.chromium.chrome.browser.webapps.WebappActivity1 } from null (pid=16284, uid=2000) not exported from uid 10089
05-10 15:38:24.003  1505  2016 D OemSceneCallBlock: isCallBlockedWithUidIntent { act=android.intent.action.MAIN cat=[android.intent.category.LAUNCHER] flg=0x10000000 cmp=com.android.chrome/org.chromium.chrome.browser.webapps.WebappActivity2 }, ResolveInfo{dbc324a com.android.chrome/org.chromium.chrome.browser.webapps.WebappActivity2 m=0x0}
05-10 15:38:24.004  1505  2016 I ActivityTaskManager: START u0 {act=android.intent.action.MAIN cat=[android.intent.category.LAUNCHER] flg=0x10000000 cmp=com.android.chrome/org.chromium.chrome.browser.webapps.WebappActivity2} from uid 2000 pid 16290
05-10 15:38:24.004  1505  2016 W ActivityTaskManager: Permission Denial: starting Intent { act=android.intent.action.MAIN cat=[android.intent.category.LAUNCHER] flg=0x10000000 cmp=com.android.chrome/org.chromium.chrome.browser.webapps.WebappActivity2 } from null (pid=16290, uid=2000) not exported from uid 10089
05-10 15:38:24.033  1505  2016 D OemSceneCallBlock: isCallBlockedWithUidIntent { act=android.intent.action.MAIN cat=[android.intent.category.LAUNCHER] flg=0x10000000 cmp=com.android.chrome/org.chromium.chrome.browser.webapps.WebappActivity3 }, ResolveInfo{8db2c84 com.android.chrome/org.chromium.chrome.browser.webapps.WebappActivity3 m=0x0}
05-10 15:38:24.034  1505  2016 I ActivityTaskManager: START u0 {act=android.intent.action.MAIN cat=[android.intent.category.LAUNCHER] flg=0x10000000 cmp=com.android.chrome/org.chromium.chrome.browser.webapps.WebappActivity3} from uid 2000 pid 16295
05-10 15:38:24.034  1505  2016 W ActivityTaskManager: Permission Denial: starting Intent { act=android.intent.action.MAIN cat=[android.intent.category.LAUNCHER] flg=0x10000000 cmp=com.android.chrome/org.chromium.chrome.browser.webapps.WebappActivity3 } from null (pid=16295, uid=2000) not exported from uid 10089
05-10 15:38:24.057  1505  2016 D OemSceneCallBlock: isCallBlockedWithUidIntent { act=android.intent.action.MAIN cat=[android.intent.category.LAUNCHER] flg=0x10000000 cmp=com.android.chrome/org.chromium.chrome.browser.webapps.WebappActivity4 }, ResolveInfo{8de44ee com.android.chrome/org.chromium.chrome.browser.webapps.WebappActivity4 m=0x0}
05-10 15:38:24.058  1505  2016 I ActivityTaskManager: START u0 {act=android.intent.action.MAIN cat=[android.intent.category.LAUNCHER] flg=0x10000000 cmp=com.android.chrome/org.chromium.chrome.browser.webapps.WebappActivity4} from uid 2000 pid 16300
05-10 15:38:24.058  1505  2016 W ActivityTaskManager: Permission Denial: starting Intent { act=android.intent.action.MAIN cat=[android.intent.category.LAUNCHER] flg=0x10000000 cmp=com.android.chrome/org.chromium.chrome.browser.webapps.WebappActivity4 } from null (pid=16300, uid=2000) not exported from uid 10089
05-10 15:38:24.084  1505  2016 D OemSceneCallBlock: isCallBlockedWithUidIntent { act=android.intent.action.MAIN cat=[android.intent.category.LAUNCHER] flg=0x10000000 cmp=com.android.chrome/org.chromium.chrome.browser.webapps.WebappActivity5 }, ResolveInfo{2450a08 com.android.chrome/org.chromium.chrome.browser.webapps.WebappActivity5 m=0x0}
05-10 15:38:24.084  1505  2016 I ActivityTaskManager: START u0 {act=android.intent.action.MAIN cat=[android.intent.category.LAUNCHER] flg=0x10000000 cmp=com.android.chrome/org.chromium.chrome.browser.webapps.WebappActivity5} from uid 2000 pid 16305
05-10 15:38:24.085  1505  2016 W ActivityTaskManager: Permission Denial: starting Intent { act=android.intent.action.MAIN cat=[android.intent.category.LAUNCHER] flg=0x10000000 cmp=com.android.chrome/org.chromium.chrome.browser.webapps.WebappActivity5 } from null (pid=16305, uid=2000) not exported from uid 10089
05-10 15:38:24.114  1505  2016 D OemSceneCallBlock: isCallBlockedWithUidIntent { act=android.intent.action.MAIN cat=[android.intent.category.LAUNCHER] flg=0x10000000 cmp=com.android.chrome/org.chromium.chrome.browser.webapps.WebappActivity6 }, ResolveInfo{48e9652 com.android.chrome/org.chromium.chrome.browser.webapps.WebappActivity6 m=0x0}
05-10 15:38:24.114  1505  2016 I ActivityTaskManager: START u0 {act=android.intent.action.MAIN cat=[android.intent.category.LAUNCHER] flg=0x10000000 cmp=com.android.chrome/org.chromium.chrome.browser.webapps.WebappActivity6} from uid 2000 pid 16310
05-10 15:38:24.114  1505  2016 W ActivityTaskManager: Permission Denial: starting Intent { act=android.intent.action.MAIN cat=[android.intent.category.LAUNCHER] flg=0x10000000 cmp=com.android.chrome/org.chromium.chrome.browser.webapps.WebappActivity6 } from null (pid=16310, uid=2000) not exported from uid 10089
05-10 15:38:24.142  1505  2016 D OemSceneCallBlock: isCallBlockedWithUidIntent { act=android.intent.action.MAIN cat=[android.intent.category.LAUNCHER] flg=0x10000000 cmp=com.android.chrome/org.chromium.chrome.browser.webapps.WebappActivity7 }, ResolveInfo{a5d304c com.android.chrome/org.chromium.chrome.browser.webapps.WebappActivity7 m=0x0}
05-10 15:38:24.143  1505  2016 I ActivityTaskManager: START u0 {act=android.intent.action.MAIN cat=[android.intent.category.LAUNCHER] flg=0x10000000 cmp=com.android.chrome/org.chromium.chrome.browser.webapps.WebappActivity7} from uid 2000 pid 16315
05-10 15:38:24.143  1505  2016 W ActivityTaskManager: Permission Denial: starting Intent { act=android.intent.action.MAIN cat=[android.intent.category.LAUNCHER] flg=0x10000000 cmp=com.android.chrome/org.chromium.chrome.browser.webapps.WebappActivity7 } from null (pid=16315, uid=2000) not exported from uid 10089
05-10 15:38:24.172  1505  2016 D OemSceneCallBlock: isCallBlockedWithUidIntent { act=android.intent.action.MAIN cat=[android.intent.category.LAUNCHER] flg=0x10000000 cmp=com.android.chrome/org.chromium.chrome.browser.webapps.WebappActivity8 }, ResolveInfo{77cea76 com.android.chrome/org.chromium.chrome.browser.webapps.WebappActivity8 m=0x0}
05-10 15:38:24.172  1505  2016 I ActivityTaskManager: START u0 {act=android.intent.action.MAIN cat=[android.intent.category.LAUNCHER] flg=0x10000000 cmp=com.android.chrome/org.chromium.chrome.browser.webapps.WebappActivity8} from uid 2000 pid 16320
05-10 15:38:24.172  1505  2016 W ActivityTaskManager: Permission Denial: starting Intent { act=android.intent.action.MAIN cat=[android.intent.category.LAUNCHER] flg=0x10000000 cmp=com.android.chrome/org.chromium.chrome.browser.webapps.WebappActivity8 } from null (pid=16320, uid=2000) not exported from uid 10089
05-10 15:38:24.198  1505  2016 D OemSceneCallBlock: isCallBlockedWithUidIntent { act=android.intent.action.MAIN cat=[android.intent.category.LAUNCHER] flg=0x10000000 cmp=com.android.chrome/org.chromium.chrome.browser.webapps.WebappActivity9 }, ResolveInfo{db54350 com.android.chrome/org.chromium.chrome.browser.webapps.WebappActivity9 m=0x0}
05-10 15:38:24.199  1505  2016 I ActivityTaskManager: START u0 {act=android.intent.action.MAIN cat=[android.intent.category.LAUNCHER] flg=0x10000000 cmp=com.android.chrome/org.chromium.chrome.browser.webapps.WebappActivity9} from uid 2000 pid 16325
05-10 15:38:24.199  1505  2016 W ActivityTaskManager: Permission Denial: starting Intent { act=android.intent.action.MAIN cat=[android.intent.category.LAUNCHER] flg=0x10000000 cmp=com.android.chrome/org.chromium.chrome.browser.webapps.WebappActivity9 } from null (pid=16325, uid=2000) not exported from uid 10089
05-10 15:38:24.224  1505  2016 D OemSceneCallBlock: isCallBlockedWithUidIntent { act=android.intent.action.MAIN cat=[android.intent.category.LAUNCHER] flg=0x10000000 cmp=com.android.chrome/org.chromium.chrome.browser.webapps.SameTaskWebApkActivity }, ResolveInfo{a0dc55a com.android.chrome/org.chromium.chrome.browser.webapps.SameTaskWebApkActivity m=0x0}
05-10 15:38:24.225  1505  2016 I ActivityTaskManager: START u0 {act=android.intent.action.MAIN cat=[android.intent.category.LAUNCHER] flg=0x10000000 cmp=com.android.chrome/org.chromium.chrome.browser.webapps.SameTaskWebApkActivity} from uid 2000 pid 16330
05-10 15:38:24.225  1505  2016 W ActivityTaskManager: Permission Denial: starting Intent { act=android.intent.action.MAIN cat=[android.intent.category.LAUNCHER] flg=0x10000000 cmp=com.android.chrome/org.chromium.chrome.browser.webapps.SameTaskWebApkActivity } from null (pid=16330, uid=2000) not exported from uid 10089
05-10 15:38:24.251  1505  2016 D OemSceneCallBlock: isCallBlockedWithUidIntent { act=android.intent.action.MAIN cat=[android.intent.category.LAUNCHER] flg=0x10000000 cmp=com.android.chrome/org.chromium.chrome.browser.webapps.WebApkActivity }, ResolveInfo{eeda714 com.android.chrome/org.chromium.chrome.browser.webapps.WebApkActivity m=0x0}
05-10 15:38:24.252  1505  2016 I ActivityTaskManager: START u0 {act=android.intent.action.MAIN cat=[android.intent.category.LAUNCHER] flg=0x10000000 cmp=com.android.chrome/org.chromium.chrome.browser.webapps.WebApkActivity} from uid 2000 pid 16335
05-10 15:38:24.252  1505  2016 W ActivityTaskManager: Permission Denial: starting Intent { act=android.intent.action.MAIN cat=[android.intent.category.LAUNCHER] flg=0x10000000 cmp=com.android.chrome/org.chromium.chrome.browser.webapps.WebApkActivity } from null (pid=16335, uid=2000) not exported from uid 10089
05-10 15:38:24.279  1505  2016 D OemSceneCallBlock: isCallBlockedWithUidIntent { act=android.intent.action.MAIN cat=[android.intent.category.LAUNCHER] flg=0x10000000 cmp=com.android.chrome/org.chromium.chrome.browser.webapps.WebApkActivity0 }, ResolveInfo{c3e6afe com.android.chrome/org.chromium.chrome.browser.webapps.WebApkActivity0 m=0x0}
05-10 15:38:24.280  1505  2016 I ActivityTaskManager: START u0 {act=android.intent.action.MAIN cat=[android.intent.category.LAUNCHER] flg=0x10000000 cmp=com.android.chrome/org.chromium.chrome.browser.webapps.WebApkActivity0} from uid 2000 pid 16340
05-10 15:38:24.280  1505  2016 W ActivityTaskManager: Permission Denial: starting Intent { act=android.intent.action.MAIN cat=[android.intent.category.LAUNCHER] flg=0x10000000 cmp=com.android.chrome/org.chromium.chrome.browser.webapps.WebApkActivity0 } from null (pid=16340, uid=2000) not exported from uid 10089
05-10 15:38:24.310  1505  2016 D OemSceneCallBlock: isCallBlockedWithUidIntent { act=android.intent.action.MAIN cat=[android.intent.category.LAUNCHER] flg=0x10000000 cmp=com.android.chrome/org.chromium.chrome.browser.webapps.WebApkActivity1 }, ResolveInfo{d797f98 com.android.chrome/org.chromium.chrome.browser.webapps.WebApkActivity1 m=0x0}
05-10 15:38:24.310  1505  2016 I ActivityTaskManager: START u0 {act=android.intent.action.MAIN cat=[android.intent.category.LAUNCHER] flg=0x10000000 cmp=com.android.chrome/org.chromium.chrome.browser.webapps.WebApkActivity1} from uid 2000 pid 16345
05-10 15:38:24.311  1505  2016 W ActivityTaskManager: Permission Denial: starting Intent { act=android.intent.action.MAIN cat=[android.intent.category.LAUNCHER] flg=0x10000000 cmp=com.android.chrome/org.chromium.chrome.browser.webapps.WebApkActivity1 } from null (pid=16345, uid=2000) not exported from uid 10089
05-10 15:38:24.335  1505  2016 D OemSceneCallBlock: isCallBlockedWithUidIntent { act=android.intent.action.MAIN cat=[android.intent.category.LAUNCHER] flg=0x10000000 cmp=com.android.chrome/org.chromium.chrome.browser.webapps.WebApkActivity2 }, ResolveInfo{648df62 com.android.chrome/org.chromium.chrome.browser.webapps.WebApkActivity2 m=0x0}
05-10 15:38:24.335  1505  2016 I ActivityTaskManager: START u0 {act=android.intent.action.MAIN cat=[android.intent.category.LAUNCHER] flg=0x10000000 cmp=com.android.chrome/org.chromium.chrome.browser.webapps.WebApkActivity2} from uid 2000 pid 16350
05-10 15:38:24.335  1505  2016 W ActivityTaskManager: Permission Denial: starting Intent { act=android.intent.action.MAIN cat=[android.intent.category.LAUNCHER] flg=0x10000000 cmp=com.android.chrome/org.chromium.chrome.browser.webapps.WebApkActivity2 } from null (pid=16350, uid=2000) not exported from uid 10089
05-10 15:38:24.361  1505  2016 D OemSceneCallBlock: isCallBlockedWithUidIntent { act=android.intent.action.MAIN cat=[android.intent.category.LAUNCHER] flg=0x10000000 cmp=com.android.chrome/org.chromium.chrome.browser.webapps.WebApkActivity3 }, ResolveInfo{122b0dc com.android.chrome/org.chromium.chrome.browser.webapps.WebApkActivity3 m=0x0}
05-10 15:38:24.362  1505  2016 I ActivityTaskManager: START u0 {act=android.intent.action.MAIN cat=[android.intent.category.LAUNCHER] flg=0x10000000 cmp=com.android.chrome/org.chromium.chrome.browser.webapps.WebApkActivity3} from uid 2000 pid 16355
05-10 15:38:24.362  1505  2016 W ActivityTaskManager: Permission Denial: starting Intent { act=android.intent.action.MAIN cat=[android.intent.category.LAUNCHER] flg=0x10000000 cmp=com.android.chrome/org.chromium.chrome.browser.webapps.WebApkActivity3 } from null (pid=16355, uid=2000) not exported from uid 10089
05-10 15:38:24.395  1505  2016 D OemSceneCallBlock: isCallBlockedWithUidIntent { act=android.intent.action.MAIN cat=[android.intent.category.LAUNCHER] flg=0x10000000 cmp=com.android.chrome/org.chromium.chrome.browser.webapps.WebApkActivity4 }, ResolveInfo{807e686 com.android.chrome/org.chromium.chrome.browser.webapps.WebApkActivity4 m=0x0}
05-10 15:38:24.396  1505  2016 I ActivityTaskManager: START u0 {act=android.intent.action.MAIN cat=[android.intent.category.LAUNCHER] flg=0x10000000 cmp=com.android.chrome/org.chromium.chrome.browser.webapps.WebApkActivity4} from uid 2000 pid 16360
05-10 15:38:24.396  1505  2016 W ActivityTaskManager: Permission Denial: starting Intent { act=android.intent.action.MAIN cat=[android.intent.category.LAUNCHER] flg=0x10000000 cmp=com.android.chrome/org.chromium.chrome.browser.webapps.WebApkActivity4 } from null (pid=16360, uid=2000) not exported from uid 10089
05-10 15:38:24.424  1505  2016 D OemSceneCallBlock: isCallBlockedWithUidIntent { act=android.intent.action.MAIN cat=[android.intent.category.LAUNCHER] flg=0x10000000 cmp=com.android.chrome/org.chromium.chrome.browser.webapps.WebApkActivity5 }, ResolveInfo{e4ddee0 com.android.chrome/org.chromium.chrome.browser.webapps.WebApkActivity5 m=0x0}
05-10 15:38:24.425  1505  2016 I ActivityTaskManager: START u0 {act=android.intent.action.MAIN cat=[android.intent.category.LAUNCHER] flg=0x10000000 cmp=com.android.chrome/org.chromium.chrome.browser.webapps.WebApkActivity5} from uid 2000 pid 16365
05-10 15:38:24.425  1505  2016 W ActivityTaskManager: Permission Denial: starting Intent { act=android.intent.action.MAIN cat=[android.intent.category.LAUNCHER] flg=0x10000000 cmp=com.android.chrome/org.chromium.chrome.browser.webapps.WebApkActivity5 } from null (pid=16365, uid=2000) not exported from uid 10089
05-10 15:38:24.453  1505  2016 D OemSceneCallBlock: isCallBlockedWithUidIntent { act=android.intent.action.MAIN cat=[android.intent.category.LAUNCHER] flg=0x10000000 cmp=com.android.chrome/org.chromium.chrome.browser.webapps.WebApkActivity6 }, ResolveInfo{b1b046a com.android.chrome/org.chromium.chrome.browser.webapps.WebApkActivity6 m=0x0}
05-10 15:38:24.453  1505  2016 I ActivityTaskManager: START u0 {act=android.intent.action.MAIN cat=[android.intent.category.LAUNCHER] flg=0x10000000 cmp=com.android.chrome/org.chromium.chrome.browser.webapps.WebApkActivity6} from uid 2000 pid 16370
05-10 15:38:24.453  1505  2016 W ActivityTaskManager: Permission Denial: starting Intent { act=android.intent.action.MAIN cat=[android.intent.category.LAUNCHER] flg=0x10000000 cmp=com.android.chrome/org.chromium.chrome.browser.webapps.WebApkActivity6 } from null (pid=16370, uid=2000) not exported from uid 10089
05-10 15:38:24.478  1505  2016 D OemSceneCallBlock: isCallBlockedWithUidIntent { act=android.intent.action.MAIN cat=[android.intent.category.LAUNCHER] flg=0x10000000 cmp=com.android.chrome/org.chromium.chrome.browser.webapps.WebApkActivity7 }, ResolveInfo{6fe6da4 com.android.chrome/org.chromium.chrome.browser.webapps.WebApkActivity7 m=0x0}
05-10 15:38:24.479  1505  2016 I ActivityTaskManager: START u0 {act=android.intent.action.MAIN cat=[android.intent.category.LAUNCHER] flg=0x10000000 cmp=com.android.chrome/org.chromium.chrome.browser.webapps.WebApkActivity7} from uid 2000 pid 16375
05-10 15:38:24.479  1505  2016 W ActivityTaskManager: Permission Denial: starting Intent { act=android.intent.action.MAIN cat=[android.intent.category.LAUNCHER] flg=0x10000000 cmp=com.android.chrome/org.chromium.chrome.browser.webapps.WebApkActivity7 } from null (pid=16375, uid=2000) not exported from uid 10089
05-10 15:38:24.505  1505  2016 D OemSceneCallBlock: isCallBlockedWithUidIntent { act=android.intent.action.MAIN cat=[android.intent.category.LAUNCHER] flg=0x10000000 cmp=com.android.chrome/org.chromium.chrome.browser.webapps.WebApkActivity8 }, ResolveInfo{bca7d0e com.android.chrome/org.chromium.chrome.browser.webapps.WebApkActivity8 m=0x0}
05-10 15:38:24.505  1505  2016 I ActivityTaskManager: START u0 {act=android.intent.action.MAIN cat=[android.intent.category.LAUNCHER] flg=0x10000000 cmp=com.android.chrome/org.chromium.chrome.browser.webapps.WebApkActivity8} from uid 2000 pid 16380
05-10 15:38:24.505  1505  2016 W ActivityTaskManager: Permission Denial: starting Intent { act=android.intent.action.MAIN cat=[android.intent.category.LAUNCHER] flg=0x10000000 cmp=com.android.chrome/org.chromium.chrome.browser.webapps.WebApkActivity8 } from null (pid=16380, uid=2000) not exported from uid 10089
05-10 15:38:24.534  1505  2016 D OemSceneCallBlock: isCallBlockedWithUidIntent { act=android.intent.action.MAIN cat=[android.intent.category.LAUNCHER] flg=0x10000000 cmp=com.android.chrome/org.chromium.chrome.browser.webapps.WebApkActivity9 }, ResolveInfo{c9a8128 com.android.chrome/org.chromium.chrome.browser.webapps.WebApkActivity9 m=0x0}
05-10 15:38:24.534  1505  2016 I ActivityTaskManager: START u0 {act=android.intent.action.MAIN cat=[android.intent.category.LAUNCHER] flg=0x10000000 cmp=com.android.chrome/org.chromium.chrome.browser.webapps.WebApkActivity9} from uid 2000 pid 16385
05-10 15:38:24.534  1505  2016 W ActivityTaskManager: Permission Denial: starting Intent { act=android.intent.action.MAIN cat=[android.intent.category.LAUNCHER] flg=0x10000000 cmp=com.android.chrome/org.chromium.chrome.browser.webapps.WebApkActivity9 } from null (pid=16385, uid=2000) not exported from uid 10089
05-10 15:38:24.562  1505  2016 D OemSceneCallBlock: isCallBlockedWithUidIntent { act=android.intent.action.MAIN cat=[android.intent.category.LAUNCHER] flg=0x10000000 cmp=com.android.chrome/org.chromium.chrome.browser.BrowserRestartActivity }, ResolveInfo{cab5472 com.android.chrome/org.chromium.chrome.browser.BrowserRestartActivity m=0x0}
05-10 15:38:24.562  1505  2016 I ActivityTaskManager: START u0 {act=android.intent.action.MAIN cat=[android.intent.category.LAUNCHER] flg=0x10000000 cmp=com.android.chrome/org.chromium.chrome.browser.BrowserRestartActivity} from uid 2000 pid 16390
05-10 15:38:24.562  1505  2016 W ActivityTaskManager: Permission Denial: starting Intent { act=android.intent.action.MAIN cat=[android.intent.category.LAUNCHER] flg=0x10000000 cmp=com.android.chrome/org.chromium.chrome.browser.BrowserRestartActivity } from null (pid=16390, uid=2000) not exported from uid 10089
05-10 15:38:24.590  1505  2016 D OemSceneCallBlock: isCallBlockedWithUidIntent { act=android.intent.action.MAIN cat=[android.intent.category.LAUNCHER] flg=0x10000000 cmp=com.android.chrome/org.chromium.chrome.browser.instantapps.AuthenticatedProxyActivity }, ResolveInfo{66efd6c com.android.chrome/org.chromium.chrome.browser.instantapps.AuthenticatedProxyActivity m=0x0}
05-10 15:38:24.590  1505  2016 I ActivityTaskManager: START u0 {act=android.intent.action.MAIN cat=[android.intent.category.LAUNCHER] flg=0x10000000 cmp=com.android.chrome/org.chromium.chrome.browser.instantapps.AuthenticatedProxyActivity} from uid 2000 pid 16395
05-10 15:38:24.590  1505  2016 W ActivityTaskManager: Permission Denial: starting Intent { act=android.intent.action.MAIN cat=[android.intent.category.LAUNCHER] flg=0x10000000 cmp=com.android.chrome/org.chromium.chrome.browser.instantapps.AuthenticatedProxyActivity } from null (pid=16395, uid=2000) not exported from uid 10089
05-10 15:38:24.617  1505  2016 D OemSceneCallBlock: isCallBlockedWithUidIntent { act=android.intent.action.MAIN cat=[android.intent.category.LAUNCHER] flg=0x10000000 cmp=com.android.chrome/org.chromium.chrome.browser.vr.VrCancelAnimationActivity }, ResolveInfo{9034e96 com.android.chrome/org.chromium.chrome.browser.vr.VrCancelAnimationActivity m=0x0}
05-10 15:38:24.618  1505  2016 I ActivityTaskManager: START u0 {act=android.intent.action.MAIN cat=[android.intent.category.LAUNCHER] flg=0x10000000 cmp=com.android.chrome/org.chromium.chrome.browser.vr.VrCancelAnimationActivity} from uid 2000 pid 16400
05-10 15:38:24.618  1505  2016 W ActivityTaskManager: Permission Denial: starting Intent { act=android.intent.action.MAIN cat=[android.intent.category.LAUNCHER] flg=0x10000000 cmp=com.android.chrome/org.chromium.chrome.browser.vr.VrCancelAnimationActivity } from null (pid=16400, uid=2000) not exported from uid 10089
05-10 15:38:24.646  1505  2016 D OemSceneCallBlock: isCallBlockedWithUidIntent { act=android.intent.action.MAIN cat=[android.intent.category.LAUNCHER] flg=0x10000000 cmp=com.android.chrome/org.chromium.chrome.browser.browserservices.ClearDataDialogActivity }, ResolveInfo{f38670 com.android.chrome/org.chromium.chrome.browser.browserservices.ClearDataDialogActivity m=0x0}
05-10 15:38:24.647  1505  2016 I ActivityTaskManager: START u0 {act=android.intent.action.MAIN cat=[android.intent.category.LAUNCHER] flg=0x10000000 cmp=com.android.chrome/org.chromium.chrome.browser.browserservices.ClearDataDialogActivity} from uid 2000 pid 16405
05-10 15:38:24.647  1505  2016 W ActivityTaskManager: Permission Denial: starting Intent { act=android.intent.action.MAIN cat=[android.intent.category.LAUNCHER] flg=0x10000000 cmp=com.android.chrome/org.chromium.chrome.browser.browserservices.ClearDataDialogActivity } from null (pid=16405, uid=2000) not exported from uid 10089
05-10 15:38:24.673  1505  2016 D OemSceneCallBlock: isCallBlockedWithUidIntent { act=android.intent.action.MAIN cat=[android.intent.category.LAUNCHER] flg=0x10000000 cmp=com.android.chrome/org.chromium.chrome.browser.searchwidget.SearchActivity }, ResolveInfo{9ecef7a com.android.chrome/org.chromium.chrome.browser.searchwidget.SearchActivity m=0x0}
05-10 15:38:24.674  1505  2016 I ActivityTaskManager: START u0 {act=android.intent.action.MAIN cat=[android.intent.category.LAUNCHER] flg=0x10000000 cmp=com.android.chrome/org.chromium.chrome.browser.searchwidget.SearchActivity} from uid 2000 pid 16410
05-10 15:38:24.674  1505  2016 W ActivityTaskManager: Permission Denial: starting Intent { act=android.intent.action.MAIN cat=[android.intent.category.LAUNCHER] flg=0x10000000 cmp=com.android.chrome/org.chromium.chrome.browser.searchwidget.SearchActivity } from null (pid=16410, uid=2000) not exported from uid 10089
05-10 15:38:24.701  1505  2016 D OemSceneCallBlock: isCallBlockedWithUidIntent { act=android.intent.action.MAIN cat=[android.intent.category.LAUNCHER] flg=0x10000000 cmp=com.android.chrome/com.google.android.gms.common.api.GoogleApiActivity }, ResolveInfo{9ce8034 com.android.chrome/com.google.android.gms.common.api.GoogleApiActivity m=0x0}
05-10 15:38:24.701  1505  2016 I ActivityTaskManager: START u0 {act=android.intent.action.MAIN cat=[android.intent.category.LAUNCHER] flg=0x10000000 cmp=com.android.chrome/com.google.android.gms.common.api.GoogleApiActivity} from uid 2000 pid 16415
05-10 15:38:24.701  1505  2016 W ActivityTaskManager: Permission Denial: starting Intent { act=android.intent.action.MAIN cat=[android.intent.category.LAUNCHER] flg=0x10000000 cmp=com.android.chrome/com.google.android.gms.common.api.GoogleApiActivity } from null (pid=16415, uid=2000) not exported from uid 10089
05-10 15:38:24.730  1505  2016 D OemSceneCallBlock: isCallBlockedWithUidIntent { act=android.intent.action.MAIN cat=[android.intent.category.LAUNCHER] flg=0x10000000 cmp=com.android.chrome/com.google.android.libraries.hats20.SurveyPromptActivity }, ResolveInfo{23b7b1e com.android.chrome/com.google.android.libraries.hats20.SurveyPromptActivity m=0x0}
05-10 15:38:24.730  1505  2016 I ActivityTaskManager: START u0 {act=android.intent.action.MAIN cat=[android.intent.category.LAUNCHER] flg=0x10000000 cmp=com.android.chrome/com.google.android.libraries.hats20.SurveyPromptActivity} from uid 2000 pid 16420
05-10 15:38:24.730  1505  2016 W ActivityTaskManager: Permission Denial: starting Intent { act=android.intent.action.MAIN cat=[android.intent.category.LAUNCHER] flg=0x10000000 cmp=com.android.chrome/com.google.android.libraries.hats20.SurveyPromptActivity } from null (pid=16420, uid=2000) not exported from uid 10089
05-10 15:39:50.377  2854  2854 I AndroidIME: LatinIme.onActivate() : EditorInfo = Package = com.android.chrome : Type = URI : Learning = Disable : Suggestion = Show : AutoCorrection = Disable : Microphone = Show : NoPersonalizedLearning = Enable
05-10 15:39:50.380  2854  2854 I Conv2QueryExtension: Conv2Query not enabled due to current app [com.android.chrome] not in whitelist
05-10 15:39:50.695 10352 10352 D OnePlusJankManager:  Chor uploadMDM JANK_TYPE_ONCE mViewTitle = com.android.chrome/org.chromium.chrome.browser.ChromeTabbedActivity--- jank level = 2
05-10 15:39:50.771   890   920 I /vendor/bin/hw/vendor.qti.hardware.servicetracker@1.0-service: unbindService is called for service : com.android.chrome/org.chromium.content.app.SandboxedProcessService0:114 and for client com.android.chrome
05-10 15:39:55.380  1505  2409 D OpSlaNetlinkHelper: frontPackageChanged: SCREEN OFF uid:0 pid:0 | com.android.chrome uid:10089 pid:10352
05-10 15:40:17.810  1505  1555 D OpRestartProcessManager: updateSelf :  com.android.chrome, size : 30
05-10 15:40:17.810  1505  2409 D OpQuickReply: setQuickReplyResumed focusedApp AppWindowToken{516489 token=Token{8df1390 ActivityRecord{67f8e53 u0 com.android.chrome/org.chromium.chrome.browser.ChromeTabbedActivity t63870}}} pkgName com.android.chrome
05-10 15:40:17.810  1505  2409 D OpSlaNetlinkHelper: frontPackageChanged: com.android.chrome uid:10089 pid:10352 | SCREEN OFF uid:0 pid:0
05-10 15:40:17.854  1505  1561 W BroadcastQueue: Background execution not allowed: receiving Intent { act=android.intent.action.USER_PRESENT flg=0x24200010 } to com.android.chrome/org.chromium.chrome.browser.sharing.click_to_call.ClickToCallMessageHandler$PhoneUnlockedReceiver
05-10 15:40:17.895   890   920 I /vendor/bin/hw/vendor.qti.hardware.servicetracker@1.0-service: bindService is called for service : com.android.chrome/org.chromium.content.app.SandboxedProcessService0:114 and for client com.android.chrome
05-10 15:40:17.895   890   920 I /vendor/bin/hw/vendor.qti.hardware.servicetracker@1.0-service: total connections for service : com.android.chrome/org.chromium.content.app.SandboxedProcessService0:114are :1
05-10 15:40:17.895   890   920 I /vendor/bin/hw/vendor.qti.hardware.servicetracker@1.0-service: total connections for client : com.android.chromeare :7
05-10 15:40:17.914 10352 10352 I chatty  : uid=10089(com.android.chrome) identical 1 line
05-10 15:40:17.918  2854  2854 I AndroidIME: LatinIme.onActivate() : EditorInfo = Package = com.android.chrome : Type = URI : Learning = Disable : Suggestion = Show : AutoCorrection = Disable : Microphone = Show : NoPersonalizedLearning = Enable
05-10 15:40:17.922  2854  2854 I Conv2QueryExtension: Conv2Query not enabled due to current app [com.android.chrome] not in whitelist
05-10 15:40:39.992   890   920 I /vendor/bin/hw/vendor.qti.hardware.servicetracker@1.0-service: unbindService is called for service : com.google.android.gms/.chimera.PersistentApiService and for client com.android.chrome
05-10 15:40:39.992   890   920 I /vendor/bin/hw/vendor.qti.hardware.servicetracker@1.0-service: size of client connections for client: com.android.chromeafter removal is 6
05-10 15:41:03.368   890   920 I /vendor/bin/hw/vendor.qti.hardware.servicetracker@1.0-service: unbindService is called for service : com.google.android.gms/.icing.service.AppIndexingService and for client com.android.chrome
05-10 15:41:03.368   890   920 I /vendor/bin/hw/vendor.qti.hardware.servicetracker@1.0-service: size of client connections for client: com.android.chromeafter removal is 5
05-10 15:43:36.975 10352 10352 D OnePlusJankManager:  Chor uploadMDM JANK_TYPE_ONCE mViewTitle = com.android.chrome/org.chromium.chrome.browser.ChromeTabbedActivity--- jank level = 1
05-10 15:43:37.027   890   920 I /vendor/bin/hw/vendor.qti.hardware.servicetracker@1.0-service: unbindService is called for service : com.android.chrome/org.chromium.content.app.SandboxedProcessService0:114 and for client com.android.chrome
05-10 15:43:41.690  1505  3724 D OpSlaNetlinkHelper: frontPackageChanged: SCREEN OFF uid:0 pid:0 | com.android.chrome uid:10089 pid:10352
05-10 15:43:58.167   890   920 I /vendor/bin/hw/vendor.qti.hardware.servicetracker@1.0-service: bindService is called for service : com.android.chrome/org.chromium.chrome.browser.customtabs.CustomTabsConnectionService and for client com.google.android.gms
05-10 15:43:58.167   890   920 I /vendor/bin/hw/vendor.qti.hardware.servicetracker@1.0-service: total connections for service : com.android.chrome/org.chromium.chrome.browser.customtabs.CustomTabsConnectionServiceare :1
05-10 15:43:58.169   890   920 I /vendor/bin/hw/vendor.qti.hardware.servicetracker@1.0-service: startService() is called for servicecom.android.chrome/org.chromium.chrome.browser.customtabs.CustomTabsConnectionService
05-10 15:43:58.170   890   920 I /vendor/bin/hw/vendor.qti.hardware.servicetracker@1.0-service: unbindService is called for service : com.android.chrome/org.chromium.chrome.browser.customtabs.CustomTabsConnectionService and for client com.google.android.gms
05-10 15:43:58.170   890   920 I /vendor/bin/hw/vendor.qti.hardware.servicetracker@1.0-service: size of service connections for service: com.android.chrome/org.chromium.chrome.browser.customtabs.CustomTabsConnectionServiceafter removal is 0
05-10 15:43:58.171   890   920 I /vendor/bin/hw/vendor.qti.hardware.servicetracker@1.0-service: destroyService is called for service : com.android.chrome/org.chromium.chrome.browser.customtabs.CustomTabsConnectionService
05-10 15:44:02.193  1505  1555 D OpRestartProcessManager: updateSelf :  com.android.chrome, size : 30
05-10 15:44:02.194  1505  2583 D OpQuickReply: setQuickReplyResumed focusedApp AppWindowToken{516489 token=Token{8df1390 ActivityRecord{67f8e53 u0 com.android.chrome/org.chromium.chrome.browser.ChromeTabbedActivity t63870}}} pkgName com.android.chrome
05-10 15:44:02.194  1505  2583 D OpSlaNetlinkHelper: frontPackageChanged: com.android.chrome uid:10089 pid:10352 | SCREEN OFF uid:0 pid:0
05-10 15:44:02.230  1505  1561 W BroadcastQueue: Background execution not allowed: receiving Intent { act=android.intent.action.USER_PRESENT flg=0x24200010 } to com.android.chrome/org.chromium.chrome.browser.sharing.click_to_call.ClickToCallMessageHandler$PhoneUnlockedReceiver
05-10 15:44:02.289   890   920 I /vendor/bin/hw/vendor.qti.hardware.servicetracker@1.0-service: bindService is called for service : com.android.chrome/org.chromium.content.app.SandboxedProcessService0:114 and for client com.android.chrome
05-10 15:44:02.289   890   920 I /vendor/bin/hw/vendor.qti.hardware.servicetracker@1.0-service: total connections for service : com.android.chrome/org.chromium.content.app.SandboxedProcessService0:114are :1
05-10 15:44:02.289   890   920 I /vendor/bin/hw/vendor.qti.hardware.servicetracker@1.0-service: total connections for client : com.android.chromeare :5
05-10 15:46:05.831   890   890 I /vendor/bin/hw/vendor.qti.hardware.servicetracker@1.0-service: unbindService is called for service : com.android.chrome/org.chromium.content.app.SandboxedProcessService0:114 and for client com.android.chrome
05-10 15:46:10.733  1505 21795 D OpSlaNetlinkHelper: frontPackageChanged: SCREEN OFF uid:0 pid:0 | com.android.chrome uid:10089 pid:10352
05-10 15:49:01.913  1505  1523 W ActivityManager: Unable to start service Intent { cmp=com.android.chrome/org.chromium.chrome.browser.upgrade.UpgradeIntentService } U=0: not found
05-10 15:49:01.992  1505  1523 W ActivityManager: Unable to start service Intent { cmp=com.android.chrome/org.chromium.chrome.browser.browseractions.BrowserActionsService } U=0: not found
05-10 15:49:02.065  1505  1523 W ActivityManager: Permission Denial: Accessing service com.android.chrome/org.chromium.chrome.browser.photo_picker.DecoderService from pid=17205, uid=2000 that is not exported from uid 10089
05-10 15:49:02.150  1505  1523 W ActivityManager: Permission Denial: Accessing service com.android.chrome/org.chromium.chrome.browser.invalidation.ChromeBrowserSyncAdapterService from pid=17210, uid=2000 that is not exported from uid 10089
05-10 15:49:02.228  1505  1523 W ActivityManager: Permission Denial: Accessing service com.android.chrome/org.chromium.chrome.browser.download.DownloadForegroundService from pid=17215, uid=2000 that is not exported from uid 10089
05-10 15:49:02.322  1505  1523 W ActivityManager: Permission Denial: Accessing service com.android.chrome/org.chromium.chrome.browser.download.DownloadBroadcastManager from pid=17220, uid=2000 that is not exported from uid 10089
05-10 15:49:02.427  1505  1523 W ActivityManager: Permission Denial: Accessing service com.android.chrome/org.chromium.chrome.browser.bookmarkswidget.BookmarkWidgetService from pid=17225, uid=2000 that is not exported from uid 10089
05-10 15:49:02.503  1505  1523 W ActivityManager: Permission Denial: Accessing service com.android.chrome/com.google.ipc.invalidation.ticl.android2.channel.GcmRegistrationTaskService from pid=17230, uid=2000 requires com.google.android.gms.permission.BIND_NETWORK_TASK_SERVICE
05-10 15:49:02.595  1505  1523 W ActivityManager: Permission Denial: Accessing service com.android.chrome/com.google.ipc.invalidation.ticl.android2.channel.AndroidInstanceIDListenerService from pid=17235, uid=2000 that is not exported from uid 10089
05-10 15:49:02.679  1505  1523 W ActivityManager: Permission Denial: Accessing service com.android.chrome/org.chromium.chrome.browser.services.gcm.ChromeGcmListenerService from pid=17240, uid=2000 that is not exported from uid 10089
05-10 15:49:02.763  1505  1523 W ActivityManager: Permission Denial: Accessing service com.android.chrome/org.chromium.chrome.browser.services.gcm.InvalidationGcmUpstreamSender from pid=17245, uid=2000 that is not exported from uid 10089
05-10 15:49:02.856  1505  1523 W ActivityManager: Unable to start service Intent { cmp=com.android.chrome/org.chromium.chrome.browser.invalidation.ChromeInvalidationClientService } U=0: not found
05-10 15:49:02.945  1505  1523 W ActivityManager: Permission Denial: Accessing service com.android.chrome/com.google.ipc.invalidation.ticl.android2.TiclService from pid=17255, uid=2000 that is not exported from uid 10089
05-10 15:49:03.029  1505  1523 W ActivityManager: Permission Denial: Accessing service com.android.chrome/com.google.ipc.invalidation.ticl.android2.channel.AndroidMessageSenderService from pid=17260, uid=2000 that is not exported from uid 10089
05-10 15:49:03.100  1505  1523 W ActivityManager: Permission Denial: Accessing service com.android.chrome/org.chromium.chrome.browser.notifications.NotificationService from pid=17265, uid=2000 that is not exported from uid 10089
05-10 15:49:03.210  1505  1523 W ActivityManager: Permission Denial: Accessing service com.android.chrome/org.chromium.chrome.browser.notifications.NotificationJobService from pid=17270, uid=2000 that is not exported from uid 10089
05-10 15:49:03.292  1505  1523 W ActivityManager: Permission Denial: Accessing service com.android.chrome/org.chromium.components.background_task_scheduler.BackgroundTaskJobService from pid=17275, uid=2000 that is not exported from uid 10089
05-10 15:49:03.378  1505  1523 W ActivityManager: Permission Denial: Accessing service com.android.chrome/org.chromium.components.background_task_scheduler.BackgroundTaskGcmTaskService from pid=17280, uid=2000 requires com.google.android.gms.permission.BIND_NETWORK_TASK_SERVICE
05-10 15:49:03.447  1505  1523 W ActivityManager: Permission Denial: Accessing service com.android.chrome/org.chromium.chrome.browser.ChromeBackgroundService from pid=17285, uid=2000 requires com.google.android.gms.permission.BIND_NETWORK_TASK_SERVICE
05-10 15:49:03.538   890   890 I /vendor/bin/hw/vendor.qti.hardware.servicetracker@1.0-service: startService() is called for servicecom.android.chrome/org.chromium.chrome.browser.prerender.ChromePrerenderService
05-10 15:49:03.632   890   890 I /vendor/bin/hw/vendor.qti.hardware.servicetracker@1.0-service: startService() is called for servicecom.android.chrome/org.chromium.chrome.browser.customtabs.CustomTabsConnectionService
05-10 15:49:03.701  1505  1523 W ActivityManager: Unable to start service Intent { cmp=com.android.chrome/android.support.customtabs.PostMessageService } U=0: not found
05-10 15:49:03.803  1505  1523 W ActivityManager: Permission Denial: Accessing service com.android.chrome/org.chromium.chrome.browser.crash.ChromeMinidumpUploadJobService from pid=17305, uid=2000 that is not exported from uid 10089
05-10 15:49:03.896  1505  1523 W ActivityManager: Permission Denial: Accessing service com.android.chrome/org.chromium.chrome.browser.crash.MinidumpUploadService from pid=17310, uid=2000 that is not exported from uid 10089
05-10 15:49:03.975  1505  1523 W ActivityManager: Permission Denial: Accessing service com.android.chrome/org.chromium.chrome.browser.omaha.OmahaClient from pid=17315, uid=2000 that is not exported from uid 10089
05-10 15:49:04.060  1505  1523 W ActivityManager: Permission Denial: Accessing service com.android.chrome/org.chromium.chrome.browser.incognito.IncognitoNotificationService from pid=17320, uid=2000 that is not exported from uid 10089
05-10 15:49:04.166  1505  1523 W ActivityManager: Permission Denial: Accessing service com.android.chrome/org.chromium.content.app.SandboxedProcessService0:114 from pid=17325, uid=2000 that is not exported from uid 10089
05-10 15:49:04.247  1505  1523 W ActivityManager: Permission Denial: Accessing service com.android.chrome/org.chromium.content.app.SandboxedProcessService1 from pid=17330, uid=2000 that is not exported from uid 10089
05-10 15:49:04.325  1505  1523 W ActivityManager: Permission Denial: Accessing service com.android.chrome/org.chromium.content.app.SandboxedProcessService2 from pid=17335, uid=2000 that is not exported from uid 10089
05-10 15:49:04.405  1505  1523 W ActivityManager: Permission Denial: Accessing service com.android.chrome/org.chromium.content.app.SandboxedProcessService3 from pid=17340, uid=2000 that is not exported from uid 10089
05-10 15:49:04.486  1505  1523 W ActivityManager: Permission Denial: Accessing service com.android.chrome/org.chromium.content.app.SandboxedProcessService4 from pid=17345, uid=2000 that is not exported from uid 10089
05-10 15:49:04.568  1505  1523 W ActivityManager: Permission Denial: Accessing service com.android.chrome/org.chromium.content.app.SandboxedProcessService5 from pid=17350, uid=2000 that is not exported from uid 10089
05-10 15:49:04.654  1505  1968 W ActivityManager: Permission Denial: Accessing service com.android.chrome/org.chromium.content.app.SandboxedProcessService6 from pid=17355, uid=2000 that is not exported from uid 10089
05-10 15:49:04.737  1505  1968 W ActivityManager: Permission Denial: Accessing service com.android.chrome/org.chromium.content.app.SandboxedProcessService7 from pid=17360, uid=2000 that is not exported from uid 10089
05-10 15:49:04.826  1505  1968 W ActivityManager: Permission Denial: Accessing service com.android.chrome/org.chromium.content.app.SandboxedProcessService8 from pid=17365, uid=2000 that is not exported from uid 10089
05-10 15:49:04.903  1505  1968 W ActivityManager: Permission Denial: Accessing service com.android.chrome/org.chromium.content.app.SandboxedProcessService9 from pid=17370, uid=2000 that is not exported from uid 10089
05-10 15:49:04.997  1505  1968 W ActivityManager: Permission Denial: Accessing service com.android.chrome/org.chromium.content.app.SandboxedProcessService10 from pid=17375, uid=2000 that is not exported from uid 10089
05-10 15:49:05.078  1505  1968 W ActivityManager: Permission Denial: Accessing service com.android.chrome/org.chromium.content.app.SandboxedProcessService11 from pid=17380, uid=2000 that is not exported from uid 10089
05-10 15:49:05.189  1505  1968 W ActivityManager: Permission Denial: Accessing service com.android.chrome/org.chromium.content.app.SandboxedProcessService12 from pid=17385, uid=2000 that is not exported from uid 10089
05-10 15:49:05.287  1505  1968 W ActivityManager: Permission Denial: Accessing service com.android.chrome/org.chromium.content.app.SandboxedProcessService13 from pid=17390, uid=2000 that is not exported from uid 10089
05-10 15:49:05.378  1505  1968 W ActivityManager: Permission Denial: Accessing service com.android.chrome/org.chromium.content.app.SandboxedProcessService14 from pid=17397, uid=2000 that is not exported from uid 10089
05-10 15:49:05.471  1505  1968 W ActivityManager: Permission Denial: Accessing service com.android.chrome/org.chromium.content.app.SandboxedProcessService15 from pid=17402, uid=2000 that is not exported from uid 10089
05-10 15:49:05.568  1505  1968 W ActivityManager: Permission Denial: Accessing service com.android.chrome/org.chromium.content.app.SandboxedProcessService16 from pid=17407, uid=2000 that is not exported from uid 10089
05-10 15:49:05.652  1505  1968 W ActivityManager: Permission Denial: Accessing service com.android.chrome/org.chromium.content.app.SandboxedProcessService17 from pid=17412, uid=2000 that is not exported from uid 10089
05-10 15:49:05.735  1505  1968 W ActivityManager: Permission Denial: Accessing service com.android.chrome/org.chromium.content.app.SandboxedProcessService18 from pid=17417, uid=2000 that is not exported from uid 10089
05-10 15:49:05.814  1505  1968 W ActivityManager: Permission Denial: Accessing service com.android.chrome/org.chromium.content.app.SandboxedProcessService19 from pid=17422, uid=2000 that is not exported from uid 10089
05-10 15:49:05.895  1505  1968 W ActivityManager: Permission Denial: Accessing service com.android.chrome/org.chromium.content.app.SandboxedProcessService20 from pid=17427, uid=2000 that is not exported from uid 10089
05-10 15:49:05.974  1505  1968 W ActivityManager: Permission Denial: Accessing service com.android.chrome/org.chromium.content.app.SandboxedProcessService21 from pid=17432, uid=2000 that is not exported from uid 10089
05-10 15:49:06.067  1505  1968 W ActivityManager: Permission Denial: Accessing service com.android.chrome/org.chromium.content.app.SandboxedProcessService22 from pid=17437, uid=2000 that is not exported from uid 10089
05-10 15:49:06.149  1505  1968 W ActivityManager: Permission Denial: Accessing service com.android.chrome/org.chromium.content.app.SandboxedProcessService23 from pid=17442, uid=2000 that is not exported from uid 10089
05-10 15:49:06.231  1505  1968 W ActivityManager: Permission Denial: Accessing service com.android.chrome/org.chromium.content.app.SandboxedProcessService24 from pid=17447, uid=2000 that is not exported from uid 10089
05-10 15:49:06.315  1505  1968 W ActivityManager: Permission Denial: Accessing service com.android.chrome/org.chromium.content.app.SandboxedProcessService25 from pid=17452, uid=2000 that is not exported from uid 10089
