05-10 15:06:17.358  1505  4835 I ActivityTaskManager: START u0 {act=android.intent.action.MAIN cat=[android.intent.category.LAUNCHER] flg=0x10000000 cmp=com.android.chrome/org.chromium.chrome.browser.incognito.IncognitoTabLauncher} from uid 2000 pid 3569
05-10 15:06:17.371  1505  4835 D OpQuickReply: setQuickReplyResumed focusedApp AppWindowToken{93fa57b token=Token{f5ed90a ActivityRecord{2597575 u0 com.android.chrome/org.chromium.chrome.browser.incognito.IncognitoTabLauncher t63859}}} pkgName com.android.chrome
05-10 15:06:17.410  1505 12582 I ActivityTaskManager: START u0 {act=android.intent.action.VIEW dat=chrome-native://newtab/ pkg=com.android.chrome cmp=com.android.chrome/org.chromium.chrome.browser.document.ChromeLauncherActivity (has extras)} from uid 10089 pid 10352
05-10 15:06:17.433  1505  3730 D OpQuickReply: setQuickReplyResumed focusedApp AppWindowToken{16649b0 token=Token{fa748f3 ActivityRecord{b097f62 u0 com.android.chrome/org.chromium.chrome.browser.document.ChromeLauncherActivity t63859}}} pkgName com.android.chrome
05-10 15:06:17.450  1505 24250 I ActivityTaskManager: START u0 {act=android.intent.action.MAIN cat=[android.intent.category.LAUNCHER] flg=0x10000000 cmp=com.android.chrome/org.chromium.chrome.browser.ChromeTabbedActivity} from uid 2000 pid 3592
05-10 15:06:17.453  1505 24250 D OpQuickReply: setQuickReplyResumed focusedApp AppWindowToken{13a5dd0 token=Token{7ec9993 ActivityRecord{3052e82 u0 com.android.chrome/org.chromium.chrome.browser.ChromeTabbedActivity t63858}}} pkgName com.android.chrome
05-10 15:06:17.468  1505 12582 I ActivityTaskManager: START u0 {act=android.intent.action.VIEW dat=chrome-native://newtab/ flg=0x14002000 pkg=com.android.chrome cmp=com.android.chrome/org.chromium.chrome.browser.ChromeTabbedActivity (has extras)} from uid 10089 pid 10352
05-10 15:06:17.484  1505 24250 D OpQuickReply: setQuickReplyResumed focusedApp AppWindowToken{13a5dd0 token=Token{7ec9993 ActivityRecord{3052e82 u0 com.android.chrome/org.chromium.chrome.browser.ChromeTabbedActivity t63858}}} pkgName com.android.chrome
05-10 15:06:17.494  1505 12582 I ActivityTaskManager: Activity reported stop, but no longer stopping: ActivityRecord{3052e82 u0 com.android.chrome/org.chromium.chrome.browser.ChromeTabbedActivity t63858}
05-10 15:06:17.522  1505 12582 I ActivityTaskManager: START u0 {act=android.intent.action.MAIN cat=[android.intent.category.LAUNCHER] flg=0x10000000 cmp=com.android.chrome/org.chromium.chrome.browser.printing.PrintShareActivity} from uid 2000 pid 3602
05-10 15:06:17.598  1505  3730 I ActivityTaskManager: START u0 {act=android.intent.action.MAIN cat=[android.intent.category.LAUNCHER] flg=0x10000000 cmp=com.android.chrome/org.chromium.chrome.browser.send_tab_to_self.SendTabToSelfShareActivity} from uid 2000 pid 3609
05-10 15:06:17.641  1505  1562 I ActivityManager: Start proc 3615:com.android.chrome:sandboxed_process0:org.chromium.content.app.SandboxedProcessService0:107/u0ai2 for  {com.android.chrome/org.chromium.content.app.SandboxedProcessService0:107}
05-10 15:06:17.666  1505  1562 I ActivityManager: Start proc 3627:com.android.chrome:sandboxed_process0:org.chromium.content.app.SandboxedProcessService0:107/u0ai3 for  {com.android.chrome/org.chromium.content.app.SandboxedProcessService0:107}
05-10 15:06:17.683  1505 12582 I ActivityManager: Killing 3615:com.android.chrome:sandboxed_process0:org.chromium.content.app.SandboxedProcessService0:107/u0a89i-8998 (adj 905): isolated not needed
05-10 15:06:17.690  1505 12582 I ActivityTaskManager: START u0 {act=android.intent.action.MAIN cat=[android.intent.category.LAUNCHER] flg=0x10000000 cmp=com.android.chrome/org.chromium.chrome.browser.browseractions.BrowserActionActivity} from uid 2000 pid 3623
05-10 15:06:17.789  1505 12582 I ActivityTaskManager: START u0 {act=android.intent.action.MAIN cat=[android.intent.category.LAUNCHER] flg=0x10000000 cmp=com.android.chrome/org.chromium.chrome.browser.browserservices.ManageTrustedWebActivityDataActivity} from uid 2000 pid 3658
05-10 15:06:17.797  1505 12582 D OpQuickReply: setQuickReplyResumed focusedApp AppWindowToken{97d732b token=Token{7c18f7a ActivityRecord{5b43fa5 u0 com.android.chrome/org.chromium.chrome.browser.browserservices.ManageTrustedWebActivityDataActivity t63858}}} pkgName com.android.chrome
05-10 15:06:17.822  1505  8134 W ActivityTaskManager: Duplicate finish request for ActivityRecord{5b43fa5 u0 com.android.chrome/org.chromium.chrome.browser.browserservices.ManageTrustedWebActivityDataActivity t63858 f}
05-10 15:06:17.848  1505  8134 D OpQuickReply: setQuickReplyResumed focusedApp AppWindowToken{13a5dd0 token=Token{7ec9993 ActivityRecord{3052e82 u0 com.android.chrome/org.chromium.chrome.browser.ChromeTabbedActivity t63858}}} pkgName com.android.chrome
05-10 15:06:17.868  1505  3730 I ActivityTaskManager: START u0 {act=android.intent.action.MAIN cat=[android.intent.category.LAUNCHER] flg=0x10000000 cmp=com.android.chrome/org.chromium.chrome.browser.LauncherShortcutActivity} from uid 2000 pid 3676
05-10 15:06:17.869  1505  3730 W ActivityTaskManager: Permission Denial: starting Intent { act=android.intent.action.MAIN cat=[android.intent.category.LAUNCHER] flg=0x10000000 cmp=com.android.chrome/org.chromium.chrome.browser.LauncherShortcutActivity } from null (pid=3676, uid=2000) not exported from uid 10089
05-10 15:06:17.945  1505 24250 I ActivityTaskManager: START u0 {act=android.intent.action.MAIN cat=[android.intent.category.LAUNCHER] flg=0x10000000 cmp=com.android.chrome/org.chromium.chrome.browser.document.DocumentActivity} from uid 2000 pid 3684
05-10 15:06:18.024  1505  3730 I ActivityTaskManager: START u0 {act=android.intent.action.MAIN cat=[android.intent.category.LAUNCHER] flg=0x10000000 cmp=com.android.chrome/org.chromium.chrome.browser.document.IncognitoDocumentActivity} from uid 2000 pid 3689
05-10 15:06:18.105  1505  3730 I ActivityTaskManager: START u0 {act=android.intent.action.MAIN cat=[android.intent.category.LAUNCHER] flg=0x10000000 cmp=com.android.chrome/org.chromium.chrome.browser.customtabs.CustomTabActivity} from uid 2000 pid 3694
05-10 15:06:18.105  1505  3730 W ActivityTaskManager: Permission Denial: starting Intent { act=android.intent.action.MAIN cat=[android.intent.category.LAUNCHER] flg=0x10000000 cmp=com.android.chrome/org.chromium.chrome.browser.customtabs.CustomTabActivity } from null (pid=3694, uid=2000) not exported from uid 10089
05-10 15:06:18.195  1505  3730 I ActivityTaskManager: START u0 {act=android.intent.action.MAIN cat=[android.intent.category.LAUNCHER] flg=0x10000000 cmp=com.android.chrome/org.chromium.chrome.browser.customtabs.PaymentHandlerActivity} from uid 2000 pid 3699
05-10 15:06:18.196  1505  3730 W ActivityTaskManager: Permission Denial: starting Intent { act=android.intent.action.MAIN cat=[android.intent.category.LAUNCHER] flg=0x10000000 cmp=com.android.chrome/org.chromium.chrome.browser.customtabs.PaymentHandlerActivity } from null (pid=3699, uid=2000) not exported from uid 10089
05-10 15:06:18.299  1505  3730 I ActivityTaskManager: START u0 {act=android.intent.action.MAIN cat=[android.intent.category.LAUNCHER] flg=0x10000000 cmp=com.android.chrome/org.chromium.chrome.browser.customtabs.SeparateTaskCustomTabActivity} from uid 2000 pid 3704
05-10 15:06:18.299  1505  3730 W ActivityTaskManager: Permission Denial: starting Intent { act=android.intent.action.MAIN cat=[android.intent.category.LAUNCHER] flg=0x10000000 cmp=com.android.chrome/org.chromium.chrome.browser.customtabs.SeparateTaskCustomTabActivity } from null (pid=3704, uid=2000) not exported from uid 10089
05-10 15:06:18.383  1505  3730 I ActivityTaskManager: START u0 {act=android.intent.action.MAIN cat=[android.intent.category.LAUNCHER] flg=0x10000000 cmp=com.android.chrome/org.chromium.chrome.browser.incognito.IncognitoDisclosureActivity} from uid 2000 pid 3713
05-10 15:06:18.480  1505  3730 I ActivityTaskManager: START u0 {act=android.intent.action.MAIN cat=[android.intent.category.LAUNCHER] flg=0x10000000 cmp=com.android.chrome/org.chromium.chrome.browser.ChromeTabbedActivity2} from uid 2000 pid 3718
05-10 15:06:18.480  1505  3730 W ActivityTaskManager: Permission Denial: starting Intent { act=android.intent.action.MAIN cat=[android.intent.category.LAUNCHER] flg=0x10000000 cmp=com.android.chrome/org.chromium.chrome.browser.ChromeTabbedActivity2 } from null (pid=3718, uid=2000) not exported from uid 10089
05-10 15:06:18.580  1505  2582 I ActivityTaskManager: START u0 {act=android.intent.action.MAIN cat=[android.intent.category.LAUNCHER] flg=0x10000000 cmp=com.android.chrome/org.chromium.chrome.browser.multiwindow.MultiInstanceChromeTabbedActivity} from uid 2000 pid 3723
05-10 15:06:18.580  1505  2582 W ActivityTaskManager: Permission Denial: starting Intent { act=android.intent.action.MAIN cat=[android.intent.category.LAUNCHER] flg=0x10000000 cmp=com.android.chrome/org.chromium.chrome.browser.multiwindow.MultiInstanceChromeTabbedActivity } from null (pid=3723, uid=2000) not exported from uid 10089
05-10 15:06:18.612  1505  3730 I ActivityTaskManager: START u0 {act=android.intent.action.MAIN cat=[android.intent.category.LAUNCHER] flg=0x10000000 cmp=com.android.chrome/org.chromium.chrome.browser.vr.VrFirstRunActivity} from uid 2000 pid 3740
05-10 15:06:18.612  1505  3730 W ActivityTaskManager: Permission Denial: starting Intent { act=android.intent.action.MAIN cat=[android.intent.category.LAUNCHER] flg=0x10000000 cmp=com.android.chrome/org.chromium.chrome.browser.vr.VrFirstRunActivity } from null (pid=3740, uid=2000) not exported from uid 10089
05-10 15:06:18.642  1505  3730 I ActivityTaskManager: START u0 {act=android.intent.action.MAIN cat=[android.intent.category.LAUNCHER] flg=0x10000000 cmp=com.android.chrome/org.chromium.chrome.browser.signin.SigninActivity} from uid 2000 pid 3746
05-10 15:06:18.642  1505  3730 W ActivityTaskManager: Permission Denial: starting Intent { act=android.intent.action.MAIN cat=[android.intent.category.LAUNCHER] flg=0x10000000 cmp=com.android.chrome/org.chromium.chrome.browser.signin.SigninActivity } from null (pid=3746, uid=2000) not exported from uid 10089
05-10 15:06:18.671  1505  3730 I ActivityTaskManager: START u0 {act=android.intent.action.MAIN cat=[android.intent.category.LAUNCHER] flg=0x10000000 cmp=com.android.chrome/org.chromium.chrome.browser.preferences.Preferences} from uid 2000 pid 3759
05-10 15:06:18.703  1505  3730 I ActivityTaskManager: START u0 {act=android.intent.action.MAIN cat=[android.intent.category.LAUNCHER] flg=0x10000000 cmp=com.android.chrome/org.chromium.chrome.browser.preferences.website.ManageSpaceActivity} from uid 2000 pid 3766
05-10 15:06:18.737  1505  8134 I ActivityTaskManager: START u0 {act=android.intent.action.MAIN cat=[android.intent.category.LAUNCHER] flg=0x10000000 cmp=com.android.chrome/org.chromium.chrome.browser.bookmarks.BookmarkActivity} from uid 2000 pid 3773
05-10 15:06:18.737  1505  8134 W ActivityTaskManager: Permission Denial: starting Intent { act=android.intent.action.MAIN cat=[android.intent.category.LAUNCHER] flg=0x10000000 cmp=com.android.chrome/org.chromium.chrome.browser.bookmarks.BookmarkActivity } from null (pid=3773, uid=2000) not exported from uid 10089
05-10 15:06:18.769  1505  8134 I ActivityTaskManager: START u0 {act=android.intent.action.MAIN cat=[android.intent.category.LAUNCHER] flg=0x10000000 cmp=com.android.chrome/org.chromium.chrome.browser.bookmarks.BookmarkEditActivity} from uid 2000 pid 3790
05-10 15:06:18.769  1505  8134 W ActivityTaskManager: Permission Denial: starting Intent { act=android.intent.action.MAIN cat=[android.intent.category.LAUNCHER] flg=0x10000000 cmp=com.android.chrome/org.chromium.chrome.browser.bookmarks.BookmarkEditActivity } from null (pid=3790, uid=2000) not exported from uid 10089
05-10 15:06:18.800  1505  8134 I ActivityTaskManager: START u0 {act=android.intent.action.MAIN cat=[android.intent.category.LAUNCHER] flg=0x10000000 cmp=com.android.chrome/org.chromium.chrome.browser.bookmarks.BookmarkAddEditFolderActivity} from uid 2000 pid 3803
05-10 15:06:18.800  1505  8134 W ActivityTaskManager: Permission Denial: starting Intent { act=android.intent.action.MAIN cat=[android.intent.category.LAUNCHER] flg=0x10000000 cmp=com.android.chrome/org.chromium.chrome.browser.bookmarks.BookmarkAddEditFolderActivity } from null (pid=3803, uid=2000) not exported from uid 10089
05-10 15:06:18.830  1505  8134 I ActivityTaskManager: START u0 {act=android.intent.action.MAIN cat=[android.intent.category.LAUNCHER] flg=0x10000000 cmp=com.android.chrome/org.chromium.chrome.browser.bookmarks.BookmarkFolderSelectActivity} from uid 2000 pid 3809
05-10 15:06:18.830  1505  8134 W ActivityTaskManager: Permission Denial: starting Intent { act=android.intent.action.MAIN cat=[android.intent.category.LAUNCHER] flg=0x10000000 cmp=com.android.chrome/org.chromium.chrome.browser.bookmarks.BookmarkFolderSelectActivity } from null (pid=3809, uid=2000) not exported from uid 10089
05-10 15:06:18.859  1505  8134 I ActivityTaskManager: START u0 {act=android.intent.action.MAIN cat=[android.intent.category.LAUNCHER] flg=0x10000000 cmp=com.android.chrome/org.chromium.chrome.browser.download.DownloadActivity} from uid 2000 pid 3814
05-10 15:06:18.860  1505  8134 W ActivityTaskManager: Permission Denial: starting Intent { act=android.intent.action.MAIN cat=[android.intent.category.LAUNCHER] flg=0x10000000 cmp=com.android.chrome/org.chromium.chrome.browser.download.DownloadActivity } from null (pid=3814, uid=2000) not exported from uid 10089
05-10 15:06:18.887  1505  3730 I ActivityTaskManager: START u0 {act=android.intent.action.MAIN cat=[android.intent.category.LAUNCHER] flg=0x10000000 cmp=com.android.chrome/org.chromium.chrome.browser.history.HistoryActivity} from uid 2000 pid 3829
05-10 15:06:18.887  1505  3730 W ActivityTaskManager: Permission Denial: starting Intent { act=android.intent.action.MAIN cat=[android.intent.category.LAUNCHER] flg=0x10000000 cmp=com.android.chrome/org.chromium.chrome.browser.history.HistoryActivity } from null (pid=3829, uid=2000) not exported from uid 10089
05-10 15:06:18.915  1505  3730 I ActivityTaskManager: START u0 {act=android.intent.action.MAIN cat=[android.intent.category.LAUNCHER] flg=0x10000000 cmp=com.android.chrome/org.chromium.chrome.browser.webapps.WebappActivity} from uid 2000 pid 3835
05-10 15:06:18.915  1505  3730 W ActivityTaskManager: Permission Denial: starting Intent { act=android.intent.action.MAIN cat=[android.intent.category.LAUNCHER] flg=0x10000000 cmp=com.android.chrome/org.chromium.chrome.browser.webapps.WebappActivity } from null (pid=3835, uid=2000) not exported from uid 10089
05-10 15:06:18.940  1505  3730 I ActivityTaskManager: START u0 {act=android.intent.action.MAIN cat=[android.intent.category.LAUNCHER] flg=0x10000000 cmp=com.android.chrome/org.chromium.chrome.browser.webapps.WebappActivity0} from uid 2000 pid 3845
05-10 15:06:18.941  1505  3730 W ActivityTaskManager: Permission Denial: starting Intent { act=android.intent.action.MAIN cat=[android.intent.category.LAUNCHER] flg=0x10000000 cmp=com.android.chrome/org.chromium.chrome.browser.webapps.WebappActivity0 } from null (pid=3845, uid=2000) not exported from uid 10089
05-10 15:06:18.973  1505  3730 I ActivityTaskManager: START u0 {act=android.intent.action.MAIN cat=[android.intent.category.LAUNCHER] flg=0x10000000 cmp=com.android.chrome/org.chromium.chrome.browser.webapps.WebappActivity1} from uid 2000 pid 3851
05-10 15:06:18.973  1505  3730 W ActivityTaskManager: Permission Denial: starting Intent { act=android.intent.action.MAIN cat=[android.intent.category.LAUNCHER] flg=0x10000000 cmp=com.android.chrome/org.chromium.chrome.browser.webapps.WebappActivity1 } from null (pid=3851, uid=2000) not exported from uid 10089
05-10 15:06:19.005  1505  3730 I ActivityTaskManager: START u0 {act=android.intent.action.MAIN cat=[android.intent.category.LAUNCHER] flg=0x10000000 cmp=com.android.chrome/org.chromium.chrome.browser.webapps.WebappActivity2} from uid 2000 pid 3865
05-10 15:06:19.005  1505  3730 W ActivityTaskManager: Permission Denial: starting Intent { act=android.intent.action.MAIN cat=[android.intent.category.LAUNCHER] flg=0x10000000 cmp=com.android.chrome/org.chromium.chrome.browser.webapps.WebappActivity2 } from null (pid=3865, uid=2000) not exported from uid 10089
05-10 15:06:19.035  1505  3730 I ActivityTaskManager: START u0 {act=android.intent.action.MAIN cat=[android.intent.category.LAUNCHER] flg=0x10000000 cmp=com.android.chrome/org.chromium.chrome.browser.webapps.WebappActivity3} from uid 2000 pid 3878
05-10 15:06:19.035  1505  3730 W ActivityTaskManager: Permission Denial: starting Intent { act=android.intent.action.MAIN cat=[android.intent.category.LAUNCHER] flg=0x10000000 cmp=com.android.chrome/org.chromium.chrome.browser.webapps.WebappActivity3 } from null (pid=3878, uid=2000) not exported from uid 10089
05-10 15:06:19.064  1505  3730 I ActivityTaskManager: START u0 {act=android.intent.action.MAIN cat=[android.intent.category.LAUNCHER] flg=0x10000000 cmp=com.android.chrome/org.chromium.chrome.browser.webapps.WebappActivity4} from uid 2000 pid 3900
05-10 15:06:19.064  1505  3730 W ActivityTaskManager: Permission Denial: starting Intent { act=android.intent.action.MAIN cat=[android.intent.category.LAUNCHER] flg=0x10000000 cmp=com.android.chrome/org.chromium.chrome.browser.webapps.WebappActivity4 } from null (pid=3900, uid=2000) not exported from uid 10089
05-10 15:06:19.093  1505  3730 I ActivityTaskManager: START u0 {act=android.intent.action.MAIN cat=[android.intent.category.LAUNCHER] flg=0x10000000 cmp=com.android.chrome/org.chromium.chrome.browser.webapps.WebappActivity5} from uid 2000 pid 3907
05-10 15:06:19.093  1505  3730 W ActivityTaskManager: Permission Denial: starting Intent { act=android.intent.action.MAIN cat=[android.intent.category.LAUNCHER] flg=0x10000000 cmp=com.android.chrome/org.chromium.chrome.browser.webapps.WebappActivity5 } from null (pid=3907, uid=2000) not exported from uid 10089
05-10 15:06:19.123  1505  3730 I ActivityTaskManager: START u0 {act=android.intent.action.MAIN cat=[android.intent.category.LAUNCHER] flg=0x10000000 cmp=com.android.chrome/org.chromium.chrome.browser.webapps.WebappActivity6} from uid 2000 pid 3922
05-10 15:06:19.124  1505  3730 W ActivityTaskManager: Permission Denial: starting Intent { act=android.intent.action.MAIN cat=[android.intent.category.LAUNCHER] flg=0x10000000 cmp=com.android.chrome/org.chromium.chrome.browser.webapps.WebappActivity6 } from null (pid=3922, uid=2000) not exported from uid 10089
05-10 15:06:19.153  1505  3730 I ActivityTaskManager: START u0 {act=android.intent.action.MAIN cat=[android.intent.category.LAUNCHER] flg=0x10000000 cmp=com.android.chrome/org.chromium.chrome.browser.webapps.WebappActivity7} from uid 2000 pid 3928
05-10 15:06:19.154  1505  3730 W ActivityTaskManager: Permission Denial: starting Intent { act=android.intent.action.MAIN cat=[android.intent.category.LAUNCHER] flg=0x10000000 cmp=com.android.chrome/org.chromium.chrome.browser.webapps.WebappActivity7 } from null (pid=3928, uid=2000) not exported from uid 10089
05-10 15:06:19.184  1505  3730 I ActivityTaskManager: START u0 {act=android.intent.action.MAIN cat=[android.intent.category.LAUNCHER] flg=0x10000000 cmp=com.android.chrome/org.chromium.chrome.browser.webapps.WebappActivity8} from uid 2000 pid 3936
05-10 15:06:19.184  1505  3730 W ActivityTaskManager: Permission Denial: starting Intent { act=android.intent.action.MAIN cat=[android.intent.category.LAUNCHER] flg=0x10000000 cmp=com.android.chrome/org.chromium.chrome.browser.webapps.WebappActivity8 } from null (pid=3936, uid=2000) not exported from uid 10089
05-10 15:06:19.214  1505  3730 I ActivityTaskManager: START u0 {act=android.intent.action.MAIN cat=[android.intent.category.LAUNCHER] flg=0x10000000 cmp=com.android.chrome/org.chromium.chrome.browser.webapps.WebappActivity9} from uid 2000 pid 3943
05-10 15:06:19.214  1505  3730 W ActivityTaskManager: Permission Denial: starting Intent { act=android.intent.action.MAIN cat=[android.intent.category.LAUNCHER] flg=0x10000000 cmp=com.android.chrome/org.chromium.chrome.browser.webapps.WebappActivity9 } from null (pid=3943, uid=2000) not exported from uid 10089
05-10 15:06:19.242  1505  3730 I ActivityTaskManager: START u0 {act=android.intent.action.MAIN cat=[android.intent.category.LAUNCHER] flg=0x10000000 cmp=com.android.chrome/org.chromium.chrome.browser.webapps.SameTaskWebApkActivity} from uid 2000 pid 3955
05-10 15:06:19.242  1505  3730 W ActivityTaskManager: Permission Denial: starting Intent { act=android.intent.action.MAIN cat=[android.intent.category.LAUNCHER] flg=0x10000000 cmp=com.android.chrome/org.chromium.chrome.browser.webapps.SameTaskWebApkActivity } from null (pid=3955, uid=2000) not exported from uid 10089
05-10 15:06:19.269  1505  3730 I ActivityTaskManager: START u0 {act=android.intent.action.MAIN cat=[android.intent.category.LAUNCHER] flg=0x10000000 cmp=com.android.chrome/org.chromium.chrome.browser.webapps.WebApkActivity} from uid 2000 pid 3961
05-10 15:06:19.269  1505  3730 W ActivityTaskManager: Permission Denial: starting Intent { act=android.intent.action.MAIN cat=[android.intent.category.LAUNCHER] flg=0x10000000 cmp=com.android.chrome/org.chromium.chrome.browser.webapps.WebApkActivity } from null (pid=3961, uid=2000) not exported from uid 10089
05-10 15:06:19.298  1505  3730 I ActivityTaskManager: START u0 {act=android.intent.action.MAIN cat=[android.intent.category.LAUNCHER] flg=0x10000000 cmp=com.android.chrome/org.chromium.chrome.browser.webapps.WebApkActivity0} from uid 2000 pid 3968
05-10 15:06:19.298  1505  3730 W ActivityTaskManager: Permission Denial: starting Intent { act=android.intent.action.MAIN cat=[android.intent.category.LAUNCHER] flg=0x10000000 cmp=com.android.chrome/org.chromium.chrome.browser.webapps.WebApkActivity0 } from null (pid=3968, uid=2000) not exported from uid 10089
05-10 15:06:19.326  1505  3730 I ActivityTaskManager: START u0 {act=android.intent.action.MAIN cat=[android.intent.category.LAUNCHER] flg=0x10000000 cmp=com.android.chrome/org.chromium.chrome.browser.webapps.WebApkActivity1} from uid 2000 pid 3983
05-10 15:06:19.326  1505  3730 W ActivityTaskManager: Permission Denial: starting Intent { act=android.intent.action.MAIN cat=[android.intent.category.LAUNCHER] flg=0x10000000 cmp=com.android.chrome/org.chromium.chrome.browser.webapps.WebApkActivity1 } from null (pid=3983, uid=2000) not exported from uid 10089
05-10 15:06:19.354  1505  3730 I ActivityTaskManager: START u0 {act=android.intent.action.MAIN cat=[android.intent.category.LAUNCHER] flg=0x10000000 cmp=com.android.chrome/org.chromium.chrome.browser.webapps.WebApkActivity2} from uid 2000 pid 3990
05-10 15:06:19.355  1505  3730 W ActivityTaskManager: Permission Denial: starting Intent { act=android.intent.action.MAIN cat=[android.intent.category.LAUNCHER] flg=0x10000000 cmp=com.android.chrome/org.chromium.chrome.browser.webapps.WebApkActivity2 } from null (pid=3990, uid=2000) not exported from uid 10089
05-10 15:06:19.383  1505  3730 I ActivityTaskManager: START u0 {act=android.intent.action.MAIN cat=[android.intent.category.LAUNCHER] flg=0x10000000 cmp=com.android.chrome/org.chromium.chrome.browser.webapps.WebApkActivity3} from uid 2000 pid 3996
05-10 15:06:19.383  1505  3730 W ActivityTaskManager: Permission Denial: starting Intent { act=android.intent.action.MAIN cat=[android.intent.category.LAUNCHER] flg=0x10000000 cmp=com.android.chrome/org.chromium.chrome.browser.webapps.WebApkActivity3 } from null (pid=3996, uid=2000) not exported from uid 10089
05-10 15:06:19.415  1505  3730 I ActivityTaskManager: START u0 {act=android.intent.action.MAIN cat=[android.intent.category.LAUNCHER] flg=0x10000000 cmp=com.android.chrome/org.chromium.chrome.browser.webapps.WebApkActivity4} from uid 2000 pid 4002
05-10 15:06:19.416  1505  3730 W ActivityTaskManager: Permission Denial: starting Intent { act=android.intent.action.MAIN cat=[android.intent.category.LAUNCHER] flg=0x10000000 cmp=com.android.chrome/org.chromium.chrome.browser.webapps.WebApkActivity4 } from null (pid=4002, uid=2000) not exported from uid 10089
05-10 15:06:19.447  1505  3730 I ActivityTaskManager: START u0 {act=android.intent.action.MAIN cat=[android.intent.category.LAUNCHER] flg=0x10000000 cmp=com.android.chrome/org.chromium.chrome.browser.webapps.WebApkActivity5} from uid 2000 pid 4015
05-10 15:06:19.447  1505  3730 W ActivityTaskManager: Permission Denial: starting Intent { act=android.intent.action.MAIN cat=[android.intent.category.LAUNCHER] flg=0x10000000 cmp=com.android.chrome/org.chromium.chrome.browser.webapps.WebApkActivity5 } from null (pid=4015, uid=2000) not exported from uid 10089
05-10 15:06:19.477  1505  3730 I ActivityTaskManager: START u0 {act=android.intent.action.MAIN cat=[android.intent.category.LAUNCHER] flg=0x10000000 cmp=com.android.chrome/org.chromium.chrome.browser.webapps.WebApkActivity6} from uid 2000 pid 4022
05-10 15:06:19.477  1505  3730 W ActivityTaskManager: Permission Denial: starting Intent { act=android.intent.action.MAIN cat=[android.intent.category.LAUNCHER] flg=0x10000000 cmp=com.android.chrome/org.chromium.chrome.browser.webapps.WebApkActivity6 } from null (pid=4022, uid=2000) not exported from uid 10089
05-10 15:06:19.505  1505  3730 I ActivityTaskManager: START u0 {act=android.intent.action.MAIN cat=[android.intent.category.LAUNCHER] flg=0x10000000 cmp=com.android.chrome/org.chromium.chrome.browser.webapps.WebApkActivity7} from uid 2000 pid 4030
05-10 15:06:19.505  1505  3730 W ActivityTaskManager: Permission Denial: starting Intent { act=android.intent.action.MAIN cat=[android.intent.category.LAUNCHER] flg=0x10000000 cmp=com.android.chrome/org.chromium.chrome.browser.webapps.WebApkActivity7 } from null (pid=4030, uid=2000) not exported from uid 10089
05-10 15:06:19.537  1505  3730 I ActivityTaskManager: START u0 {act=android.intent.action.MAIN cat=[android.intent.category.LAUNCHER] flg=0x10000000 cmp=com.android.chrome/org.chromium.chrome.browser.webapps.WebApkActivity8} from uid 2000 pid 4044
05-10 15:06:19.538  1505  3730 W ActivityTaskManager: Permission Denial: starting Intent { act=android.intent.action.MAIN cat=[android.intent.category.LAUNCHER] flg=0x10000000 cmp=com.android.chrome/org.chromium.chrome.browser.webapps.WebApkActivity8 } from null (pid=4044, uid=2000) not exported from uid 10089
05-10 15:06:19.571  1505  3730 I ActivityTaskManager: START u0 {act=android.intent.action.MAIN cat=[android.intent.category.LAUNCHER] flg=0x10000000 cmp=com.android.chrome/org.chromium.chrome.browser.webapps.WebApkActivity9} from uid 2000 pid 4050
05-10 15:06:19.571  1505  3730 W ActivityTaskManager: Permission Denial: starting Intent { act=android.intent.action.MAIN cat=[android.intent.category.LAUNCHER] flg=0x10000000 cmp=com.android.chrome/org.chromium.chrome.browser.webapps.WebApkActivity9 } from null (pid=4050, uid=2000) not exported from uid 10089
05-10 15:06:19.597  1505  3730 I ActivityTaskManager: START u0 {act=android.intent.action.MAIN cat=[android.intent.category.LAUNCHER] flg=0x10000000 cmp=com.android.chrome/org.chromium.chrome.browser.BrowserRestartActivity} from uid 2000 pid 4063
05-10 15:06:19.598  1505  3730 W ActivityTaskManager: Permission Denial: starting Intent { act=android.intent.action.MAIN cat=[android.intent.category.LAUNCHER] flg=0x10000000 cmp=com.android.chrome/org.chromium.chrome.browser.BrowserRestartActivity } from null (pid=4063, uid=2000) not exported from uid 10089
05-10 15:06:19.626  1505  3730 I ActivityTaskManager: START u0 {act=android.intent.action.MAIN cat=[android.intent.category.LAUNCHER] flg=0x10000000 cmp=com.android.chrome/org.chromium.chrome.browser.instantapps.AuthenticatedProxyActivity} from uid 2000 pid 4068
05-10 15:06:19.626  1505  3730 W ActivityTaskManager: Permission Denial: starting Intent { act=android.intent.action.MAIN cat=[android.intent.category.LAUNCHER] flg=0x10000000 cmp=com.android.chrome/org.chromium.chrome.browser.instantapps.AuthenticatedProxyActivity } from null (pid=4068, uid=2000) not exported from uid 10089
05-10 15:06:19.653  1505  3730 I ActivityTaskManager: START u0 {act=android.intent.action.MAIN cat=[android.intent.category.LAUNCHER] flg=0x10000000 cmp=com.android.chrome/org.chromium.chrome.browser.vr.VrCancelAnimationActivity} from uid 2000 pid 4080
05-10 15:06:19.653  1505  3730 W ActivityTaskManager: Permission Denial: starting Intent { act=android.intent.action.MAIN cat=[android.intent.category.LAUNCHER] flg=0x10000000 cmp=com.android.chrome/org.chromium.chrome.browser.vr.VrCancelAnimationActivity } from null (pid=4080, uid=2000) not exported from uid 10089
05-10 15:06:19.684  1505  3730 I ActivityTaskManager: START u0 {act=android.intent.action.MAIN cat=[android.intent.category.LAUNCHER] flg=0x10000000 cmp=com.android.chrome/org.chromium.chrome.browser.browserservices.ClearDataDialogActivity} from uid 2000 pid 4086
05-10 15:06:19.684  1505  3730 W ActivityTaskManager: Permission Denial: starting Intent { act=android.intent.action.MAIN cat=[android.intent.category.LAUNCHER] flg=0x10000000 cmp=com.android.chrome/org.chromium.chrome.browser.browserservices.ClearDataDialogActivity } from null (pid=4086, uid=2000) not exported from uid 10089
05-10 15:06:19.712  1505  3730 I ActivityTaskManager: START u0 {act=android.intent.action.MAIN cat=[android.intent.category.LAUNCHER] flg=0x10000000 cmp=com.android.chrome/org.chromium.chrome.browser.searchwidget.SearchActivity} from uid 2000 pid 4092
05-10 15:06:19.712  1505  3730 W ActivityTaskManager: Permission Denial: starting Intent { act=android.intent.action.MAIN cat=[android.intent.category.LAUNCHER] flg=0x10000000 cmp=com.android.chrome/org.chromium.chrome.browser.searchwidget.SearchActivity } from null (pid=4092, uid=2000) not exported from uid 10089
05-10 15:06:19.740  1505  3730 I ActivityTaskManager: START u0 {act=android.intent.action.MAIN cat=[android.intent.category.LAUNCHER] flg=0x10000000 cmp=com.android.chrome/com.google.android.gms.common.api.GoogleApiActivity} from uid 2000 pid 4097
05-10 15:06:19.740  1505  3730 W ActivityTaskManager: Permission Denial: starting Intent { act=android.intent.action.MAIN cat=[android.intent.category.LAUNCHER] flg=0x10000000 cmp=com.android.chrome/com.google.android.gms.common.api.GoogleApiActivity } from null (pid=4097, uid=2000) not exported from uid 10089
05-10 15:06:19.768  1505  3730 I ActivityTaskManager: START u0 {act=android.intent.action.MAIN cat=[android.intent.category.LAUNCHER] flg=0x10000000 cmp=com.android.chrome/com.google.android.libraries.hats20.SurveyPromptActivity} from uid 2000 pid 4114
05-10 15:06:19.769  1505  3730 W ActivityTaskManager: Permission Denial: starting Intent { act=android.intent.action.MAIN cat=[android.intent.category.LAUNCHER] flg=0x10000000 cmp=com.android.chrome/com.google.android.libraries.hats20.SurveyPromptActivity } from null (pid=4114, uid=2000) not exported from uid 10089
05-10 15:06:20.738  1505  1555 D OpRestartProcessManager: updateSelf :  com.android.chrome, size : 30
05-10 15:06:20.739  1505  7541 D OpQuickReply: setQuickReplyResumed focusedApp AppWindowToken{13a5dd0 token=Token{7ec9993 ActivityRecord{3052e82 u0 com.android.chrome/org.chromium.chrome.browser.ChromeTabbedActivity t63858}}} pkgName com.android.chrome
05-10 15:06:20.785  1505  1561 W BroadcastQueue: Background execution not allowed: receiving Intent { act=android.intent.action.USER_PRESENT flg=0x24200010 } to com.android.chrome/org.chromium.chrome.browser.sharing.click_to_call.ClickToCallMessageHandler$PhoneUnlockedReceiver
05-10 15:06:22.786  1505  1968 I ActivityManager: Killing 2764:com.android.chrome:sandboxed_process0:org.chromium.content.app.SandboxedProcessService0:106/u0a89i-8999 (adj 0): isolated not needed
05-10 15:06:22.806  1505  1968 I ActivityManager: Killing 3627:com.android.chrome:sandboxed_process0:org.chromium.content.app.SandboxedProcessService0:107/u0a89i-8997 (adj 0): isolated not needed
05-10 15:08:35.935  1505  1561 W BroadcastQueue: Background execution not allowed: receiving Intent { act=android.intent.action.USER_PRESENT flg=0x24200010 } to com.android.chrome/org.chromium.chrome.browser.sharing.click_to_call.ClickToCallMessageHandler$PhoneUnlockedReceiver
05-10 15:17:38.914  1505  4835 I ActivityTaskManager: START u0 {act=android.intent.action.MAIN cat=[android.intent.category.LAUNCHER] flg=0x10000000 cmp=com.android.chrome/org.chromium.chrome.browser.media.MediaLauncherActivity} from uid 2000 pid 8145
05-10 15:17:39.009  1505  4835 I ActivityTaskManager: START u0 {act=android.intent.action.MAIN cat=[android.intent.category.LAUNCHER] flg=0x10000000 cmp=com.android.chrome/org.chromium.chrome.browser.incognito.IncognitoTabLauncher} from uid 2000 pid 8150
05-10 15:17:39.030  1505  4835 D OpQuickReply: setQuickReplyResumed focusedApp AppWindowToken{cdaf35a token=Token{4474705 ActivityRecord{365427c u0 com.android.chrome/org.chromium.chrome.browser.incognito.IncognitoTabLauncher t63861}}} pkgName com.android.chrome
05-10 15:17:39.043  1505  1555 D Foreground_io: TOP_APP is ProcessRecord{df4c1b0 10352:com.android.chrome/u0a89} uid is 10089
05-10 15:17:39.091  1505  3730 I ActivityTaskManager: START u0 {act=android.intent.action.VIEW dat=chrome-native://newtab/ pkg=com.android.chrome cmp=com.android.chrome/org.chromium.chrome.browser.document.ChromeLauncherActivity (has extras)} from uid 10089 pid 10352
05-10 15:17:39.119  1505  3730 D OpQuickReply: setQuickReplyResumed focusedApp AppWindowToken{b39be80 token=Token{69f4f03 ActivityRecord{a0493b2 u0 com.android.chrome/org.chromium.chrome.browser.document.ChromeLauncherActivity t63861}}} pkgName com.android.chrome
05-10 15:17:39.128  1505  4835 I ActivityTaskManager: START u0 {act=android.intent.action.MAIN cat=[android.intent.category.LAUNCHER] flg=0x10000000 cmp=com.android.chrome/org.chromium.chrome.browser.ChromeTabbedActivity} from uid 2000 pid 8164
05-10 15:17:39.146  1505  4835 I ActivityTaskManager: START u0 {act=android.intent.action.VIEW dat=chrome-native://newtab/ flg=0x14002000 pkg=com.android.chrome cmp=com.android.chrome/org.chromium.chrome.browser.ChromeTabbedActivity (has extras)} from uid 10089 pid 10352
05-10 15:17:39.161  1505  3730 D OpQuickReply: setQuickReplyResumed focusedApp AppWindowToken{6f23b44 token=Token{2947457 ActivityRecord{cb469d6 u0 com.android.chrome/org.chromium.chrome.browser.ChromeTabbedActivity t63862}}} pkgName com.android.chrome
05-10 15:17:39.229  1505  3730 I ActivityTaskManager: START u0 {act=android.intent.action.MAIN cat=[android.intent.category.LAUNCHER] flg=0x10000000 cmp=com.android.chrome/org.chromium.chrome.browser.printing.PrintShareActivity} from uid 2000 pid 8189
05-10 15:17:39.290  1505  3730 I ActivityTaskManager: START u0 {act=android.intent.action.MAIN cat=[android.intent.category.LAUNCHER] flg=0x10000000 cmp=com.android.chrome/org.chromium.chrome.browser.send_tab_to_self.SendTabToSelfShareActivity} from uid 2000 pid 8194
05-10 15:17:39.366  1505  1968 I ActivityTaskManager: START u0 {act=android.intent.action.MAIN cat=[android.intent.category.LAUNCHER] flg=0x10000000 cmp=com.android.chrome/org.chromium.chrome.browser.browseractions.BrowserActionActivity} from uid 2000 pid 8210
05-10 15:17:39.438  1505 24250 I ActivityTaskManager: START u0 {act=android.intent.action.MAIN cat=[android.intent.category.LAUNCHER] flg=0x10000000 cmp=com.android.chrome/org.chromium.chrome.browser.browserservices.ManageTrustedWebActivityDataActivity} from uid 2000 pid 8217
05-10 15:17:39.444  1505 24250 D OpQuickReply: setQuickReplyResumed focusedApp AppWindowToken{e4eda79 token=Token{391eb40 ActivityRecord{93d36c3 u0 com.android.chrome/org.chromium.chrome.browser.browserservices.ManageTrustedWebActivityDataActivity t63862}}} pkgName com.android.chrome
05-10 15:17:39.471  1505  3026 W ActivityTaskManager: Duplicate finish request for ActivityRecord{93d36c3 u0 com.android.chrome/org.chromium.chrome.browser.browserservices.ManageTrustedWebActivityDataActivity t63862 f}
05-10 15:17:39.475  1505  3026 D OpQuickReply: setQuickReplyResumed focusedApp AppWindowToken{6f23b44 token=Token{2947457 ActivityRecord{cb469d6 u0 com.android.chrome/org.chromium.chrome.browser.ChromeTabbedActivity t63862}}} pkgName com.android.chrome
05-10 15:17:39.529  1505  3730 I ActivityTaskManager: START u0 {act=android.intent.action.MAIN cat=[android.intent.category.LAUNCHER] flg=0x10000000 cmp=com.android.chrome/org.chromium.chrome.browser.LauncherShortcutActivity} from uid 2000 pid 8227
05-10 15:17:39.529  1505  3730 W ActivityTaskManager: Permission Denial: starting Intent { act=android.intent.action.MAIN cat=[android.intent.category.LAUNCHER] flg=0x10000000 cmp=com.android.chrome/org.chromium.chrome.browser.LauncherShortcutActivity } from null (pid=8227, uid=2000) not exported from uid 10089
05-10 15:17:39.589  1505 12582 I ActivityTaskManager: START u0 {act=android.intent.action.MAIN cat=[android.intent.category.LAUNCHER] flg=0x10000000 cmp=com.android.chrome/org.chromium.chrome.browser.document.DocumentActivity} from uid 2000 pid 8234
05-10 15:17:39.667  1505  3026 I ActivityTaskManager: START u0 {act=android.intent.action.MAIN cat=[android.intent.category.LAUNCHER] flg=0x10000000 cmp=com.android.chrome/org.chromium.chrome.browser.document.IncognitoDocumentActivity} from uid 2000 pid 8242
05-10 15:17:39.714  1505  3026 I ActivityTaskManager: START u0 {act=android.intent.action.MAIN cat=[android.intent.category.LAUNCHER] flg=0x10000000 cmp=com.android.chrome/org.chromium.chrome.browser.customtabs.CustomTabActivity} from uid 2000 pid 8251
05-10 15:17:39.715  1505  3026 W ActivityTaskManager: Permission Denial: starting Intent { act=android.intent.action.MAIN cat=[android.intent.category.LAUNCHER] flg=0x10000000 cmp=com.android.chrome/org.chromium.chrome.browser.customtabs.CustomTabActivity } from null (pid=8251, uid=2000) not exported from uid 10089
05-10 15:17:39.749  1505 24250 I ActivityTaskManager: START u0 {act=android.intent.action.MAIN cat=[android.intent.category.LAUNCHER] flg=0x10000000 cmp=com.android.chrome/org.chromium.chrome.browser.customtabs.PaymentHandlerActivity} from uid 2000 pid 8259
05-10 15:17:39.750  1505 24250 W ActivityTaskManager: Permission Denial: starting Intent { act=android.intent.action.MAIN cat=[android.intent.category.LAUNCHER] flg=0x10000000 cmp=com.android.chrome/org.chromium.chrome.browser.customtabs.PaymentHandlerActivity } from null (pid=8259, uid=2000) not exported from uid 10089
05-10 15:17:39.793  1505 24250 I ActivityTaskManager: START u0 {act=android.intent.action.MAIN cat=[android.intent.category.LAUNCHER] flg=0x10000000 cmp=com.android.chrome/org.chromium.chrome.browser.customtabs.SeparateTaskCustomTabActivity} from uid 2000 pid 8266
05-10 15:17:39.794  1505 24250 W ActivityTaskManager: Permission Denial: starting Intent { act=android.intent.action.MAIN cat=[android.intent.category.LAUNCHER] flg=0x10000000 cmp=com.android.chrome/org.chromium.chrome.browser.customtabs.SeparateTaskCustomTabActivity } from null (pid=8266, uid=2000) not exported from uid 10089
05-10 15:17:39.830  1505 24250 I ActivityTaskManager: START u0 {act=android.intent.action.MAIN cat=[android.intent.category.LAUNCHER] flg=0x10000000 cmp=com.android.chrome/org.chromium.chrome.browser.incognito.IncognitoDisclosureActivity} from uid 2000 pid 8274
05-10 15:17:39.868  1505  8640 I ActivityTaskManager: START u0 {act=android.intent.action.MAIN cat=[android.intent.category.LAUNCHER] flg=0x10000000 cmp=com.android.chrome/org.chromium.chrome.browser.ChromeTabbedActivity2} from uid 2000 pid 8279
05-10 15:17:39.868  1505  8640 W ActivityTaskManager: Permission Denial: starting Intent { act=android.intent.action.MAIN cat=[android.intent.category.LAUNCHER] flg=0x10000000 cmp=com.android.chrome/org.chromium.chrome.browser.ChromeTabbedActivity2 } from null (pid=8279, uid=2000) not exported from uid 10089
05-10 15:17:39.908  1505 24250 I ActivityTaskManager: START u0 {act=android.intent.action.MAIN cat=[android.intent.category.LAUNCHER] flg=0x10000000 cmp=com.android.chrome/org.chromium.chrome.browser.multiwindow.MultiInstanceChromeTabbedActivity} from uid 2000 pid 8285
05-10 15:17:39.909  1505 24250 W ActivityTaskManager: Permission Denial: starting Intent { act=android.intent.action.MAIN cat=[android.intent.category.LAUNCHER] flg=0x10000000 cmp=com.android.chrome/org.chromium.chrome.browser.multiwindow.MultiInstanceChromeTabbedActivity } from null (pid=8285, uid=2000) not exported from uid 10089
05-10 15:17:39.912  1505  1562 I ActivityManager: Start proc 8289:com.android.chrome:sandboxed_process0:org.chromium.content.app.SandboxedProcessService0:108/u0ai0 for  {com.android.chrome/org.chromium.content.app.SandboxedProcessService0:108}
05-10 15:17:39.936  1505 24250 I ActivityManager: Killing 8289:com.android.chrome:sandboxed_process0:org.chromium.content.app.SandboxedProcessService0:108/u0a89i-9000 (adj 905): isolated not needed
05-10 15:17:39.938  1505  1562 I ActivityManager: Start proc 8310:com.android.chrome:sandboxed_process0:org.chromium.content.app.SandboxedProcessService0:108/u0ai1 for  {com.android.chrome/org.chromium.content.app.SandboxedProcessService0:108}
05-10 15:17:39.951  1505  8640 I ActivityTaskManager: START u0 {act=android.intent.action.MAIN cat=[android.intent.category.LAUNCHER] flg=0x10000000 cmp=com.android.chrome/org.chromium.chrome.browser.vr.VrFirstRunActivity} from uid 2000 pid 8317
05-10 15:17:39.951  1505  8640 W ActivityTaskManager: Permission Denial: starting Intent { act=android.intent.action.MAIN cat=[android.intent.category.LAUNCHER] flg=0x10000000 cmp=com.android.chrome/org.chromium.chrome.browser.vr.VrFirstRunActivity } from null (pid=8317, uid=2000) not exported from uid 10089
05-10 15:17:39.969  1505  1562 I ActivityManager: Start proc 8333:com.android.chrome:sandboxed_process0:org.chromium.content.app.SandboxedProcessService0:109/u0ai2 for  {com.android.chrome/org.chromium.content.app.SandboxedProcessService0:109}
05-10 15:17:39.989  1505  8640 I ActivityTaskManager: START u0 {act=android.intent.action.MAIN cat=[android.intent.category.LAUNCHER] flg=0x10000000 cmp=com.android.chrome/org.chromium.chrome.browser.signin.SigninActivity} from uid 2000 pid 8353
05-10 15:17:39.989  1505  8640 W ActivityTaskManager: Permission Denial: starting Intent { act=android.intent.action.MAIN cat=[android.intent.category.LAUNCHER] flg=0x10000000 cmp=com.android.chrome/org.chromium.chrome.browser.signin.SigninActivity } from null (pid=8353, uid=2000) not exported from uid 10089
05-10 15:17:39.993  1505 24250 I ActivityManager: Killing 8333:com.android.chrome:sandboxed_process0:org.chromium.content.app.SandboxedProcessService0:109/u0a89i-8998 (adj 905): isolated not needed
05-10 15:17:39.999  1505  1562 I ActivityManager: Start proc 8357:com.android.chrome:sandboxed_process0:org.chromium.content.app.SandboxedProcessService0:109/u0ai3 for  {com.android.chrome/org.chromium.content.app.SandboxedProcessService0:109}
05-10 15:17:40.031  1505 24250 I ActivityTaskManager: START u0 {act=android.intent.action.MAIN cat=[android.intent.category.LAUNCHER] flg=0x10000000 cmp=com.android.chrome/org.chromium.chrome.browser.preferences.Preferences} from uid 2000 pid 8379
05-10 15:17:40.071  1505 24250 I ActivityTaskManager: START u0 {act=android.intent.action.MAIN cat=[android.intent.category.LAUNCHER] flg=0x10000000 cmp=com.android.chrome/org.chromium.chrome.browser.preferences.website.ManageSpaceActivity} from uid 2000 pid 8389
05-10 15:17:40.104  1505 24250 I ActivityTaskManager: START u0 {act=android.intent.action.MAIN cat=[android.intent.category.LAUNCHER] flg=0x10000000 cmp=com.android.chrome/org.chromium.chrome.browser.bookmarks.BookmarkActivity} from uid 2000 pid 8406
05-10 15:17:40.104  1505 24250 W ActivityTaskManager: Permission Denial: starting Intent { act=android.intent.action.MAIN cat=[android.intent.category.LAUNCHER] flg=0x10000000 cmp=com.android.chrome/org.chromium.chrome.browser.bookmarks.BookmarkActivity } from null (pid=8406, uid=2000) not exported from uid 10089
05-10 15:17:40.136  1505 24250 I ActivityTaskManager: START u0 {act=android.intent.action.MAIN cat=[android.intent.category.LAUNCHER] flg=0x10000000 cmp=com.android.chrome/org.chromium.chrome.browser.bookmarks.BookmarkEditActivity} from uid 2000 pid 8412
05-10 15:17:40.136  1505 24250 W ActivityTaskManager: Permission Denial: starting Intent { act=android.intent.action.MAIN cat=[android.intent.category.LAUNCHER] flg=0x10000000 cmp=com.android.chrome/org.chromium.chrome.browser.bookmarks.BookmarkEditActivity } from null (pid=8412, uid=2000) not exported from uid 10089
05-10 15:17:40.170  1505 24250 I ActivityTaskManager: START u0 {act=android.intent.action.MAIN cat=[android.intent.category.LAUNCHER] flg=0x10000000 cmp=com.android.chrome/org.chromium.chrome.browser.bookmarks.BookmarkAddEditFolderActivity} from uid 2000 pid 8417
05-10 15:17:40.171  1505 24250 W ActivityTaskManager: Permission Denial: starting Intent { act=android.intent.action.MAIN cat=[android.intent.category.LAUNCHER] flg=0x10000000 cmp=com.android.chrome/org.chromium.chrome.browser.bookmarks.BookmarkAddEditFolderActivity } from null (pid=8417, uid=2000) not exported from uid 10089
05-10 15:17:40.204  1505 24250 I ActivityTaskManager: START u0 {act=android.intent.action.MAIN cat=[android.intent.category.LAUNCHER] flg=0x10000000 cmp=com.android.chrome/org.chromium.chrome.browser.bookmarks.BookmarkFolderSelectActivity} from uid 2000 pid 8422
05-10 15:17:40.204  1505 24250 W ActivityTaskManager: Permission Denial: starting Intent { act=android.intent.action.MAIN cat=[android.intent.category.LAUNCHER] flg=0x10000000 cmp=com.android.chrome/org.chromium.chrome.browser.bookmarks.BookmarkFolderSelectActivity } from null (pid=8422, uid=2000) not exported from uid 10089
05-10 15:17:40.232  1505 24250 I ActivityTaskManager: START u0 {act=android.intent.action.MAIN cat=[android.intent.category.LAUNCHER] flg=0x10000000 cmp=com.android.chrome/org.chromium.chrome.browser.download.DownloadActivity} from uid 2000 pid 8428
05-10 15:17:40.233  1505 24250 W ActivityTaskManager: Permission Denial: starting Intent { act=android.intent.action.MAIN cat=[android.intent.category.LAUNCHER] flg=0x10000000 cmp=com.android.chrome/org.chromium.chrome.browser.download.DownloadActivity } from null (pid=8428, uid=2000) not exported from uid 10089
05-10 15:17:40.262  1505 24250 I ActivityTaskManager: START u0 {act=android.intent.action.MAIN cat=[android.intent.category.LAUNCHER] flg=0x10000000 cmp=com.android.chrome/org.chromium.chrome.browser.history.HistoryActivity} from uid 2000 pid 8433
05-10 15:17:40.262  1505 24250 W ActivityTaskManager: Permission Denial: starting Intent { act=android.intent.action.MAIN cat=[android.intent.category.LAUNCHER] flg=0x10000000 cmp=com.android.chrome/org.chromium.chrome.browser.history.HistoryActivity } from null (pid=8433, uid=2000) not exported from uid 10089
05-10 15:17:40.291  1505 24250 I ActivityTaskManager: START u0 {act=android.intent.action.MAIN cat=[android.intent.category.LAUNCHER] flg=0x10000000 cmp=com.android.chrome/org.chromium.chrome.browser.webapps.WebappActivity} from uid 2000 pid 8438
05-10 15:17:40.291  1505 24250 W ActivityTaskManager: Permission Denial: starting Intent { act=android.intent.action.MAIN cat=[android.intent.category.LAUNCHER] flg=0x10000000 cmp=com.android.chrome/org.chromium.chrome.browser.webapps.WebappActivity } from null (pid=8438, uid=2000) not exported from uid 10089
05-10 15:17:40.323  1505 24250 I ActivityTaskManager: START u0 {act=android.intent.action.MAIN cat=[android.intent.category.LAUNCHER] flg=0x10000000 cmp=com.android.chrome/org.chromium.chrome.browser.webapps.WebappActivity0} from uid 2000 pid 8445
05-10 15:17:40.323  1505 24250 W ActivityTaskManager: Permission Denial: starting Intent { act=android.intent.action.MAIN cat=[android.intent.category.LAUNCHER] flg=0x10000000 cmp=com.android.chrome/org.chromium.chrome.browser.webapps.WebappActivity0 } from null (pid=8445, uid=2000) not exported from uid 10089
05-10 15:17:40.354  1505 12582 I ActivityTaskManager: START u0 {act=android.intent.action.MAIN cat=[android.intent.category.LAUNCHER] flg=0x10000000 cmp=com.android.chrome/org.chromium.chrome.browser.webapps.WebappActivity1} from uid 2000 pid 8450
05-10 15:17:40.354  1505 12582 W ActivityTaskManager: Permission Denial: starting Intent { act=android.intent.action.MAIN cat=[android.intent.category.LAUNCHER] flg=0x10000000 cmp=com.android.chrome/org.chromium.chrome.browser.webapps.WebappActivity1 } from null (pid=8450, uid=2000) not exported from uid 10089
05-10 15:17:40.392  1505 12582 I ActivityTaskManager: START u0 {act=android.intent.action.MAIN cat=[android.intent.category.LAUNCHER] flg=0x10000000 cmp=com.android.chrome/org.chromium.chrome.browser.webapps.WebappActivity2} from uid 2000 pid 8456
05-10 15:17:40.392  1505 12582 W ActivityTaskManager: Permission Denial: starting Intent { act=android.intent.action.MAIN cat=[android.intent.category.LAUNCHER] flg=0x10000000 cmp=com.android.chrome/org.chromium.chrome.browser.webapps.WebappActivity2 } from null (pid=8456, uid=2000) not exported from uid 10089
05-10 15:17:40.436  1505 12582 I ActivityTaskManager: START u0 {act=android.intent.action.MAIN cat=[android.intent.category.LAUNCHER] flg=0x10000000 cmp=com.android.chrome/org.chromium.chrome.browser.webapps.WebappActivity3} from uid 2000 pid 8462
05-10 15:17:40.436  1505 12582 W ActivityTaskManager: Permission Denial: starting Intent { act=android.intent.action.MAIN cat=[android.intent.category.LAUNCHER] flg=0x10000000 cmp=com.android.chrome/org.chromium.chrome.browser.webapps.WebappActivity3 } from null (pid=8462, uid=2000) not exported from uid 10089
